
OpenSBI v1.8.1
   ____                    _____ ____ _____
  / __ \                  / ____|  _ \_   _|
 | |  | |_ __   ___ _ __ | (___ | |_) || |
 | |  | | '_ \ / _ \ '_ \ \___ \|  _ < | |
 | |__| | |_) |  __/ | | |____) | |_) || |_
  \____/| .__/ \___|_| |_|_____/|____/_____|
        | |
        |_|

Platform Name               : riscv-virtio,qemu
Platform Features           : medeleg
Platform HART Count         : 1
Platform HART Protection    : pmp
Platform IPI Device         : aclint-mswi
Platform Timer Device       : aclint-mtimer @ 10000000Hz
Platform Console Device     : uart8250
Platform HSM Device         : ---
Platform PMU Device         : ---
Platform Reboot Device      : syscon-reboot
Platform Shutdown Device    : syscon-poweroff
Platform Suspend Device     : ---
Platform CPPC Device        : ---
Firmware Base               : 0x80000000
Firmware Size               : 321 KB
Firmware RW Offset          : 0x40000
Firmware RW Size            : 65 KB
Firmware Heap Offset        : 0x47000
Firmware Heap Size          : 37 KB (total), 0 KB (reserved), 12 KB (used), 23 KB (free)
Firmware Scratch Size       : 4096 B (total), 1464 B (used), 2632 B (free)
Runtime SBI Version         : 3.0
Standard SBI Extensions     : time,rfnc,ipi,base,hsm,srst,pmu,dbcn,fwft,legacy,dbtr,sse
Experimental SBI Extensions : none

Domain0 Name                : root
Domain0 Boot HART           : 0
Domain0 HARTs               : 0*
Domain0 Region00            : 0x0000000080040000-0x000000008005ffff M: (F,R,W) S/U: ()
Domain0 Region01            : 0x0000000080000000-0x000000008003ffff M: (F,R,X) S/U: ()
Domain0 Region02            : 0x0000000000100000-0x0000000000100fff M: (I,R,W) S/U: (R,W)
Domain0 Region03            : 0x0000000010000000-0x0000000010000fff M: (I,R,W) S/U: (R,W)
Domain0 Region04            : 0x0000000002000000-0x000000000200ffff M: (I,R,W) S/U: ()
Domain0 Region05            : 0x000000000c400000-0x000000000c5fffff M: (I,R,W) S/U: (R,W)
Domain0 Region06            : 0x000000000c000000-0x000000000c3fffff M: (I,R,W) S/U: (R,W)
Domain0 Region07            : 0x0000000000000000-0xffffffffffffffff M: () S/U: (R,W,X)
Domain0 Next Address        : 0x0000000080200000
Domain0 Next Arg1           : 0x00000000ffe00000
Domain0 Next Mode           : S-mode
Domain0 SysReset            : yes
Domain0 SysSuspend          : yes

Boot HART ID                : 0
Boot HART Domain            : root
Boot HART Priv Version      : v1.12
Boot HART Base ISA          : rv64imafdch
Boot HART ISA Extensions    : sstc,zicntr,zihpm,zicboz,zicbom,sdtrig,svadu
Boot HART PMP Count         : 16
Boot HART PMP Granularity   : 2 bits
Boot HART PMP Address Bits  : 54
Boot HART MHPM Info         : 16 (0x0007fff8)
Boot HART Debug Triggers    : 2 triggers
Boot HART MIDELEG           : 0x0000000000001666
Boot HART MEDELEG           : 0x0000000000f4b509
[    0.000000] Booting Linux on hartid 0
[    0.000000] Linux version 6.18.52 (nixbld@localhost) (riscv64-unknown-linux-gnu-gcc (GCC) 15.3.0, GNU ld (GNU Binutils) 2.46) #1-NixOS SMP PREEMPT Mon Sep 14 11:36:19 UTC 2026
[    0.000000] random: crng init done
[    0.000000] Machine model: riscv-virtio,qemu
[    0.000000] SBI specification v3.0 detected
[    0.000000] SBI implementation ID=0x1 Version=0x10008
[    0.000000] SBI TIME extension detected
[    0.000000] SBI IPI extension detected
[    0.000000] SBI RFENCE extension detected
[    0.000000] SBI SRST extension detected
[    0.000000] SBI DBCN extension detected
[    0.000000] SBI FWFT extension detected
[    0.000000] earlycon: sbi0 at I/O port 0x0 (options '')
[    0.000000] printk: legacy bootconsole [sbi0] enabled
[    0.000000] efi: UEFI not found.
[    0.000000] cma: Reserved 16 MiB at 0x00000000fee00000
[    0.000000] OF: reserved mem: 0x0000000080000000..0x000000008003ffff (256 KiB) nomap non-reusable mmode_resv1@80000000
[    0.000000] OF: reserved mem: 0x0000000080040000..0x000000008005ffff (128 KiB) nomap non-reusable mmode_resv0@80040000
[    0.000000] NUMA: Faking a node at [mem 0x0000000080000000-0x00000000ffffffff]
[    0.000000] NODE_DATA(0) allocated [mem 0xfffee9c0-0xffff087f]
[    0.000000] Zone ranges:
[    0.000000]   DMA32    [mem 0x0000000080000000-0x00000000ffffffff]
[    0.000000]   Normal   empty
[    0.000000] Movable zone start for each node
[    0.000000] Early memory node ranges
[    0.000000]   node   0: [mem 0x0000000080000000-0x000000008005ffff]
[    0.000000]   node   0: [mem 0x0000000080060000-0x00000000ffffffff]
[    0.000000] Initmem setup node 0 [mem 0x0000000080000000-0x00000000ffffffff]
[    0.000000] SBI HSM extension detected
[    0.000000] riscv: base ISA extensions acdfhim
[    0.000000] riscv: ELF capabilities acdfim
[    0.000000] Queued spinlock using Ziccrse: enabled
[    0.000000] percpu: Embedded 69 pages/cpu s157528 r8192 d116904 u282624
[    0.000000] Kernel command line: console=ttyS0 earlycon=sbi rdinit=/init panic=-1 k230.root_growth_guest=1
[    0.000000] printk: log buffer data + meta data: 131072 + 458752 = 589824 bytes
[    0.000000] Dentry cache hash table entries: 262144 (order: 9, 2097152 bytes, linear)
[    0.000000] Inode-cache hash table entries: 131072 (order: 8, 1048576 bytes, linear)
[    0.000000] software IO TLB: SWIOTLB bounce buffer size adjusted to 2MB
[    0.000000] software IO TLB: area num 1.
[    0.000000] software IO TLB: mapped [mem 0x00000000fa800000-0x00000000faa00000] (2MB)
[    0.000000] Fallback order for Node 0: 0
[    0.000000] Built 1 zonelists, mobility grouping on.  Total pages: 524288
[    0.000000] Policy zone: DMA32
[    0.000000] mem auto-init: stack:all(zero), heap alloc:on, heap free:off
[    0.000000] SLUB: HWalign=64, Order=0-3, MinObjects=0, CPUs=1, Nodes=1
[    0.000000] allocated 4194304 bytes of page_ext
[    0.000000] ftrace: allocating 50970 entries in 200 pages
[    0.000000] ftrace: allocated 200 pages with 3 groups
[    0.000000] rcu: Hierarchical RCU implementation.
[    0.000000] rcu: 	RCU event tracing is enabled.
[    0.000000] rcu: 	RCU restricting CPUs from NR_CPUS=64 to nr_cpu_ids=1.
[    0.000000] 	Trampoline variant of Tasks RCU enabled.
[    0.000000] 	Rude variant of Tasks RCU enabled.
[    0.000000] 	Tracing variant of Tasks RCU enabled.
[    0.000000] rcu: RCU calculated value of scheduler-enlistment delay is 25 jiffies.
[    0.000000] rcu: Adjusting geometry for rcu_fanout_leaf=16, nr_cpu_ids=1
[    0.000000] RCU Tasks: Setting shift to 0 and lim to 1 rcu_task_cb_adjust=1 rcu_task_cpu_ids=1.
[    0.000000] RCU Tasks Rude: Setting shift to 0 and lim to 1 rcu_task_cb_adjust=1 rcu_task_cpu_ids=1.
[    0.000000] RCU Tasks Trace: Setting shift to 0 and lim to 1 rcu_task_cb_adjust=1 rcu_task_cpu_ids=1.
[    0.000000] NR_IRQS: 64, nr_irqs: 64, preallocated irqs: 0
[    0.000000] riscv-intc: 64 local interrupts mapped
[    0.000000] riscv: providing IPIs using SBI IPI extension
[    0.000000] rcu: srcu_init: Setting srcu_struct sizes based on contention.
[    0.000000] clocksource: jiffies: mask: 0xffffffff max_cycles: 0xffffffff, max_idle_ns: 7645041785100000 ns
[    0.000000] clocksource: riscv_clocksource: mask: 0xffffffffffffffff max_cycles: 0x24e6a1710, max_idle_ns: 440795202120 ns
[    0.000057] sched_clock: 64 bits at 10MHz, resolution 100ns, wraps every 4398046511100ns
[    0.000440] riscv-timer: Timer interrupt in S-mode is available via sstc extension
[    0.005485] kfence: initialized - using 2097152 bytes for 255 objects at 0x(____ptrval____)-0x(____ptrval____)
[    0.011419] Console: colour dummy device 80x25
[    0.014033] Calibrating delay loop (skipped), value calculated using timer frequency.. 20.00 BogoMIPS (lpj=40000)
[    0.014480] pid_max: default: 32768 minimum: 301
[    0.016630] LSM: initializing lsm=capability,landlock,yama,ipe,ima
[    0.018550] landlock: Up and running.
[    0.018704] Yama: becoming mindful.
[    0.020847] Mount-cache hash table entries: 4096 (order: 3, 32768 bytes, linear)
[    0.021094] Mountpoint-cache hash table entries: 4096 (order: 3, 32768 bytes, linear)
[    0.060361] riscv: ELF compat mode supported
[    0.060693] ASID allocator using 16 bits (65536 entries)
[    0.062451] rcu: Hierarchical SRCU implementation.
[    0.062654] rcu: 	Max phase no-delay instances is 1000.
[    0.068440] EFI services will not be available.
[    0.071038] smp: Bringing up secondary CPUs ...
[    0.071870] smp: Brought up 1 node, 1 CPU
[    0.077799] Memory: 1806152K/2097152K available (15451K kernel code, 7915K rwdata, 12288K rodata, 9199K init, 805K bss, 264580K reserved, 16384K cma-reserved)
[    0.087236] devtmpfs: initialized
[    0.099601] posixtimers hash table entries: 512 (order: 1, 8192 bytes, linear)
[    0.100189] futex hash table entries: 256 (16384 bytes on 1 NUMA nodes, total 16 KiB, linear).
[    0.104255] pinctrl core: initialized pinctrl subsystem
[    0.111197] DMI not present or invalid.
[    0.116116] NET: Registered PF_NETLINK/PF_ROUTE protocol family
[    0.126041] DMA: preallocated 256 KiB GFP_KERNEL pool for atomic allocations
[    0.126984] DMA: preallocated 256 KiB GFP_KERNEL|GFP_DMA32 pool for atomic allocations
[    0.127454] audit: initializing netlink subsys (disabled)
[    0.132935] audit: type=2000 audit(0.120:1): state=initialized audit_enabled=0 res=1
[    0.134096] thermal_sys: Registered thermal governor 'fair_share'
[    0.134142] thermal_sys: Registered thermal governor 'bang_bang'
[    0.134322] thermal_sys: Registered thermal governor 'step_wise'
[    0.134476] thermal_sys: Registered thermal governor 'user_space'
[    0.134625] thermal_sys: Registered thermal governor 'power_allocator'
[    0.135076] cpuidle: using governor ladder
[    0.135475] cpuidle: using governor menu
[    0.137401] SBI misaligned access exception delegation ok
[    0.161152] cpu0: Ratio of byte access time to unaligned word access is 7.33, unaligned accesses are fast
[    0.198303] HugeTLB: registered 1.00 GiB page size, pre-allocated 0 pages
[    0.198575] HugeTLB: 16380 KiB vmemmap can be freed for a 1.00 GiB page
[    0.198758] HugeTLB: registered 2.00 MiB page size, pre-allocated 0 pages
[    0.198926] HugeTLB: 28 KiB vmemmap can be freed for a 2.00 MiB page
[    0.214923] ACPI: Interpreter disabled.
[    0.222196] iommu: Default domain type: Translated
[    0.222453] iommu: DMA domain TLB invalidation policy: strict mode
[    0.226129] SCSI subsystem initialized
[    0.236142] usbcore: registered new interface driver usbfs
[    0.236680] usbcore: registered new interface driver hub
[    0.237038] usbcore: registered new device driver usb
[    0.240505] Advanced Linux Sound Architecture Driver Initialized.
[    0.269789] vgaarb: loaded
[    0.272577] clocksource: Switched to clocksource riscv_clocksource
[    0.373743] VFS: Disk quotas dquot_6.6.0
[    0.374168] VFS: Dquot-cache hash table entries: 512 (order 0, 4096 bytes)
[    0.376088] netfs: FS-Cache loaded
[    0.377755] pnp: PnP ACPI: disabled
[    0.407834] NET: Registered PF_INET protocol family
[    0.409137] IP idents hash table entries: 32768 (order: 6, 262144 bytes, linear)
[    0.475591] tcp_listen_portaddr_hash hash table entries: 1024 (order: 2, 16384 bytes, linear)
[    0.476052] Table-perturb hash table entries: 65536 (order: 6, 262144 bytes, linear)
[    0.477124] TCP established hash table entries: 16384 (order: 5, 131072 bytes, linear)
[    0.477769] TCP bind hash table entries: 16384 (order: 7, 524288 bytes, linear)
[    0.478321] TCP: Hash tables configured (established 16384 bind 16384)
[    0.479825] MPTCP token hash table entries: 2048 (order: 4, 49152 bytes, linear)
[    0.480453] UDP hash table entries: 1024 (order: 4, 65536 bytes, linear)
[    0.480863] UDP-Lite hash table entries: 1024 (order: 4, 65536 bytes, linear)
[    0.482602] NET: Registered PF_UNIX/PF_LOCAL protocol family
[    0.483137] NET: Registered PF_XDP protocol family
[    0.483466] PCI: CLS 0 bytes, default 64
[    0.487669] Trying to unpack rootfs image as initramfs...
[    0.495037] Initialise system trusted keyrings
[    0.500770] workingset: timestamp_bits=44 max_order=19 bucket_order=0
[    0.512959] 9p: Installing v9fs 9p2000 file system support
[    0.660036] Key type asymmetric registered
[    0.660410] Asymmetric key parser 'x509' registered
[    0.660910] Block layer SCSI generic (bsg) driver version 0.4 loaded (major 242)
[    0.669078] io scheduler mq-deadline registered
[    0.669337] io scheduler kyber registered
[    0.680569] riscv-plic: interrupt-controller@c000000: mapped 95 interrupts with 1 handlers for 2 contexts.
[    0.684786] pci-host-generic 30000000.pci: host bridge /soc/pci@30000000 ranges:
[    0.685685] pci-host-generic 30000000.pci:       IO 0x0003000000..0x000300ffff -> 0x0000000000
[    0.686381] pci-host-generic 30000000.pci:      MEM 0x0040000000..0x007fffffff -> 0x0040000000
[    0.686677] pci-host-generic 30000000.pci:      MEM 0x0400000000..0x07ffffffff -> 0x0400000000
[    0.687736] pci-host-generic 30000000.pci: Memory resource size exceeds max for 32 bits
[    0.696675] pci-host-generic 30000000.pci: ECAM at [mem 0x30000000-0x3fffffff] for [bus 00-ff]
[    0.698357] pci-host-generic 30000000.pci: PCI host bridge to bus 0000:00
[    0.698858] pci_bus 0000:00: root bus resource [bus 00-ff]
[    0.699095] pci_bus 0000:00: root bus resource [io  0x0000-0xffff]
[    0.699306] pci_bus 0000:00: root bus resource [mem 0x40000000-0x7fffffff]
[    0.699485] pci_bus 0000:00: root bus resource [mem 0x400000000-0x7ffffffff]
[    0.700998] pci 0000:00:00.0: [1b36:0008] type 00 class 0x060000 conventional PCI endpoint
[    0.714296] pci_bus 0000:00: resource 4 [io  0x0000-0xffff]
[    0.714559] pci_bus 0000:00: resource 5 [mem 0x40000000-0x7fffffff]
[    0.714750] pci_bus 0000:00: resource 6 [mem 0x400000000-0x7ffffffff]
[    0.928717] Serial: 8250/16550 driver, 4 ports, IRQ sharing disabled
[    0.953392] printk: legacy console [ttyS0] disabled
[    0.957592] 10000000.serial: ttyS0 at MMIO 0x10000000 (irq = 12, base_baud = 230400) is a 16550A
[    0.959231] printk: legacy console [ttyS0] enabled
[    0.959231] printk: legacy console [ttyS0] enabled
[    0.959934] printk: legacy bootconsole [sbi0] disabled
[    0.959934] printk: legacy bootconsole [sbi0] disabled
[    1.014814] loop: module loaded
[    1.015795] virtio_blk virtio0: 1/0/0 default/read/poll queues
[    1.018630] virtio_blk virtio0: [vda] 1048576 512-byte logical blocks (537 MB/512 MiB)
[    1.061374] usbcore: registered new interface driver uas
[    1.061789] usbcore: registered new interface driver usb-storage
[    1.062399] usbcore: registered new interface driver usbserial_generic
[    1.062804] usbserial: USB Serial support registered for generic
[    1.068605] mousedev: PS/2 mouse device common for all mice
[    1.071868] goldfish_rtc 101000.rtc: registered as rtc0
[    1.072591] goldfish_rtc 101000.rtc: setting system clock to 2026-09-23T20:38:23 UTC (1790195903)
[    1.086576] sdhci: Secure Digital Host Controller Interface driver
[    1.086843] sdhci: Copyright(c) Pierre Ossman
[    1.087061] Synopsys Designware Multimedia Card Interface Driver
[    1.087669] sdhci-pltfm: SDHCI platform and OF driver helper
[    1.088767] hid: raw HID events driver (C) Jiri Kosina
[    1.090500] usbcore: registered new interface driver usbhid
[    1.090691] usbhid: USB HID core driver
[    1.091611] riscv-pmu-sbi: SBI PMU extension is available
[    1.092261] riscv-pmu-sbi: 16 firmware and 18 hardware counters
[    1.104634] riscv-pmu-sbi: Perf sampling/filtering is not supported as sscof extension is not available
[    1.110623] drop_monitor: Initializing network drop monitor service
[    1.112604] NET: Registered PF_INET6 protocol family
[    1.127730] Segment Routing with IPv6
[    1.128152] In-situ OAM (IOAM) with IPv6
[    1.133056] sit: IPv6, IPv4 and MPLS over IPv4 tunneling driver
[    1.139730] NET: Registered PF_PACKET protocol family
[    1.153829] 9pnet: Installing 9P2000 support
[    1.155201] Key type dns_resolver registered
[    1.229769] registered taskstats version 1
[    1.233121] Loading compiled-in X.509 certificates
[    1.348873] Demotion targets for Node 0: null
[    1.350540] Key type .fscrypt registered
[    1.350728] Key type fscrypt-provisioning registered
[    1.362348] ima: No TPM chip found, activating TPM-bypass!
[    1.362707] ima: Allocated hash algorithm: sha1
[    1.364985] ima: No architecture policies found
[    1.369913] clk: Disabling unused clocks
[    1.370267] PM: genpd: Disabling unused power domains
[    1.370567] ALSA device list:
[    1.370756]   No soundcards found.
[    7.066260] Freeing initrd memory: 143676K
[    7.141663] Freeing unused kernel image (initmem) memory: 9196K
[    7.142676] Run /init as init process
[    9.276648]  vda: vda1 vda2
[    9.741883] EXT4-fs (vda2): mounted filesystem 2ce7067e-6754-4b81-a30b-84aff2994e7e r/w with ordered data mode. Quota mode: none.
K230_ROOT_GROWTH_TOOL {"argv": ["growpart", "--fudge", "0", "/dev/vda", "2"], "code": 0, "stdout": "CHANGED: partition=2 start=262144 old: size=262144 end=524287 new: size=786399 end=1048542\n", "stderr": ""}
[   13.058636] EXT4-fs (vda2): resizing filesystem from 131072 to 393196 blocks
[   13.086288] EXT4-fs (vda2): resized filesystem to 393196
K230_ROOT_GROWTH_TOOL {"argv": ["resize2fs", "/dev/vda2"], "code": 0, "stdout": "Filesystem at /dev/vda2 is mounted on /mnt/root-test; on-line resizing required\nold_desc_blocks = 1, new_desc_blocks = 3\nThe filesystem on /dev/vda2 is now 393196 (1k) blocks long.\n\n", "stderr": "resize2fs 1.47.4 (6-Mar-2025)\n"}
K230_ROOT_GROWTH_TOOL {"argv": ["growpart", "--fudge", "0", "/dev/vda", "2"], "code": 1, "stdout": "NOCHANGE: partition 2 is size 786399. it cannot be grown\n", "stderr": ""}
K230_ROOT_GROWTH_TOOL {"argv": ["resize2fs", "/dev/vda2"], "code": 0, "stdout": "", "stderr": "resize2fs 1.47.4 (6-Mar-2025)\nThe filesystem is already 393196 (1k) blocks long.  Nothing to do!\n\n"}
K230_ROOT_GROWTH_CASE growth-and-repeat PASS
[   16.757793] EXT4-fs (vda2): unmounting filesystem 2ce7067e-6754-4b81-a30b-84aff2994e7e.
[   17.338761]  vda: vda1 vda2
[   18.261229] EXT4-fs (vda2): mounted filesystem da83d1f0-9aa6-44ba-bfcc-e56f658f5741 r/w with ordered data mode. Quota mode: none.
K230_ROOT_GROWTH_TOOL {"argv": ["growpart", "--fudge", "0", "/dev/vda", "2"], "code": 1, "stdout": "NOCHANGE: partition 2 could only be grown by -33 [fudge=0]\n", "stderr": ""}
K230_ROOT_GROWTH_TOOL {"argv": ["resize2fs", "/dev/vda2"], "code": 0, "stdout": "", "stderr": "resize2fs 1.47.4 (6-Mar-2025)\nThe filesystem is already 393216 (1k) blocks long.  Nothing to do!\n\n"}
K230_ROOT_GROWTH_TOOL {"argv": ["growpart", "--fudge", "0", "/dev/vda", "2"], "code": 1, "stdout": "NOCHANGE: partition 2 could only be grown by -33 [fudge=0]\n", "stderr": ""}
K230_ROOT_GROWTH_TOOL {"argv": ["resize2fs", "/dev/vda2"], "code": 0, "stdout": "", "stderr": "resize2fs 1.47.4 (6-Mar-2025)\nThe filesystem is already 393216 (1k) blocks long.  Nothing to do!\n\n"}
K230_ROOT_GROWTH_CASE already-full PASS
[   24.318615] EXT4-fs (vda2): unmounting filesystem da83d1f0-9aa6-44ba-bfcc-e56f658f5741.
[   24.841075]  vda: vda1 vda2
[   25.168280] EXT4-fs (vda2): mounted filesystem 6026b8f9-0ce3-4e3b-95c0-0a495c5e9a2c r/w with ordered data mode. Quota mode: none.
K230_ROOT_GROWTH_CASE wrong-label PASS
[   31.825994] EXT4-fs (vda2): unmounting filesystem 6026b8f9-0ce3-4e3b-95c0-0a495c5e9a2c.
[   32.474787]  vda: vda1 vda2 vda3
[   32.773884] EXT4-fs (vda2): mounted filesystem 1637dc48-75b1-46e8-b0d7-87df25ecfc95 r/w with ordered data mode. Quota mode: none.
K230_ROOT_GROWTH_CASE later-partition PASS
[   40.557574] EXT4-fs (vda2): unmounting filesystem 1637dc48-75b1-46e8-b0d7-87df25ecfc95.
[   41.411697]  vda: vda1 vda2
[   41.937926] EXT4-fs (vda2): mounted filesystem 09f83e10-b476-4ac0-a80a-40f8621b706f r/w without journal. Quota mode: none.
K230_ROOT_GROWTH_CASE unsupported-filesystem PASS
[   49.293069] EXT4-fs (vda2): unmounting filesystem 09f83e10-b476-4ac0-a80a-40f8621b706f.
[   49.974951]  vda: vda1 vda2
[   50.832925] EXT4-fs (vda2): mounted filesystem 10a328ae-d111-4843-9a28-4f0d0f29434e r/w with ordered data mode. Quota mode: none.
K230_ROOT_GROWTH_CASE partition-tool-failure PASS
[   57.667755] EXT4-fs (vda2): unmounting filesystem 10a328ae-d111-4843-9a28-4f0d0f29434e.
[   58.229700]  vda: vda1 vda2
[   58.728709] EXT4-fs (vda2): mounted filesystem afb60527-640b-4a62-8aec-1a0184845117 r/w with ordered data mode. Quota mode: none.
K230_ROOT_GROWTH_TOOL {"argv": ["growpart", "--fudge", "0", "/dev/vda", "2"], "code": 0, "stdout": "CHANGED: partition=2 start=262144 old: size=262144 end=524287 new: size=786399 end=1048542\n", "stderr": ""}
K230_ROOT_GROWTH_TOOL {"argv": ["growpart", "--fudge", "0", "/dev/vda", "2"], "code": 1, "stdout": "NOCHANGE: partition 2 is size 786399. it cannot be grown\n", "stderr": ""}
[   62.942541] EXT4-fs (vda2): resizing filesystem from 131072 to 393196 blocks
[   62.958464] EXT4-fs (vda2): resized filesystem to 393196
K230_ROOT_GROWTH_TOOL {"argv": ["resize2fs", "/dev/vda2"], "code": 0, "stdout": "Filesystem at /dev/vda2 is mounted on /mnt/root-test; on-line resizing required\nold_desc_blocks = 1, new_desc_blocks = 3\nThe filesystem on /dev/vda2 is now 393196 (1k) blocks long.\n\n", "stderr": "resize2fs 1.47.4 (6-Mar-2025)\n"}
K230_ROOT_GROWTH_TOOL {"argv": ["growpart", "--fudge", "0", "/dev/vda", "2"], "code": 1, "stdout": "NOCHANGE: partition 2 is size 786399. it cannot be grown\n", "stderr": ""}
K230_ROOT_GROWTH_TOOL {"argv": ["resize2fs", "/dev/vda2"], "code": 0, "stdout": "", "stderr": "resize2fs 1.47.4 (6-Mar-2025)\nThe filesystem is already 393196 (1k) blocks long.  Nothing to do!\n\n"}
K230_ROOT_GROWTH_CASE partition-only-retry PASS
[   68.047993] EXT4-fs (vda2): unmounting filesystem afb60527-640b-4a62-8aec-1a0184845117.
K230_ROOT_GROWTH_RESULT {"cases": [{"case": "growth-and-repeat", "growth": {"filesystem_bytes_after": 402632704, "filesystem_bytes_before": 134217728, "layout": {"boot": "/dev/vda1", "boot_uuid": "58dfbcef-8f3d-4919-bd05-2838754a57c5", "disk": "/dev/vda", "disk_bytes": 536870912, "root": "/dev/vda2", "root_sectors": 262144, "root_uuid": "2ce7067e-6754-4b81-a30b-84aff2994e7e", "table_id": "0x075f311d"}, "mutation_requested": true, "root_sectors_after": 786399, "status": "grown"}, "mutation_commands": ["growpart", "resize2fs", "growpart", "resize2fs"], "protected_after": {"boot_partition_sha256": "0bfee6760c0bc3c295102965f4f2c003b0cae07e8ec57a21a27143d66670c156", "firmware_gap_sha256": "0fe1771466b2648105d8829c22102caf20931bee8a3d3247c5957ddf6865863c"}, "protected_before": {"boot_partition_sha256": "0bfee6760c0bc3c295102965f4f2c003b0cae07e8ec57a21a27143d66670c156", "firmware_gap_sha256": "0fe1771466b2648105d8829c22102caf20931bee8a3d3247c5957ddf6865863c"}, "repeat": {"filesystem_bytes_after": 402632704, "filesystem_bytes_before": 402632704, "layout": {"boot": "/dev/vda1", "boot_uuid": "58dfbcef-8f3d-4919-bd05-2838754a57c5", "disk": "/dev/vda", "disk_bytes": 536870912, "root": "/dev/vda2", "root_sectors": 786399, "root_uuid": "2ce7067e-6754-4b81-a30b-84aff2994e7e", "table_id": "0x075f311d"}, "mutation_requested": true, "root_sectors_after": 786399, "status": "no-change"}, "status": "PASS"}, {"case": "already-full", "growth": {"filesystem_bytes_after": 402653184, "filesystem_bytes_before": 402653184, "layout": {"boot": "/dev/vda1", "boot_uuid": "50f34708-ffc5-44d6-b30a-7b589b367f75", "disk": "/dev/vda", "disk_bytes": 536870912, "root": "/dev/vda2", "root_sectors": 786432, "root_uuid": "da83d1f0-9aa6-44ba-bfcc-e56f658f5741", "table_id": "0x87b1a4d1"}, "mutation_requested": true, "root_sectors_after": 786432, "status": "no-change"}, "mutation_commands": ["growpart", "resize2fs", "growpart", "resize2fs"], "protected_after": {"boot_partition_sha256": "34cb1ec161d52264488504dbdab0c6e2c179c733290cbba11ec71d52c9d22921", "firmware_gap_sha256": "0fe1771466b2648105d8829c22102caf20931bee8a3d3247c5957ddf6865863c"}, "protected_before": {"boot_partition_sha256": "34cb1ec161d52264488504dbdab0c6e2c179c733290cbba11ec71d52c9d22921", "firmware_gap_sha256": "0fe1771466b2648105d8829c22102caf20931bee8a3d3247c5957ddf6865863c"}, "repeat": {"filesystem_bytes_after": 402653184, "filesystem_bytes_before": 402653184, "layout": {"boot": "/dev/vda1", "boot_uuid": "50f34708-ffc5-44d6-b30a-7b589b367f75", "disk": "/dev/vda", "disk_bytes": 536870912, "root": "/dev/vda2", "root_sectors": 786432, "root_uuid": "da83d1f0-9aa6-44ba-bfcc-e56f658f5741", "table_id": "0x87b1a4d1"}, "mutation_requested": true, "root_sectors_after": 786432, "status": "no-change"}, "status": "PASS"}, {"case": "wrong-label", "mutation_commands": [], "protected_after": {"boot_partition_sha256": "f41515ceed8a51485aa46d20f7bf00cae146bd7ac73348358ace02fa7f2b9f85", "firmware_gap_sha256": "0fe1771466b2648105d8829c22102caf20931bee8a3d3247c5957ddf6865863c"}, "protected_before": {"boot_partition_sha256": "f41515ceed8a51485aa46d20f7bf00cae146bd7ac73348358ace02fa7f2b9f85", "firmware_gap_sha256": "0fe1771466b2648105d8829c22102caf20931bee8a3d3247c5957ddf6865863c"}, "refusal_or_failure": "root filesystem identity is unexpected", "status": "PASS", "unchanged_root_sha256": "d3362f086625481144bb789c91ecc8c9987253fc7f07c371f08831a8902d17ad"}, {"case": "later-partition", "mutation_commands": [], "protected_after": {"boot_partition_sha256": "c44a02255630324f1186a8b5783df6f27d817dc25f3d3c7b18239d72331b155f", "firmware_gap_sha256": "0fe1771466b2648105d8829c22102caf20931bee8a3d3247c5957ddf6865863c"}, "protected_before": {"boot_partition_sha256": "c44a02255630324f1186a8b5783df6f27d817dc25f3d3c7b18239d72331b155f", "firmware_gap_sha256": "0fe1771466b2648105d8829c22102caf20931bee8a3d3247c5957ddf6865863c"}, "refusal_or_failure": "expected exactly two partitions", "status": "PASS", "unchanged_root_sha256": "fa5a3fe7d8114a623d12edbc1238f948f3709bb103735a8f90ac7379248e8cb5"}, {"case": "unsupported-filesystem", "mutation_commands": [], "protected_after": {"boot_partition_sha256": "93b1e42093682fe6845f1c0030fd0595ec1f48c1566df217b7549ed288a16cb4", "firmware_gap_sha256": "0fe1771466b2648105d8829c22102caf20931bee8a3d3247c5957ddf6865863c"}, "protected_before": {"boot_partition_sha256": "93b1e42093682fe6845f1c0030fd0595ec1f48c1566df217b7549ed288a16cb4", "firmware_gap_sha256": "0fe1771466b2648105d8829c22102caf20931bee8a3d3247c5957ddf6865863c"}, "refusal_or_failure": "root filesystem identity is unexpected", "status": "PASS", "unchanged_root_sha256": "81cba39eadf3d6bd8a596b123e9408e2a96a5b2cb3aacba8fe0208bbd420a903"}, {"case": "partition-tool-failure", "mutation_commands": ["growpart"], "protected_after": {"boot_partition_sha256": "7d40a16021d91f3a7da279f120b730d3e60ddacbb98f6ad9643fe8f64232cab4", "firmware_gap_sha256": "0fe1771466b2648105d8829c22102caf20931bee8a3d3247c5957ddf6865863c"}, "protected_before": {"boot_partition_sha256": "7d40a16021d91f3a7da279f120b730d3e60ddacbb98f6ad9643fe8f64232cab4", "firmware_gap_sha256": "0fe1771466b2648105d8829c22102caf20931bee8a3d3247c5957ddf6865863c"}, "refusal_or_failure": "injected before growpart", "status": "PASS", "unchanged_root_sha256": "a1da6e5a285c48bd2cb3015a790be69d5de66332dc88b7ce893801903ca0f0be"}, {"case": "partition-only-retry", "growth": {"filesystem_bytes_after": 402632704, "filesystem_bytes_before": 134217728, "layout": {"boot": "/dev/vda1", "boot_uuid": "860808e8-04ef-47e7-b96f-e712b8649dca", "disk": "/dev/vda", "disk_bytes": 536870912, "root": "/dev/vda2", "root_sectors": 786399, "root_uuid": "afb60527-640b-4a62-8aec-1a0184845117", "table_id": "0x20b6ed3d"}, "mutation_requested": true, "root_sectors_after": 786399, "status": "grown"}, "injected_failure": "injected before resize2fs", "mutation_commands": ["growpart", "resize2fs", "growpart", "resize2fs", "growpart", "resize2fs"], "protected_after": {"boot_partition_sha256": "ea96d0d80457f31ea62057ca51231827eac5e6b3e55ad53248237025a602ac8e", "firmware_gap_sha256": "0fe1771466b2648105d8829c22102caf20931bee8a3d3247c5957ddf6865863c"}, "protected_before": {"boot_partition_sha256": "ea96d0d80457f31ea62057ca51231827eac5e6b3e55ad53248237025a602ac8e", "firmware_gap_sha256": "0fe1771466b2648105d8829c22102caf20931bee8a3d3247c5957ddf6865863c"}, "repeat": {"filesystem_bytes_after": 402632704, "filesystem_bytes_before": 402632704, "layout": {"boot": "/dev/vda1", "boot_uuid": "860808e8-04ef-47e7-b96f-e712b8649dca", "disk": "/dev/vda", "disk_bytes": 536870912, "root": "/dev/vda2", "root_sectors": 786399, "root_uuid": "afb60527-640b-4a62-8aec-1a0184845117", "table_id": "0x20b6ed3d"}, "mutation_requested": true, "root_sectors_after": 786399, "status": "no-change"}, "status": "PASS"}], "evidence_class": "qemu-system-disposable-ext4-disk", "helper_sha256": "f07ff91a1e4607b268aa5a25e6896d079e7f3422486a84cb21cb614237646b71", "kernel": "6.18.52", "limits": ["Mounted disposable /mnt/root-test, not production / or the boot service.", "No physical K230 boot, flash, power-loss-during-write or shell proof.", "Failure injection occurs before the named tool runs; retry proves the completed-partition/incomplete-filesystem boundary."], "machine": "riscv64", "run_id": "045a68f234694c16bed39b30740d2a7d", "status": "PASS"}
qemu-system-riscv64: terminating on signal 15 from pid 951968 (/usr/bin/python3)
