k230-touch-trackpad: mode -> Trackpad (panel connected: false)
k230-touch-trackpad: entered trackpad mode, grabbed /dev/input/event2 (x 0..1023 y 0..2399), axes: 47,57,53,54
k230-touch-trackpad: in  type=3 code=57 value=100
k230-touch-trackpad: in  type=3 code=53 value=400
k230-touch-trackpad: in  type=3 code=54 value=2360
k230-touch-trackpad: in  type=3 code=47 value=1
k230-touch-trackpad: in  type=3 code=57 value=101
k230-touch-trackpad: in  type=3 code=53 value=600
k230-touch-trackpad: in  type=3 code=54 value=2360
k230-touch-trackpad: in  type=1 code=330 value=1
k230-touch-trackpad: in  type=0 code=0 value=0
k230-touch-trackpad: in  type=3 code=47 value=0
k230-touch-trackpad: in  type=3 code=54 value=2265
k230-touch-trackpad: in  type=3 code=47 value=1
k230-touch-trackpad: in  type=3 code=54 value=2265
k230-touch-trackpad: in  type=0 code=0 value=0
k230-touch-trackpad: shell edge=bottom outward=false accepted=true ack_ms=47
k230-touch-trackpad: in  type=3 code=47 value=0
k230-touch-trackpad: in  type=3 code=54 value=2170
k230-touch-trackpad: in  type=3 code=47 value=1
k230-touch-trackpad: in  type=3 code=54 value=2170
k230-touch-trackpad: in  type=0 code=0 value=0
k230-touch-trackpad: shell move dx=0.000000 dy=-0.079200
k230-touch-trackpad: in  type=3 code=47 value=0
k230-touch-trackpad: in  type=3 code=54 value=2075
k230-touch-trackpad: in  type=3 code=47 value=1
k230-touch-trackpad: in  type=3 code=54 value=2075
k230-touch-trackpad: in  type=0 code=0 value=0
k230-touch-trackpad: shell move dx=0.000000 dy=-0.118799
k230-touch-trackpad: in  type=3 code=47 value=0
k230-touch-trackpad: in  type=3 code=54 value=1980
k230-touch-trackpad: in  type=3 code=47 value=1
k230-touch-trackpad: in  type=3 code=54 value=1980
k230-touch-trackpad: in  type=0 code=0 value=0
k230-touch-trackpad: shell move dx=0.000000 dy=-0.158399
k230-touch-trackpad: in  type=3 code=47 value=0
k230-touch-trackpad: in  type=3 code=54 value=1885
k230-touch-trackpad: in  type=3 code=47 value=1
k230-touch-trackpad: in  type=3 code=54 value=1885
k230-touch-trackpad: in  type=0 code=0 value=0
k230-touch-trackpad: shell move dx=0.000000 dy=-0.197999
k230-touch-trackpad: in  type=3 code=47 value=0
k230-touch-trackpad: in  type=3 code=54 value=1790
k230-touch-trackpad: in  type=3 code=47 value=1
k230-touch-trackpad: in  type=3 code=54 value=1790
k230-touch-trackpad: in  type=0 code=0 value=0
k230-touch-trackpad: shell move dx=0.000000 dy=-0.237599
k230-touch-trackpad: in  type=3 code=47 value=0
k230-touch-trackpad: in  type=3 code=54 value=1695
k230-touch-trackpad: in  type=3 code=47 value=1
k230-touch-trackpad: in  type=3 code=54 value=1695
k230-touch-trackpad: in  type=0 code=0 value=0
k230-touch-trackpad: shell move dx=0.000000 dy=-0.277199
k230-touch-trackpad: in  type=3 code=47 value=0
k230-touch-trackpad: in  type=3 code=54 value=1600
k230-touch-trackpad: in  type=3 code=47 value=1
k230-touch-trackpad: in  type=3 code=54 value=1600
k230-touch-trackpad: in  type=0 code=0 value=0
k230-touch-trackpad: shell move dx=0.000000 dy=-0.316799
k230-touch-trackpad: in  type=3 code=57 value=-1
k230-touch-trackpad: in  type=0 code=0 value=0
k230-touch-trackpad: shell terminal=End
k230-touch-trackpad: in  type=3 code=47 value=0
k230-touch-trackpad: in  type=3 code=57 value=-1
k230-touch-trackpad: in  type=1 code=330 value=0
k230-touch-trackpad: in  type=0 code=0 value=0
k230-touch-trackpad: in  type=3 code=57 value=100
k230-touch-trackpad: in  type=3 code=54 value=1200
k230-touch-trackpad: in  type=3 code=47 value=1
k230-touch-trackpad: in  type=3 code=57 value=101
k230-touch-trackpad: in  type=3 code=54 value=1200
k230-touch-trackpad: in  type=1 code=330 value=1
k230-touch-trackpad: in  type=0 code=0 value=0
k230-touch-trackpad: out type=3 code=57 value=100
k230-touch-trackpad: out type=3 code=54 value=1200
k230-touch-trackpad: out type=3 code=47 value=1
k230-touch-trackpad: out type=3 code=57 value=101
k230-touch-trackpad: out type=3 code=54 value=1200
k230-touch-trackpad: out type=1 code=330 value=1
k230-touch-trackpad: out type=1 code=330 value=1
k230-touch-trackpad: out type=1 code=333 value=1
k230-touch-trackpad: out type=0 code=0 value=0
k230-touch-trackpad: in  type=3 code=47 value=0
k230-touch-trackpad: in  type=3 code=53 value=420
k230-touch-trackpad: in  type=3 code=47 value=1
k230-touch-trackpad: in  type=3 code=53 value=620
k230-touch-trackpad: in  type=0 code=0 value=0
k230-touch-trackpad: out type=3 code=47 value=0
k230-touch-trackpad: out type=3 code=53 value=420
k230-touch-trackpad: out type=3 code=47 value=1
k230-touch-trackpad: out type=3 code=53 value=620
k230-touch-trackpad: out type=0 code=0 value=0
k230-touch-trackpad: in  type=3 code=47 value=0
k230-touch-trackpad: in  type=3 code=53 value=440
k230-touch-trackpad: in  type=3 code=47 value=1
k230-touch-trackpad: in  type=3 code=53 value=640
k230-touch-trackpad: in  type=0 code=0 value=0
k230-touch-trackpad: out type=3 code=47 value=0
k230-touch-trackpad: out type=3 code=53 value=440
k230-touch-trackpad: out type=3 code=47 value=1
k230-touch-trackpad: out type=3 code=53 value=640
k230-touch-trackpad: out type=0 code=0 value=0
k230-touch-trackpad: in  type=3 code=47 value=0
k230-touch-trackpad: in  type=3 code=53 value=460
k230-touch-trackpad: in  type=3 code=47 value=1
k230-touch-trackpad: in  type=3 code=53 value=660
k230-touch-trackpad: in  type=0 code=0 value=0
k230-touch-trackpad: out type=3 code=47 value=0
k230-touch-trackpad: out type=3 code=53 value=460
k230-touch-trackpad: out type=3 code=47 value=1
k230-touch-trackpad: out type=3 code=53 value=660
k230-touch-trackpad: out type=0 code=0 value=0
k230-touch-trackpad: in  type=3 code=47 value=0
k230-touch-trackpad: in  type=3 code=53 value=480
k230-touch-trackpad: in  type=3 code=47 value=1
k230-touch-trackpad: in  type=3 code=53 value=680
k230-touch-trackpad: in  type=0 code=0 value=0
k230-touch-trackpad: out type=3 code=47 value=0
k230-touch-trackpad: out type=3 code=53 value=480
k230-touch-trackpad: out type=3 code=47 value=1
k230-touch-trackpad: out type=3 code=53 value=680
k230-touch-trackpad: out type=0 code=0 value=0
k230-touch-trackpad: in  type=3 code=47 value=0
k230-touch-trackpad: in  type=3 code=53 value=500
k230-touch-trackpad: in  type=3 code=47 value=1
k230-touch-trackpad: in  type=3 code=53 value=700
k230-touch-trackpad: in  type=0 code=0 value=0
k230-touch-trackpad: out type=3 code=47 value=0
k230-touch-trackpad: out type=3 code=53 value=500
k230-touch-trackpad: out type=3 code=47 value=1
k230-touch-trackpad: out type=3 code=53 value=700
k230-touch-trackpad: out type=0 code=0 value=0
k230-touch-trackpad: in  type=3 code=47 value=0
k230-touch-trackpad: in  type=3 code=53 value=520
k230-touch-trackpad: in  type=3 code=47 value=1
k230-touch-trackpad: in  type=3 code=53 value=720
k230-touch-trackpad: in  type=0 code=0 value=0
k230-touch-trackpad: out type=3 code=47 value=0
k230-touch-trackpad: out type=3 code=53 value=520
k230-touch-trackpad: out type=3 code=47 value=1
k230-touch-trackpad: out type=3 code=53 value=720
k230-touch-trackpad: out type=0 code=0 value=0
k230-touch-trackpad: in  type=3 code=47 value=0
k230-touch-trackpad: in  type=3 code=53 value=540
k230-touch-trackpad: in  type=3 code=47 value=1
k230-touch-trackpad: in  type=3 code=53 value=740
k230-touch-trackpad: in  type=0 code=0 value=0
k230-touch-trackpad: out type=3 code=47 value=0
k230-touch-trackpad: out type=3 code=53 value=540
k230-touch-trackpad: out type=3 code=47 value=1
k230-touch-trackpad: out type=3 code=53 value=740
k230-touch-trackpad: out type=0 code=0 value=0
k230-touch-trackpad: in  type=3 code=47 value=0
k230-touch-trackpad: in  type=3 code=53 value=560
k230-touch-trackpad: in  type=3 code=47 value=1
k230-touch-trackpad: in  type=3 code=53 value=760
k230-touch-trackpad: in  type=0 code=0 value=0
k230-touch-trackpad: out type=3 code=47 value=0
k230-touch-trackpad: out type=3 code=53 value=560
k230-touch-trackpad: out type=3 code=47 value=1
k230-touch-trackpad: out type=3 code=53 value=760
k230-touch-trackpad: out type=0 code=0 value=0
k230-touch-trackpad: in  type=3 code=57 value=-1
k230-touch-trackpad: in  type=0 code=0 value=0
k230-touch-trackpad: out type=3 code=57 value=-1
k230-touch-trackpad: out type=1 code=333 value=0
k230-touch-trackpad: out type=1 code=325 value=1
k230-touch-trackpad: out type=0 code=0 value=0
k230-touch-trackpad: in  type=3 code=47 value=0
k230-touch-trackpad: in  type=3 code=57 value=-1
k230-touch-trackpad: in  type=1 code=330 value=0
k230-touch-trackpad: in  type=0 code=0 value=0
k230-touch-trackpad: out type=3 code=47 value=0
k230-touch-trackpad: out type=3 code=57 value=-1
k230-touch-trackpad: out type=1 code=330 value=0
k230-touch-trackpad: out type=1 code=330 value=0
k230-touch-trackpad: out type=1 code=325 value=0
k230-touch-trackpad: out type=0 code=0 value=0
k230-touch-trackpad: in  type=3 code=57 value=100
k230-touch-trackpad: in  type=3 code=53 value=400
k230-touch-trackpad: in  type=3 code=54 value=2360
k230-touch-trackpad: in  type=3 code=47 value=1
k230-touch-trackpad: in  type=3 code=57 value=101
k230-touch-trackpad: in  type=3 code=53 value=600
k230-touch-trackpad: in  type=3 code=54 value=2360
k230-touch-trackpad: in  type=1 code=330 value=1
k230-touch-trackpad: in  type=0 code=0 value=0
k230-touch-trackpad: in  type=3 code=47 value=0
k230-touch-trackpad: in  type=3 code=54 value=2265
k230-touch-trackpad: in  type=3 code=47 value=1
k230-touch-trackpad: in  type=3 code=54 value=2265
k230-touch-trackpad: in  type=0 code=0 value=0
k230-touch-trackpad: shell edge=bottom outward=false accepted=true ack_ms=2
k230-touch-trackpad: in  type=3 code=47 value=0
k230-touch-trackpad: in  type=3 code=54 value=2170
k230-touch-trackpad: in  type=3 code=47 value=1
k230-touch-trackpad: in  type=3 code=54 value=2170
k230-touch-trackpad: in  type=0 code=0 value=0
k230-touch-trackpad: shell move dx=0.000000 dy=-0.079200
k230-touch-trackpad: in  type=3 code=47 value=0
k230-touch-trackpad: in  type=3 code=54 value=2075
k230-touch-trackpad: in  type=3 code=47 value=1
k230-touch-trackpad: in  type=3 code=54 value=2075
k230-touch-trackpad: in  type=0 code=0 value=0
k230-touch-trackpad: shell move dx=0.000000 dy=-0.118799
k230-touch-trackpad: in  type=3 code=47 value=0
k230-touch-trackpad: in  type=3 code=54 value=1980
k230-touch-trackpad: in  type=3 code=47 value=1
k230-touch-trackpad: in  type=3 code=54 value=1980
k230-touch-trackpad: in  type=0 code=0 value=0
k230-touch-trackpad: shell move dx=0.000000 dy=-0.158399
k230-touch-trackpad: in  type=3 code=47 value=0
k230-touch-trackpad: in  type=3 code=54 value=1885
k230-touch-trackpad: in  type=3 code=47 value=1
k230-touch-trackpad: in  type=3 code=54 value=1885
k230-touch-trackpad: in  type=0 code=0 value=0
k230-touch-trackpad: shell move dx=0.000000 dy=-0.197999
k230-touch-trackpad: in  type=3 code=47 value=0
k230-touch-trackpad: in  type=3 code=54 value=1790
k230-touch-trackpad: in  type=3 code=47 value=1
k230-touch-trackpad: in  type=3 code=54 value=1790
k230-touch-trackpad: in  type=0 code=0 value=0
k230-touch-trackpad: shell move dx=0.000000 dy=-0.237599
k230-touch-trackpad: in  type=3 code=47 value=0
k230-touch-trackpad: in  type=3 code=54 value=1695
k230-touch-trackpad: in  type=3 code=47 value=1
k230-touch-trackpad: in  type=3 code=54 value=1695
k230-touch-trackpad: in  type=0 code=0 value=0
k230-touch-trackpad: shell move dx=0.000000 dy=-0.277199
k230-touch-trackpad: in  type=3 code=47 value=0
k230-touch-trackpad: in  type=3 code=54 value=1600
k230-touch-trackpad: in  type=3 code=47 value=1
k230-touch-trackpad: in  type=3 code=54 value=1600
k230-touch-trackpad: in  type=0 code=0 value=0
k230-touch-trackpad: shell move dx=0.000000 dy=-0.316799
k230-touch-trackpad: in  type=3 code=57 value=-1
k230-touch-trackpad: in  type=0 code=0 value=0
k230-touch-trackpad: shell terminal=End
k230-touch-trackpad: in  type=3 code=47 value=0
k230-touch-trackpad: in  type=3 code=57 value=-1
k230-touch-trackpad: in  type=1 code=330 value=0
k230-touch-trackpad: in  type=0 code=0 value=0
k230-touch-trackpad: in  type=3 code=57 value=100
k230-touch-trackpad: in  type=3 code=54 value=2360
k230-touch-trackpad: in  type=3 code=47 value=1
k230-touch-trackpad: in  type=3 code=57 value=101
k230-touch-trackpad: in  type=3 code=54 value=2360
k230-touch-trackpad: in  type=1 code=330 value=1
k230-touch-trackpad: in  type=0 code=0 value=0
k230-touch-trackpad: in  type=3 code=47 value=0
k230-touch-trackpad: in  type=3 code=54 value=2252
k230-touch-trackpad: in  type=3 code=47 value=1
k230-touch-trackpad: in  type=3 code=54 value=2252
k230-touch-trackpad: in  type=0 code=0 value=0
k230-touch-trackpad: shell edge=bottom outward=false accepted=true ack_ms=2
k230-touch-trackpad: in  type=3 code=47 value=0
k230-touch-trackpad: in  type=3 code=54 value=2145
k230-touch-trackpad: in  type=3 code=47 value=1
k230-touch-trackpad: in  type=3 code=54 value=2145
k230-touch-trackpad: in  type=0 code=0 value=0
k230-touch-trackpad: shell move dx=0.000000 dy=-0.089621
k230-touch-trackpad: in  type=3 code=47 value=0
k230-touch-trackpad: in  type=3 code=54 value=2038
k230-touch-trackpad: in  type=3 code=47 value=1
k230-touch-trackpad: in  type=3 code=54 value=2038
k230-touch-trackpad: in  type=0 code=0 value=0
k230-touch-trackpad: shell move dx=0.000000 dy=-0.134223
k230-touch-trackpad: in  type=3 code=47 value=0
k230-touch-trackpad: in  type=3 code=54 value=1930
k230-touch-trackpad: in  type=3 code=47 value=1
k230-touch-trackpad: in  type=3 code=54 value=1930
k230-touch-trackpad: in  type=0 code=0 value=0
k230-touch-trackpad: shell move dx=0.000000 dy=-0.179241
k230-touch-trackpad: in  type=3 code=47 value=0
k230-touch-trackpad: in  type=3 code=54 value=1822
k230-touch-trackpad: in  type=3 code=47 value=1
k230-touch-trackpad: in  type=3 code=54 value=1822
k230-touch-trackpad: in  type=0 code=0 value=0
k230-touch-trackpad: shell move dx=0.000000 dy=-0.224260
k230-touch-trackpad: in  type=3 code=47 value=0
k230-touch-trackpad: in  type=3 code=54 value=1715
k230-touch-trackpad: in  type=3 code=47 value=1
k230-touch-trackpad: in  type=3 code=54 value=1715
k230-touch-trackpad: in  type=0 code=0 value=0
k230-touch-trackpad: shell move dx=0.000000 dy=-0.268862
k230-touch-trackpad: in  type=3 code=47 value=0
k230-touch-trackpad: in  type=3 code=54 value=1608
k230-touch-trackpad: in  type=3 code=47 value=1
k230-touch-trackpad: in  type=3 code=54 value=1608
k230-touch-trackpad: in  type=0 code=0 value=0
k230-touch-trackpad: shell move dx=0.000000 dy=-0.313464
k230-touch-trackpad: in  type=3 code=47 value=0
k230-touch-trackpad: in  type=3 code=54 value=1500
k230-touch-trackpad: in  type=3 code=47 value=1
k230-touch-trackpad: in  type=3 code=54 value=1500
k230-touch-trackpad: in  type=0 code=0 value=0
k230-touch-trackpad: shell move dx=0.000000 dy=-0.358483
k230-touch-trackpad: in  type=3 code=57 value=-1
k230-touch-trackpad: in  type=0 code=0 value=0
k230-touch-trackpad: shell terminal=End
k230-touch-trackpad: in  type=3 code=47 value=0
k230-touch-trackpad: in  type=3 code=57 value=-1
k230-touch-trackpad: in  type=1 code=330 value=0
k230-touch-trackpad: in  type=0 code=0 value=0
k230-touch-trackpad: in  type=3 code=57 value=100
k230-touch-trackpad: in  type=3 code=54 value=2140
k230-touch-trackpad: in  type=3 code=47 value=1
k230-touch-trackpad: in  type=3 code=57 value=101
k230-touch-trackpad: in  type=3 code=54 value=2140
k230-touch-trackpad: in  type=1 code=330 value=1
k230-touch-trackpad: in  type=0 code=0 value=0
k230-touch-trackpad: in  type=3 code=47 value=0
k230-touch-trackpad: in  type=3 code=54 value=2170
k230-touch-trackpad: in  type=3 code=47 value=1
k230-touch-trackpad: in  type=3 code=54 value=2170
k230-touch-trackpad: in  type=0 code=0 value=0
k230-touch-trackpad: shell edge=bottom outward=true accepted=true ack_ms=2
k230-touch-trackpad: in  type=3 code=47 value=0
k230-touch-trackpad: in  type=3 code=54 value=2200
k230-touch-trackpad: in  type=3 code=47 value=1
k230-touch-trackpad: in  type=3 code=54 value=2200
k230-touch-trackpad: in  type=0 code=0 value=0
k230-touch-trackpad: shell move dx=0.000000 dy=0.025010
k230-touch-trackpad: in  type=3 code=47 value=0
k230-touch-trackpad: in  type=3 code=54 value=2230
k230-touch-trackpad: in  type=3 code=47 value=1
k230-touch-trackpad: in  type=3 code=54 value=2230
k230-touch-trackpad: in  type=0 code=0 value=0
k230-touch-trackpad: shell move dx=0.000000 dy=0.037516
k230-touch-trackpad: in  type=3 code=47 value=0
k230-touch-trackpad: in  type=3 code=54 value=2260
k230-touch-trackpad: in  type=3 code=47 value=1
k230-touch-trackpad: in  type=3 code=54 value=2260
k230-touch-trackpad: in  type=0 code=0 value=0
k230-touch-trackpad: shell move dx=0.000000 dy=0.050021
k230-touch-trackpad: in  type=3 code=47 value=0
k230-touch-trackpad: in  type=3 code=54 value=2290
k230-touch-trackpad: in  type=3 code=47 value=1
k230-touch-trackpad: in  type=3 code=54 value=2290
k230-touch-trackpad: in  type=0 code=0 value=0
k230-touch-trackpad: shell move dx=0.000000 dy=0.062526
k230-touch-trackpad: in  type=3 code=47 value=0
k230-touch-trackpad: in  type=3 code=54 value=2320
k230-touch-trackpad: in  type=3 code=47 value=1
k230-touch-trackpad: in  type=3 code=54 value=2320
k230-touch-trackpad: in  type=0 code=0 value=0
k230-touch-trackpad: shell move dx=0.000000 dy=0.075031
k230-touch-trackpad: in  type=3 code=47 value=0
k230-touch-trackpad: in  type=3 code=54 value=2350
k230-touch-trackpad: in  type=3 code=47 value=1
k230-touch-trackpad: in  type=3 code=54 value=2350
k230-touch-trackpad: in  type=0 code=0 value=0
k230-touch-trackpad: shell move dx=0.000000 dy=0.087536
k230-touch-trackpad: in  type=3 code=47 value=0
k230-touch-trackpad: in  type=3 code=54 value=2380
k230-touch-trackpad: in  type=3 code=47 value=1
k230-touch-trackpad: in  type=3 code=54 value=2380
k230-touch-trackpad: in  type=0 code=0 value=0
k230-touch-trackpad: shell move dx=0.000000 dy=0.100042
k230-touch-trackpad: in  type=3 code=57 value=-1
k230-touch-trackpad: in  type=0 code=0 value=0
k230-touch-trackpad: shell terminal=End
k230-touch-trackpad: in  type=3 code=47 value=0
k230-touch-trackpad: in  type=3 code=57 value=-1
k230-touch-trackpad: in  type=1 code=330 value=0
k230-touch-trackpad: in  type=0 code=0 value=0
k230-touch-trackpad: in  type=3 code=57 value=100
k230-touch-trackpad: in  type=3 code=54 value=30
k230-touch-trackpad: in  type=3 code=47 value=1
k230-touch-trackpad: in  type=3 code=57 value=101
k230-touch-trackpad: in  type=3 code=54 value=30
k230-touch-trackpad: in  type=1 code=330 value=1
k230-touch-trackpad: in  type=0 code=0 value=0
k230-touch-trackpad: in  type=3 code=47 value=0
k230-touch-trackpad: in  type=3 code=54 value=116
k230-touch-trackpad: in  type=3 code=47 value=1
k230-touch-trackpad: in  type=3 code=54 value=116
k230-touch-trackpad: in  type=0 code=0 value=0
k230-touch-trackpad: shell edge=top outward=false accepted=true ack_ms=142
k230-touch-trackpad: in  type=3 code=47 value=0
k230-touch-trackpad: in  type=3 code=54 value=202
k230-touch-trackpad: in  type=3 code=47 value=1
k230-touch-trackpad: in  type=3 code=54 value=202
k230-touch-trackpad: in  type=0 code=0 value=0
k230-touch-trackpad: shell move dx=0.000000 dy=0.071697
k230-touch-trackpad: in  type=3 code=47 value=0
k230-touch-trackpad: in  type=3 code=54 value=289
k230-touch-trackpad: in  type=3 code=47 value=1
k230-touch-trackpad: in  type=3 code=54 value=289
k230-touch-trackpad: in  type=0 code=0 value=0
k230-touch-trackpad: shell move dx=0.000000 dy=0.107962
k230-touch-trackpad: in  type=3 code=47 value=0
k230-touch-trackpad: in  type=3 code=54 value=375
k230-touch-trackpad: in  type=3 code=47 value=1
k230-touch-trackpad: in  type=3 code=54 value=375
k230-touch-trackpad: in  type=0 code=0 value=0
k230-touch-trackpad: shell move dx=0.000000 dy=0.143810
k230-touch-trackpad: in  type=3 code=47 value=0
k230-touch-trackpad: in  type=3 code=54 value=461
k230-touch-trackpad: in  type=3 code=47 value=1
k230-touch-trackpad: in  type=3 code=54 value=461
k230-touch-trackpad: in  type=0 code=0 value=0
k230-touch-trackpad: shell move dx=0.000000 dy=0.179658
k230-touch-trackpad: in  type=3 code=47 value=0
k230-touch-trackpad: in  type=3 code=54 value=548
k230-touch-trackpad: in  type=3 code=47 value=1
k230-touch-trackpad: in  type=3 code=54 value=548
k230-touch-trackpad: in  type=0 code=0 value=0
k230-touch-trackpad: shell move dx=0.000000 dy=0.215923
k230-touch-trackpad: in  type=3 code=47 value=0
k230-touch-trackpad: in  type=3 code=54 value=634
k230-touch-trackpad: in  type=3 code=47 value=1
k230-touch-trackpad: in  type=3 code=54 value=634
k230-touch-trackpad: in  type=0 code=0 value=0
k230-touch-trackpad: shell move dx=0.000000 dy=0.251772
k230-touch-trackpad: in  type=3 code=47 value=0
k230-touch-trackpad: in  type=3 code=54 value=720
k230-touch-trackpad: in  type=3 code=47 value=1
k230-touch-trackpad: in  type=3 code=54 value=720
k230-touch-trackpad: in  type=0 code=0 value=0
k230-touch-trackpad: shell move dx=0.000000 dy=0.287620
k230-touch-trackpad: in  type=3 code=57 value=-1
k230-touch-trackpad: in  type=0 code=0 value=0
k230-touch-trackpad: shell terminal=End
k230-touch-trackpad: in  type=3 code=47 value=0
k230-touch-trackpad: in  type=3 code=57 value=-1
k230-touch-trackpad: in  type=1 code=330 value=0
k230-touch-trackpad: in  type=0 code=0 value=0
k230-touch-trackpad: in  type=3 code=57 value=100
k230-touch-trackpad: in  type=3 code=54 value=240
k230-touch-trackpad: in  type=3 code=47 value=1
k230-touch-trackpad: in  type=3 code=57 value=101
k230-touch-trackpad: in  type=3 code=54 value=240
k230-touch-trackpad: in  type=1 code=330 value=1
k230-touch-trackpad: in  type=0 code=0 value=0
k230-touch-trackpad: in  type=3 code=47 value=0
k230-touch-trackpad: in  type=3 code=54 value=212
k230-touch-trackpad: in  type=3 code=47 value=1
k230-touch-trackpad: in  type=3 code=54 value=212
k230-touch-trackpad: in  type=0 code=0 value=0
k230-touch-trackpad: shell edge=top outward=true accepted=true ack_ms=1
k230-touch-trackpad: in  type=3 code=47 value=0
k230-touch-trackpad: in  type=3 code=54 value=185
k230-touch-trackpad: in  type=3 code=47 value=1
k230-touch-trackpad: in  type=3 code=54 value=185
k230-touch-trackpad: in  type=0 code=0 value=0
k230-touch-trackpad: shell move dx=0.000000 dy=-0.022926
k230-touch-trackpad: in  type=3 code=47 value=0
k230-touch-trackpad: in  type=3 code=54 value=158
k230-touch-trackpad: in  type=3 code=47 value=1
k230-touch-trackpad: in  type=3 code=54 value=158
k230-touch-trackpad: in  type=0 code=0 value=0
k230-touch-trackpad: shell move dx=0.000000 dy=-0.034181
k230-touch-trackpad: in  type=3 code=47 value=0
k230-touch-trackpad: in  type=3 code=54 value=130
k230-touch-trackpad: in  type=3 code=47 value=1
k230-touch-trackpad: in  type=3 code=54 value=130
k230-touch-trackpad: in  type=0 code=0 value=0
k230-touch-trackpad: shell move dx=0.000000 dy=-0.045852
k230-touch-trackpad: in  type=3 code=47 value=0
k230-touch-trackpad: in  type=3 code=54 value=102
k230-touch-trackpad: in  type=3 code=47 value=1
k230-touch-trackpad: in  type=3 code=54 value=102
k230-touch-trackpad: in  type=0 code=0 value=0
k230-touch-trackpad: shell move dx=0.000000 dy=-0.057524
k230-touch-trackpad: in  type=3 code=47 value=0
k230-touch-trackpad: in  type=3 code=54 value=75
k230-touch-trackpad: in  type=3 code=47 value=1
k230-touch-trackpad: in  type=3 code=54 value=75
k230-touch-trackpad: in  type=0 code=0 value=0
k230-touch-trackpad: shell move dx=0.000000 dy=-0.068779
k230-touch-trackpad: in  type=3 code=47 value=0
k230-touch-trackpad: in  type=3 code=54 value=48
k230-touch-trackpad: in  type=3 code=47 value=1
k230-touch-trackpad: in  type=3 code=54 value=48
k230-touch-trackpad: in  type=0 code=0 value=0
k230-touch-trackpad: shell move dx=0.000000 dy=-0.080033
k230-touch-trackpad: in  type=3 code=47 value=0
k230-touch-trackpad: in  type=3 code=54 value=20
k230-touch-trackpad: in  type=3 code=47 value=1
k230-touch-trackpad: in  type=3 code=54 value=20
k230-touch-trackpad: in  type=0 code=0 value=0
k230-touch-trackpad: shell move dx=0.000000 dy=-0.091705
k230-touch-trackpad: in  type=3 code=57 value=-1
k230-touch-trackpad: in  type=0 code=0 value=0
k230-touch-trackpad: shell terminal=End
k230-touch-trackpad: in  type=3 code=47 value=0
k230-touch-trackpad: in  type=3 code=57 value=-1
k230-touch-trackpad: in  type=1 code=330 value=0
k230-touch-trackpad: in  type=0 code=0 value=0
k230-touch-trackpad: in  type=3 code=57 value=100
k230-touch-trackpad: in  type=3 code=54 value=30
k230-touch-trackpad: in  type=3 code=47 value=1
k230-touch-trackpad: in  type=3 code=57 value=101
k230-touch-trackpad: in  type=3 code=54 value=30
k230-touch-trackpad: in  type=1 code=330 value=1
k230-touch-trackpad: in  type=0 code=0 value=0
k230-touch-trackpad: in  type=3 code=47 value=0
k230-touch-trackpad: in  type=3 code=54 value=116
k230-touch-trackpad: in  type=3 code=47 value=1
k230-touch-trackpad: in  type=3 code=54 value=116
k230-touch-trackpad: in  type=0 code=0 value=0
k230-touch-trackpad: shell edge=top outward=false accepted=true ack_ms=69
k230-touch-trackpad: in  type=3 code=47 value=0
k230-touch-trackpad: in  type=3 code=54 value=202
k230-touch-trackpad: in  type=3 code=47 value=1
k230-touch-trackpad: in  type=3 code=54 value=202
k230-touch-trackpad: in  type=0 code=0 value=0
k230-touch-trackpad: shell move dx=0.000000 dy=0.071697
k230-touch-trackpad: in  type=3 code=47 value=0
k230-touch-trackpad: in  type=3 code=54 value=289
k230-touch-trackpad: in  type=3 code=47 value=1
k230-touch-trackpad: in  type=3 code=54 value=289
k230-touch-trackpad: in  type=0 code=0 value=0
k230-touch-trackpad: shell move dx=0.000000 dy=0.107962
k230-touch-trackpad: in  type=3 code=47 value=0
k230-touch-trackpad: in  type=3 code=54 value=375
k230-touch-trackpad: in  type=3 code=47 value=1
k230-touch-trackpad: in  type=3 code=54 value=375
k230-touch-trackpad: in  type=0 code=0 value=0
k230-touch-trackpad: shell move dx=0.000000 dy=0.143810
k230-touch-trackpad: in  type=3 code=47 value=0
k230-touch-trackpad: in  type=3 code=54 value=461
k230-touch-trackpad: in  type=3 code=47 value=1
k230-touch-trackpad: in  type=3 code=54 value=461
k230-touch-trackpad: in  type=0 code=0 value=0
k230-touch-trackpad: shell move dx=0.000000 dy=0.179658
k230-touch-trackpad: in  type=3 code=47 value=0
k230-touch-trackpad: in  type=3 code=54 value=548
k230-touch-trackpad: in  type=3 code=47 value=1
k230-touch-trackpad: in  type=3 code=54 value=548
k230-touch-trackpad: in  type=0 code=0 value=0
k230-touch-trackpad: shell move dx=0.000000 dy=0.215923
k230-touch-trackpad: in  type=3 code=47 value=0
k230-touch-trackpad: in  type=3 code=54 value=634
k230-touch-trackpad: in  type=3 code=47 value=1
k230-touch-trackpad: in  type=3 code=54 value=634
k230-touch-trackpad: in  type=0 code=0 value=0
k230-touch-trackpad: shell move dx=0.000000 dy=0.251772
k230-touch-trackpad: in  type=3 code=47 value=0
k230-touch-trackpad: in  type=3 code=54 value=720
k230-touch-trackpad: in  type=3 code=47 value=1
k230-touch-trackpad: in  type=3 code=54 value=720
k230-touch-trackpad: in  type=0 code=0 value=0
k230-touch-trackpad: shell move dx=0.000000 dy=0.287620
k230-touch-trackpad: in  type=3 code=57 value=-1
k230-touch-trackpad: in  type=0 code=0 value=0
k230-touch-trackpad: shell terminal=End
k230-touch-trackpad: in  type=3 code=47 value=0
k230-touch-trackpad: in  type=3 code=57 value=-1
k230-touch-trackpad: in  type=1 code=330 value=0
k230-touch-trackpad: in  type=0 code=0 value=0
k230-touch-trackpad: in  type=3 code=57 value=100
k230-touch-trackpad: in  type=3 code=54 value=240
k230-touch-trackpad: in  type=3 code=47 value=1
k230-touch-trackpad: in  type=3 code=57 value=101
k230-touch-trackpad: in  type=3 code=54 value=240
k230-touch-trackpad: in  type=1 code=330 value=1
k230-touch-trackpad: in  type=0 code=0 value=0
k230-touch-trackpad: in  type=3 code=47 value=0
k230-touch-trackpad: in  type=3 code=54 value=212
k230-touch-trackpad: in  type=3 code=47 value=1
k230-touch-trackpad: in  type=3 code=54 value=212
k230-touch-trackpad: in  type=0 code=0 value=0
k230-touch-trackpad: shell edge=top outward=true accepted=true ack_ms=19
k230-touch-trackpad: in  type=3 code=47 value=0
k230-touch-trackpad: in  type=3 code=54 value=185
k230-touch-trackpad: in  type=3 code=47 value=1
k230-touch-trackpad: in  type=3 code=54 value=185
k230-touch-trackpad: in  type=0 code=0 value=0
k230-touch-trackpad: shell move dx=0.000000 dy=-0.022926
k230-touch-trackpad: in  type=3 code=47 value=0
k230-touch-trackpad: in  type=3 code=54 value=158
k230-touch-trackpad: in  type=3 code=47 value=1
k230-touch-trackpad: in  type=3 code=54 value=158
k230-touch-trackpad: in  type=0 code=0 value=0
k230-touch-trackpad: shell move dx=0.000000 dy=-0.034181
k230-touch-trackpad: in  type=3 code=47 value=0
k230-touch-trackpad: in  type=3 code=54 value=130
k230-touch-trackpad: in  type=3 code=47 value=1
k230-touch-trackpad: in  type=3 code=54 value=130
k230-touch-trackpad: in  type=0 code=0 value=0
k230-touch-trackpad: shell move dx=0.000000 dy=-0.045852
k230-touch-trackpad: in  type=3 code=47 value=0
k230-touch-trackpad: in  type=3 code=54 value=102
k230-touch-trackpad: in  type=3 code=47 value=1
k230-touch-trackpad: in  type=3 code=54 value=102
k230-touch-trackpad: in  type=0 code=0 value=0
k230-touch-trackpad: shell move dx=0.000000 dy=-0.057524
k230-touch-trackpad: in  type=3 code=47 value=0
k230-touch-trackpad: in  type=3 code=54 value=75
k230-touch-trackpad: in  type=3 code=47 value=1
k230-touch-trackpad: in  type=3 code=54 value=75
k230-touch-trackpad: in  type=0 code=0 value=0
k230-touch-trackpad: shell move dx=0.000000 dy=-0.068779
k230-touch-trackpad: in  type=3 code=47 value=0
k230-touch-trackpad: in  type=3 code=54 value=48
k230-touch-trackpad: in  type=3 code=47 value=1
k230-touch-trackpad: in  type=3 code=54 value=48
k230-touch-trackpad: in  type=0 code=0 value=0
k230-touch-trackpad: shell move dx=0.000000 dy=-0.080033
k230-touch-trackpad: in  type=3 code=47 value=0
k230-touch-trackpad: in  type=3 code=54 value=20
k230-touch-trackpad: in  type=3 code=47 value=1
k230-touch-trackpad: in  type=3 code=54 value=20
k230-touch-trackpad: in  type=0 code=0 value=0
k230-touch-trackpad: shell move dx=0.000000 dy=-0.091705
k230-touch-trackpad: in  type=3 code=57 value=-1
k230-touch-trackpad: in  type=0 code=0 value=0
k230-touch-trackpad: shell terminal=End
k230-touch-trackpad: in  type=3 code=47 value=0
k230-touch-trackpad: in  type=3 code=57 value=-1
k230-touch-trackpad: in  type=1 code=330 value=0
k230-touch-trackpad: in  type=0 code=0 value=0
k230-touch-trackpad: poll error, leaving trackpad mode: Interrupted system call (os error 4)
k230-touch-trackpad: left trackpad mode, ungrabbed touchscreen
k230-touch-trackpad: shutting down
