Building image
these 7 derivations will be built:
  /nix/store/21r5mxq9qqmcv9kxxp9l8aimqkzbvyb8-closure-info.drv
  /nix/store/nk5crfr33pbsbcya551zhqg1hzazs1h8-python3-3.14.7-env.drv
  /nix/store/kac0dycgcny0m9yapbhmdydyhps6a75q-uboot-k230_canmv_v3_defconfig-riscv64-unknown-linux-gnu-2022.10.drv
  /nix/store/v4dk5d7wssq0rjsvzv6rqcmvsdfrmqpk-k230-stage1-packaging.drv
  /nix/store/dvs44wksx9laygrqry31xzi6iad45kbz-k230-stage1.drv
  /nix/store/p0k1m3zc72zhrlyyqifb43p76qf91gin-ext4-fs.img.drv
  /nix/store/mfp8f7zpibqzibwgfpjxnng3fxq1712n-k230-sd-image.img.drv
this path will be fetched (17.5 MiB download, 17.5 MiB unpacked):
  /nix/store/mx81zf7x1p63ljnryly0w2439sxjw694-u-boot-2022.10.tar.bz2
building '/nix/store/21r5mxq9qqmcv9kxxp9l8aimqkzbvyb8-closure-info.drv'...
copying path '/nix/store/mx81zf7x1p63ljnryly0w2439sxjw694-u-boot-2022.10.tar.bz2' from 'https://cache.nixos.org'...
building '/nix/store/nk5crfr33pbsbcya551zhqg1hzazs1h8-python3-3.14.7-env.drv'...
building '/nix/store/p0k1m3zc72zhrlyyqifb43p76qf91gin-ext4-fs.img.drv'...
building '/nix/store/kac0dycgcny0m9yapbhmdydyhps6a75q-uboot-k230_canmv_v3_defconfig-riscv64-unknown-linux-gnu-2022.10.drv'...
building '/nix/store/v4dk5d7wssq0rjsvzv6rqcmvsdfrmqpk-k230-stage1-packaging.drv'...
building '/nix/store/dvs44wksx9laygrqry31xzi6iad45kbz-k230-stage1.drv'...
building '/nix/store/mfp8f7zpibqzibwgfpjxnng3fxq1712n-k230-sd-image.img.drv'...
Building system
Building kernel
Building device_tree
Compressing image
/home/jadams/tmp/k230-release-65c0a71d1db5
