Host-only matching boot preparation; no board or card action.
Completed UTC: 2026-10-01T06:54:45.111041+00:00
Base revision: 58ca5bf2781f74305fb687c885ca842272e0373c
Command: flock /tmp/k230-nix-build.lock nix build .#kernelMainlineDrmTrialBootFiles --no-link --print-out-paths --max-jobs 1 --cores 4
Result: exit 0 (including cached current-argument confirmation)
warning: Git tree '/mnt/MediaVolume/home/jadams/src/gitlab.daringbit.com/josh/k230-mainline-boot-preparation' is dirty
these 55 derivations will be built:
  /nix/store/06q5f3i4akdyd69vgrriv47sy273z1z0-nuke-refs.drv
  /nix/store/16c59cclwhkv06bx70ffq06k3i21a4dd-unit-sockets.target.drv
  /nix/store/1wvbcv2vwqnlij9s9xa2nf33fmfk9qy0-unit-modprobe-.service.drv
  /nix/store/4rwya0v8prpvhx3j8dy08qg2yi8gq78k-unit-systemd-tmpfiles-setup-sysroot.service.drv
  /nix/store/7663rbp3j2ycd5x6s0127v3v9xw36n6y-unit-sysroot-run.mount.drv
  /nix/store/s218w925js3964pk53a5km7p2bv11wkx-initrd-fstab.drv
  /nix/store/7gc3mb7m0cyqacmq9y5pmywbbyxw88fk-unit-initrd-parse-etc.service.drv
  /nix/store/95hgaih61hp7varc2xr3ah30q7xvfl5z-unit-dbus.service.drv
  /nix/store/lygs91d8lni54d00wqmrfl0h0r0axhaq-unit-script-initrd-find-nixos-closure-start.drv
  /nix/store/fhs8w0j5gx14abdxrc494by33rn7sr50-unit-initrd-find-nixos-closure.service.drv
  /nix/store/i18i5y121wn26hyrjc2v7vf5n3i5bw4l-unit-script-initrd-nixos-activation-start.drv
  /nix/store/fk39qpqil4jbjs7fj5gypdz91r5k86vd-unit-initrd-nixos-activation.service.drv
  /nix/store/fz5lg5qi0nn3hxj4dsdnyvy6ncvq1iqq-unit-dbus.socket.drv
  /nix/store/svrg13pyxpb8404kgk5yhhfrn5cc0hyw-unit-initrd-switch-root.service.drv
  /nix/store/wj0bmjzhjclvj7xwsxq0djlrczmvrj8g-unit-systemd-tmpfiles-setup.service.drv
  /nix/store/yybjycjschg0b4qix6kkh7mmd2fvn9qv-unit-panic-on-fail.service.drv
  /nix/store/zy1kxnqj1n4wzlrclndl8vm85ln14g4n-unit-initrd.target.drv
  /nix/store/139ch66ikfzgraacrxcqifvs8ssanbja-initrd-units.drv
  /nix/store/1yskbqs1xkk3psxhlx6jvqw1hy3pg0kg-initrd-shells.drv
  /nix/store/8v08whmldn2z8qg8wplpcpnaj6bcxdjs-kernel-intermediate-config.drv
  /nix/store/q58x05pvzvnrj1b7jd209rghgdgfyjj5-linux-mainline-k230-src.drv
  /nix/store/wfcai0i0n1sgm4d6r2dndslzdycd5wg9-linux-mainline-k230-drm-src.drv
  /nix/store/svqx07sin0xcfk0msbxllk61qgrsr28s-linux-config-riscv64-unknown-linux-gnu-7.3.0-rc5.drv
  /nix/store/20m009npwpn82afsh8zjkvm5hm1dgjab-55-nixos-aslr-entropy.conf.drv
  /nix/store/329w71c9bxlqbfc4py8xlxi34m2mrvgz-initrd-udev-rules.drv
  /nix/store/vm9barlk5fbmqyvd3bfna4izjqcg2ajc-system-units.drv
  /nix/store/3nyahdp0pm7z16fldlaa7w75p2izk77h-etc.drv
  /nix/store/3pzn3a7ksbfq6m1s665vnag5h3azfrhc-initrd-passwd.drv
  /nix/store/4f7w5b2i1jgx76sb18nc9m1zrdig0fgn-dbus-1.drv
  /nix/store/if7w0vvv96hy8dkda9vacbk4hdcnk5lv-initrd-bin-env.drv
  /nix/store/6ka66r1b4csxi9y61f8fsmzj71l5f30a-script.drv
  /nix/store/h065nsb27zpnw52gmd266r2pvzfi1fdn-system-sendmail-riscv64-unknown-linux-gnu-1.0.drv
  /nix/store/k3kyr7wrfz8gh6ff2705jjc57403npg2-mdadm-riscv64-unknown-linux-gnu-4.6.drv
  /nix/store/ka2n9bgm3wdk32zcpa70gsjjnwny0n4n-udev-fido2.drv
  /nix/store/4piy9bq0sax8cdg0ay1fmbm9lld2njpg-initrd-udev-rules.drv
  /nix/store/6vjr5mgrf6z8z1kaddffhh4ys783v9ra-initrd-nixos.conf.drv
  /nix/store/a5p7gc58yynp023lh97swpgsc0ink73j-initrd-nixos.conf.drv
  /nix/store/grsml8nrjad5m4qfslacafpm968688j9-installkernel.drv
  /nix/store/v8g3hg65hmpy9irdvrrqn52mpwpldkvz-linux-riscv64-unknown-linux-gnu-7.3.0-rc5.drv
  /nix/store/yxlhvydgx66hrhdvpv5c1dp7vk3qzv7p-linux-riscv64-unknown-linux-gnu-7.3.0-rc5-modules.drv
  /nix/store/aa5kvg7pbycfp82nv3q897g5m0g9slnj-linux-riscv64-unknown-linux-gnu-7.3.0-rc5-modules-shrunk.drv
  /nix/store/airi6y2zmr178cc8lihilm4yc3wwqxi5-initrd-release.drv
  /nix/store/h7jk2ak5d57d4nn61qsy6f9lbd1yjs66-activate.drv
  /nix/store/v37yj4bl70lp3pdxg06cqldvxgb9d1dz-dry-activate.drv
  /nix/store/dzfdf0q72mz4imwlqf9q8h459gizdgdh-initrd-group.drv
  /nix/store/dzh8l7sn9i9g69myhch91p5cn28hhjwp-initrd-shadow.drv
  /nix/store/nl1rsjn5cbzv8xxi5izza64wyjq0i4vp-initrd-system.conf.drv
  /nix/store/p0gip0w6j6p2cz4f0kmjikg0ky2wdc6b-initrd-hostname.drv
  /nix/store/x9vgycx9hmyhc6h66cvww863c5cijf0n-initrd-unit-env.drv
  /nix/store/zycb31gf3f9375gp62drmnkrac6ihnnf-initrd-linux-riscv64-unknown-linux-gnu-7.3.0-rc5.drv
  /nix/store/vmwq4dlbcjz5fcdxr4vaxjzmw1q19ql6-boot.json.drv
  /nix/store/bnjhmhwrmxr3hmywhb9pl5iiv8s7vsqf-nixos-system-nixos-26.11.20260919.20b1ddd.drv
  /nix/store/h5r91yjvnjgj72n4k6g0ph2l4ri10p2q-closure-info.drv
  /nix/store/mll8jcf8snf02gb2y8xf4bp51747hw93-k230-tdisplay-mainline-drm.dtb.drv
  /nix/store/lwg41x8j5f86j2bxj48g3wpvjjc34ybq-k230-mainline-drm-trial-boot-files.drv
these 22 paths will be fetched (246.1 MiB download, 1.6 GiB unpacked):
  /nix/store/byjwb34ks192gdxx6jfzmshizxm3lc75-bc-1.08.2
  /nix/store/5gykw53hlpdra6qy0j4crj1a5jxp5bw2-cpio-2.15
  /nix/store/1sj0rbpn9nzz1mp754r15yxbnvzbdhfb-gmp-with-cxx-6.3.0-dev
  /nix/store/3p8mp9njvxk25k27kydvzvcjh0fqdi7i-hexdump-util-linux-minimal-2.42.3
  /nix/store/mlh5isjgb3wr5xrc2svvffsqcnxq0skq-kmod-31-dev
  /nix/store/hh1ynmmrbknci6y93kpbm2v2mm4bb3dy-make-initrd-ng-0.1.0
  /nix/store/xqms3g2v8vxakzw5w9i15l6y4kzkyci2-mdadm
  /nix/store/7dfg3m2pjzg7q2g1s88vavzdw4np7wlj-mpfr-4.2.2-dev
  /nix/store/kndnrzw57nlwwwl6kskn75x1cgmrcrhv-pahole-1.31
  /nix/store/bwxhmwp27fsnmybwckd1fx3vpz0hlcdl-popt-1.19
  /nix/store/zzi21pyvw7c62wq0ya0srsk4h7fzf0sj-python3-3.14.7-env
  /nix/store/j0c03li98wyk84icrhbjdy1qvp5lrgap-python3-minimal-3.14.7
  /nix/store/65849i80qxx5i4xm1pbx6z8r84al7066-python3.14-cffi-2.1.0
  /nix/store/sc73ghj2fwini63gr7g440cdck564fkf-python3.14-cryptography-50.0.0
  /nix/store/h43nxqdv8998cb3kvn9ancryizn23f5k-python3.14-pycparser-3.00
  /nix/store/5c9q9x8x39v7931f1jwijld4fsjdhv38-python3.14-pyopenssl-26.3.0
  /nix/store/3acdzrkir2rz5dd1mhw6d6d1b23kzjbp-python3.14-typing-extensions-4.16.0
  /nix/store/xsqksk052q5vq3pkan275zwh1l0ackr0-rsync-3.5.0
  /nix/store/9x711pysr9hdbpk8b7y7hnpi12514zqn-source
  /nix/store/8n193cjds2jxa5l3ahb0dxq3hb3hi7lv-uboot-tools-only_defconfig-2026.07
  /nix/store/nm6wl1rwrdnks91q60p7l7i209m6nd4a-util-linux-minimal-2.42.3-man
  /nix/store/f898giq9hminpxv4br46yxbag0nfmxg0-xxhash-0.8.3
building '/nix/store/vm9barlk5fbmqyvd3bfna4izjqcg2ajc-system-units.drv'...
copying path '/nix/store/5c9q9x8x39v7931f1jwijld4fsjdhv38-python3.14-pyopenssl-26.3.0' from 'https://cache.nixos.org'...
copying path '/nix/store/9x711pysr9hdbpk8b7y7hnpi12514zqn-source' from 'https://cache.nixos.org'...
copying path '/nix/store/byjwb34ks192gdxx6jfzmshizxm3lc75-bc-1.08.2' from 'https://cache.nixos.org'...
copying path '/nix/store/5gykw53hlpdra6qy0j4crj1a5jxp5bw2-cpio-2.15' from 'https://cache.nixos.org'...
copying path '/nix/store/1sj0rbpn9nzz1mp754r15yxbnvzbdhfb-gmp-with-cxx-6.3.0-dev' from 'https://cache.nixos.org'...
copying path '/nix/store/mlh5isjgb3wr5xrc2svvffsqcnxq0skq-kmod-31-dev' from 'https://cache.nixos.org'...
copying path '/nix/store/hh1ynmmrbknci6y93kpbm2v2mm4bb3dy-make-initrd-ng-0.1.0' from 'https://cache.nixos.org'...
copying path '/nix/store/j0c03li98wyk84icrhbjdy1qvp5lrgap-python3-minimal-3.14.7' from 'https://cache.nixos.org'...
copying path '/nix/store/kndnrzw57nlwwwl6kskn75x1cgmrcrhv-pahole-1.31' from 'https://cache.nixos.org'...
copying path '/nix/store/h43nxqdv8998cb3kvn9ancryizn23f5k-python3.14-pycparser-3.00' from 'https://cache.nixos.org'...
copying path '/nix/store/3acdzrkir2rz5dd1mhw6d6d1b23kzjbp-python3.14-typing-extensions-4.16.0' from 'https://cache.nixos.org'...
copying path '/nix/store/nm6wl1rwrdnks91q60p7l7i209m6nd4a-util-linux-minimal-2.42.3-man' from 'https://cache.nixos.org'...
copying path '/nix/store/bwxhmwp27fsnmybwckd1fx3vpz0hlcdl-popt-1.19' from 'https://cache.nixos.org'...
copying path '/nix/store/f898giq9hminpxv4br46yxbag0nfmxg0-xxhash-0.8.3' from 'https://cache.nixos.org'...
copying path '/nix/store/xqms3g2v8vxakzw5w9i15l6y4kzkyci2-mdadm' from 'https://cache.nixos.org'...
copying path '/nix/store/7dfg3m2pjzg7q2g1s88vavzdw4np7wlj-mpfr-4.2.2-dev' from 'https://cache.nixos.org'...
copying path '/nix/store/xsqksk052q5vq3pkan275zwh1l0ackr0-rsync-3.5.0' from 'https://cache.nixos.org'...
copying path '/nix/store/65849i80qxx5i4xm1pbx6z8r84al7066-python3.14-cffi-2.1.0' from 'https://cache.nixos.org'...
copying path '/nix/store/3p8mp9njvxk25k27kydvzvcjh0fqdi7i-hexdump-util-linux-minimal-2.42.3' from 'https://cache.nixos.org'...
building '/nix/store/329w71c9bxlqbfc4py8xlxi34m2mrvgz-initrd-udev-rules.drv'...
copying path '/nix/store/sc73ghj2fwini63gr7g440cdck564fkf-python3.14-cryptography-50.0.0' from 'https://cache.nixos.org'...
building '/nix/store/s218w925js3964pk53a5km7p2bv11wkx-initrd-fstab.drv'...
building '/nix/store/95hgaih61hp7varc2xr3ah30q7xvfl5z-unit-dbus.service.drv'...
building '/nix/store/if7w0vvv96hy8dkda9vacbk4hdcnk5lv-initrd-bin-env.drv'...
building '/nix/store/dzfdf0q72mz4imwlqf9q8h459gizdgdh-initrd-group.drv'...
building '/nix/store/7gc3mb7m0cyqacmq9y5pmywbbyxw88fk-unit-initrd-parse-etc.service.drv'...
building '/nix/store/4f7w5b2i1jgx76sb18nc9m1zrdig0fgn-dbus-1.drv'...
building '/nix/store/fz5lg5qi0nn3hxj4dsdnyvy6ncvq1iqq-unit-dbus.socket.drv'...
building '/nix/store/svrg13pyxpb8404kgk5yhhfrn5cc0hyw-unit-initrd-switch-root.service.drv'...
building '/nix/store/p0gip0w6j6p2cz4f0kmjikg0ky2wdc6b-initrd-hostname.drv'...
building '/nix/store/6vjr5mgrf6z8z1kaddffhh4ys783v9ra-initrd-nixos.conf.drv'...
building '/nix/store/1wvbcv2vwqnlij9s9xa2nf33fmfk9qy0-unit-modprobe-.service.drv'...
building '/nix/store/v37yj4bl70lp3pdxg06cqldvxgb9d1dz-dry-activate.drv'...
building '/nix/store/1yskbqs1xkk3psxhlx6jvqw1hy3pg0kg-initrd-shells.drv'...
building '/nix/store/dzh8l7sn9i9g69myhch91p5cn28hhjwp-initrd-shadow.drv'...
building '/nix/store/a5p7gc58yynp023lh97swpgsc0ink73j-initrd-nixos.conf.drv'...
building '/nix/store/4rwya0v8prpvhx3j8dy08qg2yi8gq78k-unit-systemd-tmpfiles-setup-sysroot.service.drv'...
building '/nix/store/lygs91d8lni54d00wqmrfl0h0r0axhaq-unit-script-initrd-find-nixos-closure-start.drv'...
building '/nix/store/3pzn3a7ksbfq6m1s665vnag5h3azfrhc-initrd-passwd.drv'...
building '/nix/store/fhs8w0j5gx14abdxrc494by33rn7sr50-unit-initrd-find-nixos-closure.service.drv'...
building '/nix/store/16c59cclwhkv06bx70ffq06k3i21a4dd-unit-sockets.target.drv'...
building '/nix/store/airi6y2zmr178cc8lihilm4yc3wwqxi5-initrd-release.drv'...
building '/nix/store/wj0bmjzhjclvj7xwsxq0djlrczmvrj8g-unit-systemd-tmpfiles-setup.service.drv'...
building '/nix/store/nl1rsjn5cbzv8xxi5izza64wyjq0i4vp-initrd-system.conf.drv'...
building '/nix/store/7663rbp3j2ycd5x6s0127v3v9xw36n6y-unit-sysroot-run.mount.drv'...
building '/nix/store/grsml8nrjad5m4qfslacafpm968688j9-installkernel.drv'...
building '/nix/store/06q5f3i4akdyd69vgrriv47sy273z1z0-nuke-refs.drv'...
building '/nix/store/yybjycjschg0b4qix6kkh7mmd2fvn9qv-unit-panic-on-fail.service.drv'...
building '/nix/store/8v08whmldn2z8qg8wplpcpnaj6bcxdjs-kernel-intermediate-config.drv'...
copying path '/nix/store/zzi21pyvw7c62wq0ya0srsk4h7fzf0sj-python3-3.14.7-env' from 'https://cache.nixos.org'...
building '/nix/store/x9vgycx9hmyhc6h66cvww863c5cijf0n-initrd-unit-env.drv'...
building '/nix/store/ka2n9bgm3wdk32zcpa70gsjjnwny0n4n-udev-fido2.drv'...
building '/nix/store/zy1kxnqj1n4wzlrclndl8vm85ln14g4n-unit-initrd.target.drv'...
building '/nix/store/6ka66r1b4csxi9y61f8fsmzj71l5f30a-script.drv'...
building '/nix/store/i18i5y121wn26hyrjc2v7vf5n3i5bw4l-unit-script-initrd-nixos-activation-start.drv'...
copying path '/nix/store/8n193cjds2jxa5l3ahb0dxq3hb3hi7lv-uboot-tools-only_defconfig-2026.07' from 'https://cache.nixos.org'...
building '/nix/store/h065nsb27zpnw52gmd266r2pvzfi1fdn-system-sendmail-riscv64-unknown-linux-gnu-1.0.drv'...
building '/nix/store/fk39qpqil4jbjs7fj5gypdz91r5k86vd-unit-initrd-nixos-activation.service.drv'...
building '/nix/store/k3kyr7wrfz8gh6ff2705jjc57403npg2-mdadm-riscv64-unknown-linux-gnu-4.6.drv'...
building '/nix/store/139ch66ikfzgraacrxcqifvs8ssanbja-initrd-units.drv'...
building '/nix/store/4piy9bq0sax8cdg0ay1fmbm9lld2njpg-initrd-udev-rules.drv'...
building '/nix/store/mll8jcf8snf02gb2y8xf4bp51747hw93-k230-tdisplay-mainline-drm.dtb.drv'...
building '/nix/store/q58x05pvzvnrj1b7jd209rghgdgfyjj5-linux-mainline-k230-src.drv'...
building '/nix/store/wfcai0i0n1sgm4d6r2dndslzdycd5wg9-linux-mainline-k230-drm-src.drv'...
building '/nix/store/svqx07sin0xcfk0msbxllk61qgrsr28s-linux-config-riscv64-unknown-linux-gnu-7.3.0-rc5.drv'...
building '/nix/store/20m009npwpn82afsh8zjkvm5hm1dgjab-55-nixos-aslr-entropy.conf.drv'...
building '/nix/store/v8g3hg65hmpy9irdvrrqn52mpwpldkvz-linux-riscv64-unknown-linux-gnu-7.3.0-rc5.drv'...
building '/nix/store/3nyahdp0pm7z16fldlaa7w75p2izk77h-etc.drv'...
building '/nix/store/yxlhvydgx66hrhdvpv5c1dp7vk3qzv7p-linux-riscv64-unknown-linux-gnu-7.3.0-rc5-modules.drv'...
building '/nix/store/h7jk2ak5d57d4nn61qsy6f9lbd1yjs66-activate.drv'...
building '/nix/store/aa5kvg7pbycfp82nv3q897g5m0g9slnj-linux-riscv64-unknown-linux-gnu-7.3.0-rc5-modules-shrunk.drv'...
building '/nix/store/zycb31gf3f9375gp62drmnkrac6ihnnf-initrd-linux-riscv64-unknown-linux-gnu-7.3.0-rc5.drv'...
building '/nix/store/vmwq4dlbcjz5fcdxr4vaxjzmw1q19ql6-boot.json.drv'...
building '/nix/store/bnjhmhwrmxr3hmywhb9pl5iiv8s7vsqf-nixos-system-nixos-26.11.20260919.20b1ddd.drv'...
building '/nix/store/h5r91yjvnjgj72n4k6g0ph2l4ri10p2q-closure-info.drv'...
building '/nix/store/lwg41x8j5f86j2bxj48g3wpvjjc34ybq-k230-mainline-drm-trial-boot-files.drv'...
/nix/store/9v5jwcg97kp96jfj6nll4a4yixxzqh2x-k230-mainline-drm-trial-boot-files
warning: Git tree '/mnt/MediaVolume/home/jadams/src/gitlab.daringbit.com/josh/k230-mainline-boot-preparation' is dirty
/nix/store/9v5jwcg97kp96jfj6nll4a4yixxzqh2x-k230-mainline-drm-trial-boot-files

Command: nix shell --inputs-from . nixpkgs#dtc --command python3 tools/mainline-drm-trial-inspect.py /nix/store/9v5jwcg97kp96jfj6nll4a4yixxzqh2x-k230-mainline-drm-trial-boot-files
Result: exit 0
warning: Git tree '/mnt/MediaVolume/home/jadams/src/gitlab.daringbit.com/josh/k230-mainline-boot-preparation' is dirty
Image-mainline-drm: OK
k230-tdisplay-mainline-drm.dtb: OK
initrd.uimg: OK
bootargs.txt: OK
{
  "bundle": "/nix/store/9v5jwcg97kp96jfj6nll4a4yixxzqh2x-k230-mainline-drm-trial-boot-files",
  "system": "/nix/store/jz3dwcq9wq99jl7111zcg4bpcxz92i6k-nixos-system-nixos-26.11.20260919.20b1ddd",
  "kernel": "/nix/store/qa041skh6iy7rmx86c5zfn2xyq036f0g-linux-riscv64-unknown-linux-gnu-7.3.0-rc5",
  "closure_paths": 629,
  "bootargs": "console=tty0 consoleblank=0 console=ttyS0,115200n8 root=fstab loglevel=4 lsm=landlock,yama,bpf loglevel=7 init=/nix/store/jz3dwcq9wq99jl7111zcg4bpcxz92i6k-nixos-system-nixos-26.11.20260919.20b1ddd/init",
  "files": {
    "registration": 303363,
    "Image-mainline-drm": 38530048,
    "initrd.uimg": 27328007,
    "k230-tdisplay-mainline-drm.dtb": 10778,
    "SHA256SUMS": 339,
    "store-paths": 49876,
    "bootargs.txt": 211
  },
  "uimage_crc_valid": true,
  "initrd_payload_matches_system": true,
  "Image_matches_candidate": true,
  "DTB_bootargs_matches_environment": true
}

Command: nix flake check --no-build
Result: exit 0; all checks passed.
Command: openspec validate the-board-runs-a-mainline-kernel --strict
Result: exit 0; change valid.
