these 14 derivations will be built:
  /nix/store/mmhymr0i8cx7vzh9fj5ymxxianipaws2-gobject-introspection-wrapped-1.86.0.drv
  /nix/store/aavvsid9vv8flmv42j9v1faxwkvc5a87-gdk-pixbuf-riscv64-unknown-linux-gnu-2.44.7.drv
  /nix/store/cgx3csmx9xvmzaqli1rgra6fll26qzf4-cairo-riscv64-unknown-linux-gnu-1.18.4.drv
  /nix/store/dslr4wrdgscsisj18w7sp63arlydgrxx-vala-riscv64-unknown-linux-gnu-0.56.19.drv
  /nix/store/v3fafmlhrr4v7fizp28918kswc1z59sv-gdk-pixbuf-loader-loaders-wrapped.drv
  /nix/store/6w8dan3w9bp5cdxij1gr2v9m7qnlx642-harfbuzz-riscv64-unknown-linux-gnu-13.2.1.drv
  /nix/store/ylrkz1cvdx9x117dcj3dgghr716ir122-pango-riscv64-unknown-linux-gnu-1.57.1.drv
  /nix/store/a6ksv0klvb05pn1dmmg4hhk2caq6h8fk-librsvg-riscv64-unknown-linux-gnu-2.62.3.drv
  /nix/store/lxn9zx7dbphdpdjxg81m1ysjr13d1wq2-fix-paths.patch.drv
  /nix/store/a5z8k19xsgb572qppf6adcvxcl56s3mj-sway-unwrapped-riscv64-unknown-linux-gnu-1.12.drv
  /nix/store/q1kfkmzfk7c5n8wqjlc30948fiw4c67v-sway.drv
  /nix/store/dy2mpsv170bwqr2ihdlqah8cwvmw2s30-sway-1.12.drv
  /nix/store/ynnj4sl46bbzra94q90qlrz99b78lrh7-card-shell.drv
  /nix/store/36h0vyqx4v3xg9f7qks4hir4ck30cycq-k230-card-shell.drv
building '/nix/store/lxn9zx7dbphdpdjxg81m1ysjr13d1wq2-fix-paths.patch.drv'...
building '/nix/store/cgx3csmx9xvmzaqli1rgra6fll26qzf4-cairo-riscv64-unknown-linux-gnu-1.18.4.drv'...
building '/nix/store/mmhymr0i8cx7vzh9fj5ymxxianipaws2-gobject-introspection-wrapped-1.86.0.drv'...
building '/nix/store/aavvsid9vv8flmv42j9v1faxwkvc5a87-gdk-pixbuf-riscv64-unknown-linux-gnu-2.44.7.drv'...
building '/nix/store/dslr4wrdgscsisj18w7sp63arlydgrxx-vala-riscv64-unknown-linux-gnu-0.56.19.drv'...
building '/nix/store/v3fafmlhrr4v7fizp28918kswc1z59sv-gdk-pixbuf-loader-loaders-wrapped.drv'...
building '/nix/store/6w8dan3w9bp5cdxij1gr2v9m7qnlx642-harfbuzz-riscv64-unknown-linux-gnu-13.2.1.drv'...
building '/nix/store/ylrkz1cvdx9x117dcj3dgghr716ir122-pango-riscv64-unknown-linux-gnu-1.57.1.drv'...
building '/nix/store/a6ksv0klvb05pn1dmmg4hhk2caq6h8fk-librsvg-riscv64-unknown-linux-gnu-2.62.3.drv'...
building '/nix/store/a5z8k19xsgb572qppf6adcvxcl56s3mj-sway-unwrapped-riscv64-unknown-linux-gnu-1.12.drv'...
building '/nix/store/q1kfkmzfk7c5n8wqjlc30948fiw4c67v-sway.drv'...
building '/nix/store/dy2mpsv170bwqr2ihdlqah8cwvmw2s30-sway-1.12.drv'...
building '/nix/store/ynnj4sl46bbzra94q90qlrz99b78lrh7-card-shell.drv'...
building '/nix/store/36h0vyqx4v3xg9f7qks4hir4ck30cycq-k230-card-shell.drv'...
/nix/store/gg7m8cqiixyi5mr7a3jcjz431np9a2na-k230-card-shell
