warning: Git tree '/home/jadams/tmp/k230-mainline-restart' is dirty
these 51 derivations will be built:
  /nix/store/05ywb21gl05drgw423fn0i1w7nar7ck9-55-nixos-aslr-entropy.conf.drv
  /nix/store/06q5f3i4akdyd69vgrriv47sy273z1z0-nuke-refs.drv
  /nix/store/16c59cclwhkv06bx70ffq06k3i21a4dd-unit-sockets.target.drv
  /nix/store/1wvbcv2vwqnlij9s9xa2nf33fmfk9qy0-unit-modprobe-.service.drv
  /nix/store/4rwya0v8prpvhx3j8dy08qg2yi8gq78k-unit-systemd-tmpfiles-setup-sysroot.service.drv
  /nix/store/7663rbp3j2ycd5x6s0127v3v9xw36n6y-unit-sysroot-run.mount.drv
  /nix/store/s218w925js3964pk53a5km7p2bv11wkx-initrd-fstab.drv
  /nix/store/7gc3mb7m0cyqacmq9y5pmywbbyxw88fk-unit-initrd-parse-etc.service.drv
  /nix/store/95hgaih61hp7varc2xr3ah30q7xvfl5z-unit-dbus.service.drv
  /nix/store/lygs91d8lni54d00wqmrfl0h0r0axhaq-unit-script-initrd-find-nixos-closure-start.drv
  /nix/store/fhs8w0j5gx14abdxrc494by33rn7sr50-unit-initrd-find-nixos-closure.service.drv
  /nix/store/i18i5y121wn26hyrjc2v7vf5n3i5bw4l-unit-script-initrd-nixos-activation-start.drv
  /nix/store/fk39qpqil4jbjs7fj5gypdz91r5k86vd-unit-initrd-nixos-activation.service.drv
  /nix/store/fz5lg5qi0nn3hxj4dsdnyvy6ncvq1iqq-unit-dbus.socket.drv
  /nix/store/svrg13pyxpb8404kgk5yhhfrn5cc0hyw-unit-initrd-switch-root.service.drv
  /nix/store/wj0bmjzhjclvj7xwsxq0djlrczmvrj8g-unit-systemd-tmpfiles-setup.service.drv
  /nix/store/yybjycjschg0b4qix6kkh7mmd2fvn9qv-unit-panic-on-fail.service.drv
  /nix/store/zy1kxnqj1n4wzlrclndl8vm85ln14g4n-unit-initrd.target.drv
  /nix/store/139ch66ikfzgraacrxcqifvs8ssanbja-initrd-units.drv
  /nix/store/1yskbqs1xkk3psxhlx6jvqw1hy3pg0kg-initrd-shells.drv
  /nix/store/329w71c9bxlqbfc4py8xlxi34m2mrvgz-initrd-udev-rules.drv
  /nix/store/3pzn3a7ksbfq6m1s665vnag5h3azfrhc-initrd-passwd.drv
  /nix/store/4f7w5b2i1jgx76sb18nc9m1zrdig0fgn-dbus-1.drv
  /nix/store/fm0amvkrp0ml77k5vayvyrbwi5fcwi95-builder.pl.drv
  /nix/store/if7w0vvv96hy8dkda9vacbk4hdcnk5lv-initrd-bin-env.drv
  /nix/store/6ka66r1b4csxi9y61f8fsmzj71l5f30a-script.drv
  /nix/store/h065nsb27zpnw52gmd266r2pvzfi1fdn-system-sendmail-riscv64-unknown-linux-gnu-1.0.drv
  /nix/store/k3kyr7wrfz8gh6ff2705jjc57403npg2-mdadm-riscv64-unknown-linux-gnu-4.6.drv
  /nix/store/ka2n9bgm3wdk32zcpa70gsjjnwny0n4n-udev-fido2.drv
  /nix/store/4piy9bq0sax8cdg0ay1fmbm9lld2njpg-initrd-udev-rules.drv
  /nix/store/505maa7vcmb5f51zl5c98rh5isyk3c3q-k230-tdisplay-mainline-drm.dtb.drv
  /nix/store/6vjr5mgrf6z8z1kaddffhh4ys783v9ra-initrd-nixos.conf.drv
  /nix/store/786fvcckx4wpj6szgaqmdwwhrbnwqvkq-etc.drv
  /nix/store/knb35q1bpdby9zqlqhzl6wxknwqiwcb3-linux-riscv64-unknown-linux-gnu-7.3.0-rc5-modules.drv
  /nix/store/7da2x5caydq9v38rclpbkwrswyynb4k7-linux-riscv64-unknown-linux-gnu-7.3.0-rc5-modules-shrunk.drv
  /nix/store/a5p7gc58yynp023lh97swpgsc0ink73j-initrd-nixos.conf.drv
  /nix/store/airi6y2zmr178cc8lihilm4yc3wwqxi5-initrd-release.drv
  /nix/store/dzfdf0q72mz4imwlqf9q8h459gizdgdh-initrd-group.drv
  /nix/store/dzh8l7sn9i9g69myhch91p5cn28hhjwp-initrd-shadow.drv
  /nix/store/nl1rsjn5cbzv8xxi5izza64wyjq0i4vp-initrd-system.conf.drv
  /nix/store/p0gip0w6j6p2cz4f0kmjikg0ky2wdc6b-initrd-hostname.drv
  /nix/store/x9vgycx9hmyhc6h66cvww863c5cijf0n-initrd-unit-env.drv
  /nix/store/q0qwp61v6p6rln6q5bgg9shx4g8b7b9c-initrd-linux-riscv64-unknown-linux-gnu-7.3.0-rc5.drv
  /nix/store/c22xwrp078q92qqmwlpxxgsxjgxx4bxf-boot.json.drv
  /nix/store/ccsf8r059mqz6xjvjccv7c7r7n7m73i8-activate.drv
  /nix/store/pxpqinwjfgn8qzgfd662vg01fmn752dq-ensure-all-wrappers-paths-exist.drv
  /nix/store/qcacm0jyypzn12gxnvvq4xiz3fjqgs0k-stage-2-init.sh.drv
  /nix/store/v37yj4bl70lp3pdxg06cqldvxgb9d1dz-dry-activate.drv
  /nix/store/hv6fj0kxba83qs8j6hdl1zz05xnwm68s-nixos-system-nixos-26.11.20260919.20b1ddd.drv
  /nix/store/v52sx3pfw6mvxpgxs2c27sa03i18kz8r-closure-info.drv
  /nix/store/kfzfg8f9mva6kng4vszy6v51h080ablz-k230-mainline-drm-trial-boot-files.drv
these 15 paths will be fetched (6.2 MiB download, 24.7 MiB unpacked):
  /nix/store/yj48bn5mmzda2gfl944rwlr6jh652ip6-dtc-1.7.2
  /nix/store/s300735vxpnpg9fskbic22xdmg9rwnsm-find-xml-catalogs-hook
  /nix/store/l2nb6wr2589fqsfrvik1q8hm2kxmlwvk-groff-1.24.1
  /nix/store/84sggxlzw0adckmzzysvrajmmdl5p6qq-libcap-text-verifier-0-unstable
  /nix/store/pgdw0mjn0nm046q14krd4n8p5liv7xh2-libxslt-1.1.45-bin
  /nix/store/hh1ynmmrbknci6y93kpbm2v2mm4bb3dy-make-initrd-ng-0.1.0
  /nix/store/xn7acl4s2y8smclnd09gysqpfydqyhj7-make-shell-wrapper-hook
  /nix/store/xqms3g2v8vxakzw5w9i15l6y4kzkyci2-mdadm
  /nix/store/zzi21pyvw7c62wq0ya0srsk4h7fzf0sj-python3-3.14.7-env
  /nix/store/65849i80qxx5i4xm1pbx6z8r84al7066-python3.14-cffi-2.1.0
  /nix/store/sc73ghj2fwini63gr7g440cdck564fkf-python3.14-cryptography-50.0.0
  /nix/store/h43nxqdv8998cb3kvn9ancryizn23f5k-python3.14-pycparser-3.00
  /nix/store/5c9q9x8x39v7931f1jwijld4fsjdhv38-python3.14-pyopenssl-26.3.0
  /nix/store/3acdzrkir2rz5dd1mhw6d6d1b23kzjbp-python3.14-typing-extensions-4.16.0
  /nix/store/8n193cjds2jxa5l3ahb0dxq3hb3hi7lv-uboot-tools-only_defconfig-2026.07
building '/nix/store/qcacm0jyypzn12gxnvvq4xiz3fjqgs0k-stage-2-init.sh.drv'...
copying path '/nix/store/yj48bn5mmzda2gfl944rwlr6jh652ip6-dtc-1.7.2' from 'https://cache.nixos.org'...
copying path '/nix/store/84sggxlzw0adckmzzysvrajmmdl5p6qq-libcap-text-verifier-0-unstable' from 'https://cache.nixos.org'...
copying path '/nix/store/xn7acl4s2y8smclnd09gysqpfydqyhj7-make-shell-wrapper-hook' from 'https://cache.nixos.org'...
copying path '/nix/store/s300735vxpnpg9fskbic22xdmg9rwnsm-find-xml-catalogs-hook' from 'https://cache.nixos.org'...
copying path '/nix/store/5c9q9x8x39v7931f1jwijld4fsjdhv38-python3.14-pyopenssl-26.3.0' from 'https://cache.nixos.org'...
copying path '/nix/store/hh1ynmmrbknci6y93kpbm2v2mm4bb3dy-make-initrd-ng-0.1.0' from 'https://cache.nixos.org'...
copying path '/nix/store/h43nxqdv8998cb3kvn9ancryizn23f5k-python3.14-pycparser-3.00' from 'https://cache.nixos.org'...
copying path '/nix/store/3acdzrkir2rz5dd1mhw6d6d1b23kzjbp-python3.14-typing-extensions-4.16.0' from 'https://cache.nixos.org'...
copying path '/nix/store/pgdw0mjn0nm046q14krd4n8p5liv7xh2-libxslt-1.1.45-bin' from 'https://cache.nixos.org'...
copying path '/nix/store/xqms3g2v8vxakzw5w9i15l6y4kzkyci2-mdadm' from 'https://cache.nixos.org'...
copying path '/nix/store/65849i80qxx5i4xm1pbx6z8r84al7066-python3.14-cffi-2.1.0' from 'https://cache.nixos.org'...
copying path '/nix/store/l2nb6wr2589fqsfrvik1q8hm2kxmlwvk-groff-1.24.1' from 'https://cache.nixos.org'...
building '/nix/store/dzfdf0q72mz4imwlqf9q8h459gizdgdh-initrd-group.drv'...
building '/nix/store/s218w925js3964pk53a5km7p2bv11wkx-initrd-fstab.drv'...
building '/nix/store/p0gip0w6j6p2cz4f0kmjikg0ky2wdc6b-initrd-hostname.drv'...
building '/nix/store/7gc3mb7m0cyqacmq9y5pmywbbyxw88fk-unit-initrd-parse-etc.service.drv'...
building '/nix/store/a5p7gc58yynp023lh97swpgsc0ink73j-initrd-nixos.conf.drv'...
building '/nix/store/pxpqinwjfgn8qzgfd662vg01fmn752dq-ensure-all-wrappers-paths-exist.drv'...
copying path '/nix/store/sc73ghj2fwini63gr7g440cdck564fkf-python3.14-cryptography-50.0.0' from 'https://cache.nixos.org'...
building '/nix/store/6vjr5mgrf6z8z1kaddffhh4ys783v9ra-initrd-nixos.conf.drv'...
building '/nix/store/3pzn3a7ksbfq6m1s665vnag5h3azfrhc-initrd-passwd.drv'...
building '/nix/store/airi6y2zmr178cc8lihilm4yc3wwqxi5-initrd-release.drv'...
building '/nix/store/16c59cclwhkv06bx70ffq06k3i21a4dd-unit-sockets.target.drv'...
building '/nix/store/7663rbp3j2ycd5x6s0127v3v9xw36n6y-unit-sysroot-run.mount.drv'...
building '/nix/store/329w71c9bxlqbfc4py8xlxi34m2mrvgz-initrd-udev-rules.drv'...
building '/nix/store/4rwya0v8prpvhx3j8dy08qg2yi8gq78k-unit-systemd-tmpfiles-setup-sysroot.service.drv'...
building '/nix/store/95hgaih61hp7varc2xr3ah30q7xvfl5z-unit-dbus.service.drv'...
building '/nix/store/fm0amvkrp0ml77k5vayvyrbwi5fcwi95-builder.pl.drv'...
building '/nix/store/fz5lg5qi0nn3hxj4dsdnyvy6ncvq1iqq-unit-dbus.socket.drv'...
building '/nix/store/knb35q1bpdby9zqlqhzl6wxknwqiwcb3-linux-riscv64-unknown-linux-gnu-7.3.0-rc5-modules.drv'...
building '/nix/store/if7w0vvv96hy8dkda9vacbk4hdcnk5lv-initrd-bin-env.drv'...
building '/nix/store/lygs91d8lni54d00wqmrfl0h0r0axhaq-unit-script-initrd-find-nixos-closure-start.drv'...
building '/nix/store/4f7w5b2i1jgx76sb18nc9m1zrdig0fgn-dbus-1.drv'...
building '/nix/store/fhs8w0j5gx14abdxrc494by33rn7sr50-unit-initrd-find-nixos-closure.service.drv'...
building '/nix/store/wj0bmjzhjclvj7xwsxq0djlrczmvrj8g-unit-systemd-tmpfiles-setup.service.drv'...
building '/nix/store/zy1kxnqj1n4wzlrclndl8vm85ln14g4n-unit-initrd.target.drv'...
building '/nix/store/v37yj4bl70lp3pdxg06cqldvxgb9d1dz-dry-activate.drv'...
building '/nix/store/1yskbqs1xkk3psxhlx6jvqw1hy3pg0kg-initrd-shells.drv'...
building '/nix/store/ka2n9bgm3wdk32zcpa70gsjjnwny0n4n-udev-fido2.drv'...
building '/nix/store/dzh8l7sn9i9g69myhch91p5cn28hhjwp-initrd-shadow.drv'...
building '/nix/store/505maa7vcmb5f51zl5c98rh5isyk3c3q-k230-tdisplay-mainline-drm.dtb.drv'...
copying path '/nix/store/zzi21pyvw7c62wq0ya0srsk4h7fzf0sj-python3-3.14.7-env' from 'https://cache.nixos.org'...
copying path '/nix/store/8n193cjds2jxa5l3ahb0dxq3hb3hi7lv-uboot-tools-only_defconfig-2026.07' from 'https://cache.nixos.org'...
building '/nix/store/nl1rsjn5cbzv8xxi5izza64wyjq0i4vp-initrd-system.conf.drv'...
building '/nix/store/yybjycjschg0b4qix6kkh7mmd2fvn9qv-unit-panic-on-fail.service.drv'...
building '/nix/store/svrg13pyxpb8404kgk5yhhfrn5cc0hyw-unit-initrd-switch-root.service.drv'...
building '/nix/store/i18i5y121wn26hyrjc2v7vf5n3i5bw4l-unit-script-initrd-nixos-activation-start.drv'...
building '/nix/store/05ywb21gl05drgw423fn0i1w7nar7ck9-55-nixos-aslr-entropy.conf.drv'...
building '/nix/store/fk39qpqil4jbjs7fj5gypdz91r5k86vd-unit-initrd-nixos-activation.service.drv'...
building '/nix/store/786fvcckx4wpj6szgaqmdwwhrbnwqvkq-etc.drv'...
building '/nix/store/1wvbcv2vwqnlij9s9xa2nf33fmfk9qy0-unit-modprobe-.service.drv'...
building '/nix/store/ccsf8r059mqz6xjvjccv7c7r7n7m73i8-activate.drv'...
building '/nix/store/139ch66ikfzgraacrxcqifvs8ssanbja-initrd-units.drv'...
building '/nix/store/x9vgycx9hmyhc6h66cvww863c5cijf0n-initrd-unit-env.drv'...
building '/nix/store/06q5f3i4akdyd69vgrriv47sy273z1z0-nuke-refs.drv'...
building '/nix/store/6ka66r1b4csxi9y61f8fsmzj71l5f30a-script.drv'...
building '/nix/store/7da2x5caydq9v38rclpbkwrswyynb4k7-linux-riscv64-unknown-linux-gnu-7.3.0-rc5-modules-shrunk.drv'...
building '/nix/store/h065nsb27zpnw52gmd266r2pvzfi1fdn-system-sendmail-riscv64-unknown-linux-gnu-1.0.drv'...
building '/nix/store/k3kyr7wrfz8gh6ff2705jjc57403npg2-mdadm-riscv64-unknown-linux-gnu-4.6.drv'...
building '/nix/store/4piy9bq0sax8cdg0ay1fmbm9lld2njpg-initrd-udev-rules.drv'...
building '/nix/store/q0qwp61v6p6rln6q5bgg9shx4g8b7b9c-initrd-linux-riscv64-unknown-linux-gnu-7.3.0-rc5.drv'...
building '/nix/store/c22xwrp078q92qqmwlpxxgsxjgxx4bxf-boot.json.drv'...
building '/nix/store/hv6fj0kxba83qs8j6hdl1zz05xnwm68s-nixos-system-nixos-26.11.20260919.20b1ddd.drv'...
building '/nix/store/v52sx3pfw6mvxpgxs2c27sa03i18kz8r-closure-info.drv'...
building '/nix/store/kfzfg8f9mva6kng4vszy6v51h080ablz-k230-mainline-drm-trial-boot-files.drv'...
/nix/store/asj7l4zj5jrjkgng4nrcx3y72p7jf7aa-k230-mainline-drm-trial-boot-files
