warning: Git tree '/home/jadams/tmp/k230-mainline-restart' is dirty
evaluating flake...
checking flake output 'stage1'...
warning: unknown flake output 'stage1'
checking flake output 'packages'...
checking derivation packages.x86_64-linux.omawrite...
derivation evaluated to /nix/store/rs34d9x34nq4cbkv63fizbxd0kn5h3y3-omawrite-riscv64-unknown-linux-gnu-0-unstable-2026-08-07.drv
checking derivation packages.x86_64-linux.stage1...
derivation evaluated to /nix/store/dvs44wksx9laygrqry31xzi6iad45kbz-k230-stage1.drv
checking derivation packages.x86_64-linux.bootSplashImage...
derivation evaluated to /nix/store/g3xf3l53qxib5dz56y1cbsgdljf53xw2-k230-boot-splash-image.drv
checking derivation packages.x86_64-linux.toplevel...
derivation evaluated to /nix/store/6sps480wbkii38z2rjnrjg5sl38d4sgp-nixos-system-nixos-26.11.20260919.20b1ddd.drv
checking derivation packages.x86_64-linux.kernel...
derivation evaluated to /nix/store/2ygsvl6i74s65iqhm9dwcnfcva7h6f5m-linux-riscv64-unknown-linux-gnu-6.6.36-xuantie.drv
checking derivation packages.x86_64-linux.deviceTree...
derivation evaluated to /nix/store/rplyp8gpz9jdqg0rakm4ms61075ydl9k-k230-tdisplay.dtb.drv
checking derivation packages.x86_64-linux.kernel-rvv-trial...
derivation evaluated to /nix/store/2ygsvl6i74s65iqhm9dwcnfcva7h6f5m-linux-riscv64-unknown-linux-gnu-6.6.36-xuantie.drv
checking derivation packages.x86_64-linux.kernelMainline...
derivation evaluated to /nix/store/hy8ng8p1mja4mzmfd83dhbpcb0g9n0pm-linux-riscv64-unknown-linux-gnu-7.3.0-rc5.drv
checking derivation packages.x86_64-linux.cross-hello...
derivation evaluated to /nix/store/1c3v917d9sbpg8j3za10i4f6idahhvpy-hello-riscv64-unknown-linux-gnu-2.12.3.drv
checking derivation packages.x86_64-linux.toplevel-console...
derivation evaluated to /nix/store/mgyi6367ai18kg4xn7wsn276lc4sp6nk-nixos-system-nixos-26.11.20260919.20b1ddd.drv
checking derivation packages.x86_64-linux.shell-compositor...
derivation evaluated to /nix/store/nll0589fmr799qn64c86kgp4i13rbiq6-sway-1.12.drv
checking derivation packages.x86_64-linux.shell-compositor-vglite...
derivation evaluated to /nix/store/dm8rlz6sc9w829fr938sszfbdczl1rxn-sway-1.12.drv
checking derivation packages.x86_64-linux.shell-compositor-vglite-service...
derivation evaluated to /nix/store/sk9c5jm7drgr32zbd15jnw1fg8wl3kxs-sway.drv
checking derivation packages.x86_64-linux.shell-compositor-frame-timing...
derivation evaluated to /nix/store/4p5c6p8g0db899zrwmkivfgvxg5k96rr-sway-1.12.drv
checking derivation packages.x86_64-linux.shell-compositor-initial-splash...
derivation evaluated to /nix/store/3lnznnciydcfbzqkq38kjsj0i9p7h3sy-sway-1.12.drv
checking derivation packages.x86_64-linux.neofetch...
derivation evaluated to /nix/store/a7vvi0srlwxkj7yj2b2hwxs72hb6nqdb-neofetch-7.1.0.drv
checking derivation packages.x86_64-linux.touch-launcher...
derivation evaluated to /nix/store/4k6m99yvyq643znbx3g5s4l1pg2mmfpl-k230-touch-launcher.drv
checking derivation packages.x86_64-linux.qtquick-software-probe...
derivation evaluated to /nix/store/x6gpkh020snxwwvfz4fb6bwyzgdh1b5x-qtquick-software-probe-riscv64-unknown-linux-gnu-0.1.drv
checking derivation packages.x86_64-linux.omarchy-theme-tools...
derivation evaluated to /nix/store/k2pwy3cj7fds29b3y7znjvak6sq8d99v-omarchy-theme-tools-28ceaae7.drv
checking derivation packages.x86_64-linux.handheld-theme-default...
derivation evaluated to /nix/store/jhbdji01bvsy99f0pld5kvgkz9671lxh-handheld-theme-default-28ceaae7.drv
checking derivation packages.x86_64-linux.handheld-theme-icons...
derivation evaluated to /nix/store/rbhinhb3943pk3y47jxbjvgmzqj373ni-handheld-theme-icons-25.10.3.drv
checking derivation packages.x86_64-linux.handheld-settings...
derivation evaluated to /nix/store/2mwp4j9ay9jx7vcz2yrrhw3mj62l6akx-k230-settings.drv
checking derivation packages.x86_64-linux.wifi-settings-broker...
derivation evaluated to /nix/store/6dx1s3x9my86lm5yq0hz8hdkpg6j2qgl-k230-wifi-settings-broker.drv
checking derivation packages.x86_64-linux.handheld-notifications...
derivation evaluated to /nix/store/xlfpggxd3arinyijd53fh9aji7syskha-k230-notifications.drv
checking derivation packages.x86_64-linux.handheld-shell-rust-probe...
derivation evaluated to /nix/store/y6p1mmp9by083fhb45ykpxylbjm7b74b-k230-shell-rust-probe-riscv64-unknown-linux-gnu-0.1.0.drv
checking derivation packages.x86_64-linux.handheld-shell-rust...
derivation evaluated to /nix/store/pm039z6yc0agk79f625q301z4bg74f6n-k230-shell-rust-riscv64-unknown-linux-gnu-0.1.0.drv
checking derivation packages.x86_64-linux.handheld-touch-trackpad...
derivation evaluated to /nix/store/mp6hrc6a4y7f73y7g2z1s2f707509hqs-k230-touch-trackpad-riscv64-unknown-linux-gnu-0.1.0.drv
checking derivation packages.x86_64-linux.power-keyd...
derivation evaluated to /nix/store/qqgmpjnw6ihbln7dqcs6xx4m4697wbdc-k230-power-keyd.drv
checking derivation packages.x86_64-linux.runtime-perf...
derivation evaluated to /nix/store/jfzbrrv1wh9p3lgnw88gkbcx0cmdsshp-perf-k230-runtime-riscv64-unknown-linux-gnu-7.2.6.drv
checking derivation packages.x86_64-linux.handheld-theme-command...
derivation evaluated to /nix/store/2zvl5aikk8zahz90d5bn2yhkrxqshbkz-handheld-theme-command-0.1.drv
checking derivation packages.x86_64-linux.root-growth...
derivation evaluated to /nix/store/rdcvq64v773z6jq9p71qa8nl1ygpwyzp-k230-root-growth.drv
checking derivation packages.x86_64-linux.root-growth-guest...
derivation evaluated to /nix/store/gw4127pk5n9q8rj2ihv06wvk6f8qgjrp-k230-root-growth-guest.drv
checking derivation packages.x86_64-linux.pixman-rvv...
derivation evaluated to /nix/store/3vhbn7qrav9g876s4kd6snp3rx6hhyvv-pixman-riscv64-unknown-linux-gnu-0.46.4.drv
checking derivation packages.x86_64-linux.pixman-rvv-pixel-probe...
derivation evaluated to /nix/store/75g1jpx01kyb862c130ss1qr74pm8jj8-k230-pixman-rvv-pixel-probe-riscv64-unknown-linux-gnu-0.1.drv
checking derivation packages.x86_64-linux.rvv-context-probe...
derivation evaluated to /nix/store/ly051q65d3f5z8pd43khqkdfiviqilsx-k230-rvv-context-probe-riscv64-unknown-linux-gnu-0.1.drv
checking derivation packages.x86_64-linux.rvv-context-probe-corrupt...
derivation evaluated to /nix/store/qpw3r19cbf02lzz6qf44yr3gdvs9y25n-k230-rvv-context-probe-corrupt-riscv64-unknown-linux-gnu-0.1.drv
checking derivation packages.x86_64-linux.c908-bitmanip-probe...
derivation evaluated to /nix/store/w9gsv9gf0y2wgr2kccz2nmqy9xp5j3a8-k230-c908-bitmanip-probe-riscv64-unknown-linux-gnu-0.1.drv
checking derivation packages.x86_64-linux.panel-refresh-probe...
derivation evaluated to /nix/store/37pdnarjqnrfsnc22y7yh2xzw7ld68b7-k230-panel-refresh-probe-riscv64-unknown-linux-gnu-0.1.drv
checking derivation packages.x86_64-linux.card-shell...
derivation evaluated to /nix/store/j9zxb5s34k5vn7pfggy0whfgd74141cl-k230-card-shell.drv
checking derivation packages.x86_64-linux.card-shell-rvv...
derivation evaluated to /nix/store/j9zxb5s34k5vn7pfggy0whfgd74141cl-k230-card-shell.drv
checking derivation packages.x86_64-linux.card-shell-hdmi-trial...
derivation evaluated to /nix/store/58wavl50kqyrcnkyrdjk4fsfaywa38lq-k230-card-shell-hdmi-trial.drv
checking derivation packages.x86_64-linux.pixman-quarter-turn-probe...
derivation evaluated to /nix/store/lwxknh8q3jd9yfpwrx6fcd7jffhxq4gq-k230-pixman-quarter-turn-probe-riscv64-unknown-linux-gnu-0.1.drv
checking derivation packages.x86_64-linux.card-composition-probe...
derivation evaluated to /nix/store/v4ygi2533jf549384jxkwn5wk5i2z11x-k230-card-composition-probe.drv
checking derivation packages.x86_64-linux.video-player...
derivation evaluated to /nix/store/wzagqxyncnafk00jxkzl26wf792gxnk7-mpv-riscv64-unknown-linux-gnu-0.41.0.drv
checking derivation packages.x86_64-linux.video-ffmpeg...
derivation evaluated to /nix/store/klhawkyclgjgz372kl7hcgv11wl8pwm9-ffmpeg-riscv64-unknown-linux-gnu-9.0.1.drv
checking derivation packages.x86_64-linux.drm-splash...
derivation evaluated to /nix/store/n0zmjrny64w3jdprngi4i49z0rj3zcw4-k230-drm-splash-riscv64-unknown-linux-gnu-0.1.drv
checking derivation packages.x86_64-linux.qemu-kernel...
derivation evaluated to /nix/store/q2pfr7g99q8h9531jhfkhb440isjqa8m-linux-riscv64-unknown-linux-gnu-6.18.52.drv
checking derivation packages.x86_64-linux.qemu-initrd...
evaluation warning: `boot.zfs.forceImportRoot` is using the default value of `true`. It is highly recommended to set it to `false`, the new default from 26.11 on, to reduce the risk of data loss. Alternatively, you can silence this warning by explicitly setting it to `true`.
evaluation warning: The user 'root' has multiple of the options
                    `initialHashedPassword`, `hashedPassword`, `initialPassword`, `password`
                    & `hashedPasswordFile` set to a non-null value.

                    If multiple of these password options are set at the same time then a
                    specific order of precedence is followed, which can lead to surprising
                    results. The order of precedence differs depending on whether the
                    {option}`users.mutableUsers` option is set.

                    If the option {option}`users.mutableUsers` is
                    `true`, then the order of precedence is as shown
                    below, where values on the left are overridden by values on the right:
                    {option}`initialHashedPassword` -> {option}`initialPassword` -> {option}`hashedPassword` -> {option}`password` -> {option}`hashedPasswordFile`

                    The values of these options are:
                    * users.users."root".hashedPassword: null
                    * users.users."root".hashedPasswordFile: null
                    * users.users."root".password: ""
                    * users.users."root".initialHashedPassword: ""
                    * users.users."root".initialPassword: null
derivation evaluated to /nix/store/ky1vx35qxygfqj6xnrcjkbxy49cx7x46-initrd.drv
checking derivation packages.x86_64-linux.xuantie-kernel...
derivation evaluated to /nix/store/2ygsvl6i74s65iqhm9dwcnfcva7h6f5m-linux-riscv64-unknown-linux-gnu-6.6.36-xuantie.drv
checking derivation packages.x86_64-linux.k230-wifi-driver...
derivation evaluated to /nix/store/qbmwlafdsr1s6z0f8dl2x9d9dm58scdl-k230-wifi-driver-riscv64-unknown-linux-gnu-94cc959d.drv
checking derivation packages.x86_64-linux.k230-vglite-probe...
derivation evaluated to /nix/store/6phkas651m2f98m0dqs3881zm7m3dp47-k230-vglite-probe-riscv64-unknown-linux-gnu-0-1104236db4d1e47873bd68924f912747b820228c.drv
checking derivation packages.x86_64-linux.k230-vglite-color-probe...
derivation evaluated to /nix/store/qg7zqxwgb9r2334x5l7kzb5qm697bhdl-k230-vglite-color-probe-riscv64-unknown-linux-gnu-0.1.drv
checking derivation packages.x86_64-linux.k230-vglite-validation...
derivation evaluated to /nix/store/9c6fyjj2a0khwyzwhxqnk2ql7flpbw2r-k230-vglite-validation-riscv64-unknown-linux-gnu-0-1104236db4d1e47873bd68924f912747b820228c.drv
checking derivation packages.x86_64-linux.deviceTreeMainline...
derivation evaluated to /nix/store/hrsy3hn4k5x1r7hb9fxwwnv9bd4afg8z-k230-tdisplay-mainline.dtb.drv
checking derivation packages.x86_64-linux.kernelMainlineBootFiles...
derivation evaluated to /nix/store/bc127z689kmixbkms43khzksj2m7vbif-k230-mainline-boot-files.drv
checking derivation packages.x86_64-linux.deviceTreeHdmi...
derivation evaluated to /nix/store/fqp5imlf1hzsc6m8wxxmzw5fl36cjk3w-k230-tdisplay-hdmi.dtb.drv
checking derivation packages.x86_64-linux.kernelMainlineDrm...
derivation evaluated to /nix/store/2v6p8mnaj9zs2063w9l3mndd3kypqpgh-linux-riscv64-unknown-linux-gnu-7.3.0-rc5.drv
checking derivation packages.x86_64-linux.deviceTreeMainlineDrm...
derivation evaluated to /nix/store/505maa7vcmb5f51zl5c98rh5isyk3c3q-k230-tdisplay-mainline-drm.dtb.drv
checking derivation packages.x86_64-linux.kernelMainlineDrmBootFiles...
derivation evaluated to /nix/store/h6xnz0d2ryss7b66kh795ia98pi2vxgc-k230-mainline-drm-boot-files.drv
checking derivation packages.x86_64-linux.toplevel-mainline-drm-trial...
derivation evaluated to /nix/store/hv6fj0kxba83qs8j6hdl1zz05xnwm68s-nixos-system-nixos-26.11.20260919.20b1ddd.drv
checking derivation packages.x86_64-linux.kernelMainlineDrmTrialBootFiles...
derivation evaluated to /nix/store/kfzfg8f9mva6kng4vszy6v51h080ablz-k230-mainline-drm-trial-boot-files.drv
checking derivation packages.x86_64-linux.toplevel-mainline-console...
derivation evaluated to /nix/store/mvg93dfxrhd4qp6s81p2xsm0g40mp1ky-nixos-system-nixos-26.11.20260919.20b1ddd.drv
checking derivation packages.x86_64-linux.kernelMainlineConsoleBootFiles...
derivation evaluated to /nix/store/dqaaqh7lqjy2w7m6r7qaqfymndvj1x5k-k230-mainline-console-boot-files.drv
checking derivation packages.x86_64-linux.k230-sdk-src...
derivation evaluated to /nix/store/pvbsd2wdfy8kn549h6ig6yxxwgabg364-source.drv
checking derivation packages.x86_64-linux.uboot-k230...
derivation evaluated to /nix/store/kac0dycgcny0m9yapbhmdydyhps6a75q-uboot-k230_canmv_v3_defconfig-riscv64-unknown-linux-gnu-2022.10.drv
checking derivation packages.x86_64-linux.uboot-k230-cpu0-identity-probe...
derivation evaluated to /nix/store/4mp1lwik2lc1jnlmzdjh9dfkpksms2y5-uboot-k230_canmv_v3_defconfig-riscv64-unknown-linux-gnu-2022.10.drv
checking derivation packages.x86_64-linux.stage1-cpu0-identity-probe...
derivation evaluated to /nix/store/16in71n35zplf9rkdcydhjv0686w6pkz-k230-stage1-packaging.drv
checking derivation packages.x86_64-linux.opensbi-k230...
derivation evaluated to /nix/store/07zh5vbcmn7yi2w7a8kz97v2sw1xrdzr-opensbi-k230-riscv64-unknown-linux-gnu-1.4.drv
checking derivation packages.x86_64-linux.fwJump...
derivation evaluated to /nix/store/lv1i848a5109dp7sanfvwkwmjzqxdrka-k230-fw-jump.drv
checking derivation packages.x86_64-linux.stage1-packaging...
derivation evaluated to /nix/store/v4dk5d7wssq0rjsvzv6rqcmvsdfrmqpk-k230-stage1-packaging.drv
checking derivation packages.x86_64-linux.sdImage...
derivation evaluated to /nix/store/k5f7iq9yk4hiwsm2hzr85avpazfv05h9-k230-sd-image.img.drv
checking derivation packages.x86_64-linux.sdImage-coherent...
derivation evaluated to /nix/store/i7sfnn3kgala8vnqwdfg89bxalmhh9jd-k230-sd-image.img.drv
checking derivation packages.x86_64-linux.coherentShellBootFiles...
derivation evaluated to /nix/store/j02gd1lixh9b2fl10pz38yvqwv5hpq42-k230-coherent-shell-boot-files.drv
checking derivation packages.x86_64-linux.sdImage-rvv-trial...
derivation evaluated to /nix/store/xqnk1nz111wbc3121cd73gfd4rhs2jsw-k230-sd-image.img.drv
checking flake output 'k230Kernel'...
warning: unknown flake output 'k230Kernel'
checking flake output 'k230MainlineKernel'...
warning: unknown flake output 'k230MainlineKernel'
checking flake output 'nixosConfigurations'...
checking NixOS configuration 'nixosConfigurations.k230'...
checking NixOS configuration 'nixosConfigurations.k230-coherent-shell'...
checking NixOS configuration 'nixosConfigurations.k230-coherent-shell-hdmi-trial'...
checking NixOS configuration 'nixosConfigurations.k230-coherent-shell-both-files-apps'...
checking NixOS configuration 'nixosConfigurations.k230-rvv-trial'...
checking NixOS configuration 'nixosConfigurations.k230-console'...
checking NixOS configuration 'nixosConfigurations.k230-qemu'...
checking NixOS configuration 'nixosConfigurations.k230-mainline-console'...
checking NixOS configuration 'nixosConfigurations.k230-mainline-drm-trial'...
checking flake output 'checks'...
checking derivation checks.x86_64-linux.cross-hello...
derivation evaluated to /nix/store/1c3v917d9sbpg8j3za10i4f6idahhvpy-hello-riscv64-unknown-linux-gnu-2.12.3.drv
checking flake output 'devShells'...
checking derivation devShells.x86_64-linux.default...
derivation evaluated to /nix/store/ynm83k02f5i15r38zqgbfqwkh8pxwkkd-nix-shell.drv
all checks passed!
