setenv bootargs 'consoleblank=0 console=ttyS0,115200n8 root=fstab loglevel=4 lsm=landlock,yama,bpf loglevel=7 init=/nix/store/yk44vx3ny4h6a9mx3ya4rczh7akhyjbj-nixos-system-nixos-26.11.20260919.20b1ddd/init fsck.mode=skip systemd.mask=k230-root-growth.service systemd.mask=register-nix-paths.service initramfs_async=0 rdinit=/bin/sh -- -c "n=0123456789abcdef0123456789abcdef;test $$ = 1&&test $EUID = 0&&printf \\\\nK230_BP1:%s:B\\\\n $n&&/bin/sleep 5&&printf \\\\nK230_BP1:%s:E\\\\n $n;exec /bin/sh -i"'