k230-touch-trackpad: mode -> Trackpad (panel connected: false)
k230-touch-trackpad: entered trackpad mode, grabbed /dev/input/event2 (x 0..1023 y 0..2399), axes: 47,57,53,54
k230-touch-trackpad: in  type=3 code=57 value=100
k230-touch-trackpad: in  type=3 code=53 value=400
k230-touch-trackpad: in  type=3 code=54 value=2360
k230-touch-trackpad: in  type=3 code=47 value=1
k230-touch-trackpad: in  type=3 code=57 value=101
k230-touch-trackpad: in  type=3 code=53 value=600
k230-touch-trackpad: in  type=3 code=54 value=2360
k230-touch-trackpad: in  type=1 code=330 value=1
k230-touch-trackpad: in  type=0 code=0 value=0
k230-touch-trackpad: in  type=3 code=47 value=0
k230-touch-trackpad: in  type=3 code=54 value=2265
k230-touch-trackpad: in  type=3 code=47 value=1
k230-touch-trackpad: in  type=3 code=54 value=2265
k230-touch-trackpad: in  type=0 code=0 value=0
k230-touch-trackpad: in  type=3 code=47 value=0
k230-touch-trackpad: in  type=3 code=54 value=2170
k230-touch-trackpad: in  type=3 code=47 value=1
k230-touch-trackpad: in  type=3 code=54 value=2170
k230-touch-trackpad: in  type=0 code=0 value=0
k230-touch-trackpad: shell fingers=2 accepted=true ack_ms=11
k230-touch-trackpad: in  type=3 code=47 value=0
k230-touch-trackpad: in  type=3 code=54 value=2075
k230-touch-trackpad: in  type=3 code=47 value=1
k230-touch-trackpad: in  type=3 code=54 value=2075
k230-touch-trackpad: in  type=0 code=0 value=0
k230-touch-trackpad: shell move dx=0.000000 dy=-0.118799
k230-touch-trackpad: in  type=3 code=47 value=0
k230-touch-trackpad: in  type=3 code=54 value=1980
k230-touch-trackpad: in  type=3 code=47 value=1
k230-touch-trackpad: in  type=3 code=54 value=1980
k230-touch-trackpad: in  type=0 code=0 value=0
k230-touch-trackpad: shell move dx=0.000000 dy=-0.158399
k230-touch-trackpad: in  type=3 code=47 value=0
k230-touch-trackpad: in  type=3 code=54 value=1885
k230-touch-trackpad: in  type=3 code=47 value=1
k230-touch-trackpad: in  type=3 code=54 value=1885
k230-touch-trackpad: in  type=0 code=0 value=0
k230-touch-trackpad: shell move dx=0.000000 dy=-0.197999
k230-touch-trackpad: in  type=3 code=47 value=0
k230-touch-trackpad: in  type=3 code=54 value=1790
k230-touch-trackpad: in  type=3 code=47 value=1
k230-touch-trackpad: in  type=3 code=54 value=1790
k230-touch-trackpad: in  type=0 code=0 value=0
k230-touch-trackpad: shell move dx=0.000000 dy=-0.237599
k230-touch-trackpad: in  type=3 code=47 value=0
k230-touch-trackpad: in  type=3 code=54 value=1695
k230-touch-trackpad: in  type=3 code=47 value=1
k230-touch-trackpad: in  type=3 code=54 value=1695
k230-touch-trackpad: in  type=0 code=0 value=0
k230-touch-trackpad: shell move dx=0.000000 dy=-0.277199
k230-touch-trackpad: in  type=3 code=47 value=0
k230-touch-trackpad: in  type=3 code=54 value=1600
k230-touch-trackpad: in  type=3 code=47 value=1
k230-touch-trackpad: in  type=3 code=54 value=1600
k230-touch-trackpad: in  type=0 code=0 value=0
k230-touch-trackpad: shell move dx=0.000000 dy=-0.316799
k230-touch-trackpad: in  type=3 code=57 value=-1
k230-touch-trackpad: in  type=0 code=0 value=0
k230-touch-trackpad: shell terminal=End(83354612)
k230-touch-trackpad: in  type=3 code=47 value=0
k230-touch-trackpad: in  type=3 code=57 value=-1
k230-touch-trackpad: in  type=1 code=330 value=0
k230-touch-trackpad: in  type=0 code=0 value=0
k230-touch-trackpad: in  type=3 code=57 value=100
k230-touch-trackpad: in  type=3 code=54 value=1200
k230-touch-trackpad: in  type=3 code=47 value=1
k230-touch-trackpad: in  type=3 code=57 value=101
k230-touch-trackpad: in  type=3 code=54 value=1200
k230-touch-trackpad: in  type=1 code=330 value=1
k230-touch-trackpad: in  type=0 code=0 value=0
k230-touch-trackpad: in  type=3 code=47 value=0
k230-touch-trackpad: in  type=3 code=53 value=420
k230-touch-trackpad: in  type=3 code=47 value=1
k230-touch-trackpad: in  type=3 code=53 value=620
k230-touch-trackpad: in  type=0 code=0 value=0
k230-touch-trackpad: shell fingers=2 accepted=true ack_ms=56
k230-touch-trackpad: in  type=3 code=47 value=0
k230-touch-trackpad: in  type=3 code=53 value=440
k230-touch-trackpad: in  type=3 code=47 value=1
k230-touch-trackpad: in  type=3 code=53 value=640
k230-touch-trackpad: in  type=0 code=0 value=0
k230-touch-trackpad: shell move dx=0.039101 dy=0.000000
k230-touch-trackpad: in  type=3 code=47 value=0
k230-touch-trackpad: in  type=3 code=53 value=460
k230-touch-trackpad: in  type=3 code=47 value=1
k230-touch-trackpad: in  type=3 code=53 value=660
k230-touch-trackpad: in  type=0 code=0 value=0
k230-touch-trackpad: shell move dx=0.058651 dy=0.000000
k230-touch-trackpad: in  type=3 code=47 value=0
k230-touch-trackpad: in  type=3 code=53 value=480
k230-touch-trackpad: in  type=3 code=47 value=1
k230-touch-trackpad: in  type=3 code=53 value=680
k230-touch-trackpad: in  type=0 code=0 value=0
k230-touch-trackpad: shell move dx=0.078201 dy=0.000000
k230-touch-trackpad: in  type=3 code=47 value=0
k230-touch-trackpad: in  type=3 code=53 value=500
k230-touch-trackpad: in  type=3 code=47 value=1
k230-touch-trackpad: in  type=3 code=53 value=700
k230-touch-trackpad: in  type=0 code=0 value=0
k230-touch-trackpad: shell move dx=0.097752 dy=0.000000
k230-touch-trackpad: in  type=3 code=47 value=0
k230-touch-trackpad: in  type=3 code=53 value=520
k230-touch-trackpad: in  type=3 code=47 value=1
k230-touch-trackpad: in  type=3 code=53 value=720
k230-touch-trackpad: in  type=0 code=0 value=0
k230-touch-trackpad: shell move dx=0.117302 dy=0.000000
k230-touch-trackpad: in  type=3 code=47 value=0
k230-touch-trackpad: in  type=3 code=53 value=540
k230-touch-trackpad: in  type=3 code=47 value=1
k230-touch-trackpad: in  type=3 code=53 value=740
k230-touch-trackpad: in  type=0 code=0 value=0
k230-touch-trackpad: shell move dx=0.136852 dy=0.000000
k230-touch-trackpad: in  type=3 code=47 value=0
k230-touch-trackpad: in  type=3 code=53 value=560
k230-touch-trackpad: in  type=3 code=47 value=1
k230-touch-trackpad: in  type=3 code=53 value=760
k230-touch-trackpad: in  type=0 code=0 value=0
k230-touch-trackpad: shell move dx=0.156403 dy=0.000000
k230-touch-trackpad: in  type=3 code=57 value=-1
k230-touch-trackpad: in  type=0 code=0 value=0
k230-touch-trackpad: shell terminal=End(83355822)
k230-touch-trackpad: in  type=3 code=47 value=0
k230-touch-trackpad: in  type=3 code=57 value=-1
k230-touch-trackpad: in  type=1 code=330 value=0
k230-touch-trackpad: in  type=0 code=0 value=0
k230-touch-trackpad: in  type=3 code=57 value=100
k230-touch-trackpad: in  type=3 code=53 value=400
k230-touch-trackpad: in  type=3 code=54 value=2360
k230-touch-trackpad: in  type=3 code=47 value=1
k230-touch-trackpad: in  type=3 code=57 value=101
k230-touch-trackpad: in  type=3 code=53 value=600
k230-touch-trackpad: in  type=3 code=54 value=2360
k230-touch-trackpad: in  type=1 code=330 value=1
k230-touch-trackpad: in  type=0 code=0 value=0
k230-touch-trackpad: in  type=3 code=47 value=0
k230-touch-trackpad: in  type=3 code=54 value=2265
k230-touch-trackpad: in  type=3 code=47 value=1
k230-touch-trackpad: in  type=3 code=54 value=2265
k230-touch-trackpad: in  type=0 code=0 value=0
k230-touch-trackpad: in  type=3 code=47 value=0
k230-touch-trackpad: in  type=3 code=54 value=2170
k230-touch-trackpad: in  type=3 code=47 value=1
k230-touch-trackpad: in  type=3 code=54 value=2170
k230-touch-trackpad: in  type=0 code=0 value=0
k230-touch-trackpad: shell fingers=2 accepted=true ack_ms=5
k230-touch-trackpad: in  type=3 code=47 value=0
k230-touch-trackpad: in  type=3 code=54 value=2075
k230-touch-trackpad: in  type=3 code=47 value=1
k230-touch-trackpad: in  type=3 code=54 value=2075
k230-touch-trackpad: in  type=0 code=0 value=0
k230-touch-trackpad: shell move dx=0.000000 dy=-0.118799
k230-touch-trackpad: in  type=3 code=47 value=0
k230-touch-trackpad: in  type=3 code=54 value=1980
k230-touch-trackpad: in  type=3 code=47 value=1
k230-touch-trackpad: in  type=3 code=54 value=1980
k230-touch-trackpad: in  type=0 code=0 value=0
k230-touch-trackpad: shell move dx=0.000000 dy=-0.158399
k230-touch-trackpad: in  type=3 code=47 value=0
k230-touch-trackpad: in  type=3 code=54 value=1885
k230-touch-trackpad: in  type=3 code=47 value=1
k230-touch-trackpad: in  type=3 code=54 value=1885
k230-touch-trackpad: in  type=0 code=0 value=0
k230-touch-trackpad: shell move dx=0.000000 dy=-0.197999
k230-touch-trackpad: in  type=3 code=47 value=0
k230-touch-trackpad: in  type=3 code=54 value=1790
k230-touch-trackpad: in  type=3 code=47 value=1
k230-touch-trackpad: in  type=3 code=54 value=1790
k230-touch-trackpad: in  type=0 code=0 value=0
k230-touch-trackpad: shell move dx=0.000000 dy=-0.237599
k230-touch-trackpad: in  type=3 code=47 value=0
k230-touch-trackpad: in  type=3 code=54 value=1695
k230-touch-trackpad: in  type=3 code=47 value=1
k230-touch-trackpad: in  type=3 code=54 value=1695
k230-touch-trackpad: in  type=0 code=0 value=0
k230-touch-trackpad: shell move dx=0.000000 dy=-0.277199
k230-touch-trackpad: in  type=3 code=47 value=0
k230-touch-trackpad: in  type=3 code=54 value=1600
k230-touch-trackpad: in  type=3 code=47 value=1
k230-touch-trackpad: in  type=3 code=54 value=1600
k230-touch-trackpad: in  type=0 code=0 value=0
k230-touch-trackpad: shell move dx=0.000000 dy=-0.316799
k230-touch-trackpad: in  type=3 code=57 value=-1
k230-touch-trackpad: in  type=0 code=0 value=0
k230-touch-trackpad: shell terminal=End(83358424)
k230-touch-trackpad: in  type=3 code=47 value=0
k230-touch-trackpad: in  type=3 code=57 value=-1
k230-touch-trackpad: in  type=1 code=330 value=0
k230-touch-trackpad: in  type=0 code=0 value=0
k230-touch-trackpad: in  type=3 code=57 value=100
k230-touch-trackpad: in  type=3 code=54 value=2360
k230-touch-trackpad: in  type=3 code=47 value=1
k230-touch-trackpad: in  type=3 code=57 value=101
k230-touch-trackpad: in  type=3 code=54 value=2360
k230-touch-trackpad: in  type=1 code=330 value=1
k230-touch-trackpad: in  type=0 code=0 value=0
k230-touch-trackpad: in  type=3 code=47 value=0
k230-touch-trackpad: in  type=3 code=54 value=2252
k230-touch-trackpad: in  type=3 code=47 value=1
k230-touch-trackpad: in  type=3 code=54 value=2252
k230-touch-trackpad: in  type=0 code=0 value=0
k230-touch-trackpad: in  type=3 code=47 value=0
k230-touch-trackpad: in  type=3 code=54 value=2145
k230-touch-trackpad: in  type=3 code=47 value=1
k230-touch-trackpad: in  type=3 code=54 value=2145
k230-touch-trackpad: in  type=0 code=0 value=0
k230-touch-trackpad: shell fingers=2 accepted=true ack_ms=1
k230-touch-trackpad: in  type=3 code=47 value=0
k230-touch-trackpad: in  type=3 code=54 value=2038
k230-touch-trackpad: in  type=3 code=47 value=1
k230-touch-trackpad: in  type=3 code=54 value=2038
k230-touch-trackpad: in  type=0 code=0 value=0
k230-touch-trackpad: shell move dx=0.000000 dy=-0.134223
k230-touch-trackpad: in  type=3 code=47 value=0
k230-touch-trackpad: in  type=3 code=54 value=1930
k230-touch-trackpad: in  type=3 code=47 value=1
k230-touch-trackpad: in  type=3 code=54 value=1930
k230-touch-trackpad: in  type=0 code=0 value=0
k230-touch-trackpad: shell move dx=0.000000 dy=-0.179241
k230-touch-trackpad: in  type=3 code=47 value=0
k230-touch-trackpad: in  type=3 code=54 value=1822
k230-touch-trackpad: in  type=3 code=47 value=1
k230-touch-trackpad: in  type=3 code=54 value=1822
k230-touch-trackpad: in  type=0 code=0 value=0
k230-touch-trackpad: shell move dx=0.000000 dy=-0.224260
k230-touch-trackpad: in  type=3 code=47 value=0
k230-touch-trackpad: in  type=3 code=54 value=1715
k230-touch-trackpad: in  type=3 code=47 value=1
k230-touch-trackpad: in  type=3 code=54 value=1715
k230-touch-trackpad: in  type=0 code=0 value=0
k230-touch-trackpad: shell move dx=0.000000 dy=-0.268862
k230-touch-trackpad: in  type=3 code=47 value=0
k230-touch-trackpad: in  type=3 code=54 value=1608
k230-touch-trackpad: in  type=3 code=47 value=1
k230-touch-trackpad: in  type=3 code=54 value=1608
k230-touch-trackpad: in  type=0 code=0 value=0
k230-touch-trackpad: shell move dx=0.000000 dy=-0.313464
k230-touch-trackpad: in  type=3 code=47 value=0
k230-touch-trackpad: in  type=3 code=54 value=1500
k230-touch-trackpad: in  type=3 code=47 value=1
k230-touch-trackpad: in  type=3 code=54 value=1500
k230-touch-trackpad: in  type=0 code=0 value=0
k230-touch-trackpad: shell move dx=0.000000 dy=-0.358483
k230-touch-trackpad: in  type=3 code=57 value=-1
k230-touch-trackpad: in  type=0 code=0 value=0
k230-touch-trackpad: shell terminal=End(83362019)
k230-touch-trackpad: in  type=3 code=47 value=0
k230-touch-trackpad: in  type=3 code=57 value=-1
k230-touch-trackpad: in  type=1 code=330 value=0
k230-touch-trackpad: in  type=0 code=0 value=0
k230-touch-trackpad: in  type=3 code=57 value=100
k230-touch-trackpad: in  type=3 code=54 value=1200
k230-touch-trackpad: in  type=3 code=47 value=1
k230-touch-trackpad: in  type=3 code=57 value=101
k230-touch-trackpad: in  type=3 code=54 value=1200
k230-touch-trackpad: in  type=1 code=330 value=1
k230-touch-trackpad: in  type=0 code=0 value=0
k230-touch-trackpad: in  type=3 code=47 value=0
k230-touch-trackpad: in  type=3 code=54 value=1344
k230-touch-trackpad: in  type=3 code=47 value=1
k230-touch-trackpad: in  type=3 code=54 value=1344
k230-touch-trackpad: in  type=0 code=0 value=0
k230-touch-trackpad: in  type=3 code=47 value=0
k230-touch-trackpad: in  type=3 code=54 value=1488
k230-touch-trackpad: in  type=3 code=47 value=1
k230-touch-trackpad: in  type=3 code=54 value=1488
k230-touch-trackpad: in  type=0 code=0 value=0
k230-touch-trackpad: shell fingers=2 accepted=true ack_ms=3
k230-touch-trackpad: in  type=3 code=47 value=0
k230-touch-trackpad: in  type=3 code=54 value=1631
k230-touch-trackpad: in  type=3 code=47 value=1
k230-touch-trackpad: in  type=3 code=54 value=1631
k230-touch-trackpad: in  type=0 code=0 value=0
k230-touch-trackpad: shell move dx=0.000000 dy=0.179658
k230-touch-trackpad: in  type=3 code=47 value=0
k230-touch-trackpad: in  type=3 code=54 value=1775
k230-touch-trackpad: in  type=3 code=47 value=1
k230-touch-trackpad: in  type=3 code=54 value=1775
k230-touch-trackpad: in  type=0 code=0 value=0
k230-touch-trackpad: shell move dx=0.000000 dy=0.239683
k230-touch-trackpad: in  type=3 code=47 value=0
k230-touch-trackpad: in  type=3 code=54 value=1919
k230-touch-trackpad: in  type=3 code=47 value=1
k230-touch-trackpad: in  type=3 code=54 value=1919
k230-touch-trackpad: in  type=0 code=0 value=0
k230-touch-trackpad: shell move dx=0.000000 dy=0.299708
k230-touch-trackpad: in  type=3 code=47 value=0
k230-touch-trackpad: in  type=3 code=54 value=2062
k230-touch-trackpad: in  type=3 code=47 value=1
k230-touch-trackpad: in  type=3 code=54 value=2062
k230-touch-trackpad: in  type=0 code=0 value=0
k230-touch-trackpad: shell move dx=0.000000 dy=0.359316
k230-touch-trackpad: in  type=3 code=47 value=0
k230-touch-trackpad: in  type=3 code=54 value=2206
k230-touch-trackpad: in  type=3 code=47 value=1
k230-touch-trackpad: in  type=3 code=54 value=2206
k230-touch-trackpad: in  type=0 code=0 value=0
k230-touch-trackpad: shell move dx=0.000000 dy=0.419341
k230-touch-trackpad: in  type=3 code=47 value=0
k230-touch-trackpad: in  type=3 code=54 value=2350
k230-touch-trackpad: in  type=3 code=47 value=1
k230-touch-trackpad: in  type=3 code=54 value=2350
k230-touch-trackpad: in  type=0 code=0 value=0
k230-touch-trackpad: shell move dx=0.000000 dy=0.479366
k230-touch-trackpad: in  type=3 code=57 value=-1
k230-touch-trackpad: in  type=0 code=0 value=0
k230-touch-trackpad: shell terminal=End(83363758)
k230-touch-trackpad: in  type=3 code=47 value=0
k230-touch-trackpad: in  type=3 code=57 value=-1
k230-touch-trackpad: in  type=1 code=330 value=0
k230-touch-trackpad: in  type=0 code=0 value=0
k230-touch-trackpad: in  type=3 code=57 value=100
k230-touch-trackpad: in  type=3 code=54 value=30
k230-touch-trackpad: in  type=3 code=47 value=1
k230-touch-trackpad: in  type=3 code=57 value=101
k230-touch-trackpad: in  type=3 code=54 value=30
k230-touch-trackpad: in  type=1 code=330 value=1
k230-touch-trackpad: in  type=0 code=0 value=0
k230-touch-trackpad: in  type=3 code=47 value=0
k230-touch-trackpad: in  type=3 code=54 value=116
k230-touch-trackpad: in  type=3 code=47 value=1
k230-touch-trackpad: in  type=3 code=54 value=116
k230-touch-trackpad: in  type=0 code=0 value=0
k230-touch-trackpad: in  type=3 code=47 value=0
k230-touch-trackpad: in  type=3 code=54 value=202
k230-touch-trackpad: in  type=3 code=47 value=1
k230-touch-trackpad: in  type=3 code=54 value=202
k230-touch-trackpad: in  type=0 code=0 value=0
k230-touch-trackpad: shell fingers=2 accepted=true ack_ms=64
k230-touch-trackpad: in  type=3 code=47 value=0
k230-touch-trackpad: in  type=3 code=54 value=289
k230-touch-trackpad: in  type=3 code=47 value=1
k230-touch-trackpad: in  type=3 code=54 value=289
k230-touch-trackpad: in  type=0 code=0 value=0
k230-touch-trackpad: shell move dx=0.000000 dy=0.107962
k230-touch-trackpad: in  type=3 code=47 value=0
k230-touch-trackpad: in  type=3 code=54 value=375
k230-touch-trackpad: in  type=3 code=47 value=1
k230-touch-trackpad: in  type=3 code=54 value=375
k230-touch-trackpad: in  type=0 code=0 value=0
k230-touch-trackpad: shell move dx=0.000000 dy=0.143810
k230-touch-trackpad: in  type=3 code=47 value=0
k230-touch-trackpad: in  type=3 code=54 value=461
k230-touch-trackpad: in  type=3 code=47 value=1
k230-touch-trackpad: in  type=3 code=54 value=461
k230-touch-trackpad: in  type=0 code=0 value=0
k230-touch-trackpad: shell move dx=0.000000 dy=0.179658
k230-touch-trackpad: in  type=3 code=47 value=0
k230-touch-trackpad: in  type=3 code=54 value=548
k230-touch-trackpad: in  type=3 code=47 value=1
k230-touch-trackpad: in  type=3 code=54 value=548
k230-touch-trackpad: in  type=0 code=0 value=0
k230-touch-trackpad: shell move dx=0.000000 dy=0.215923
k230-touch-trackpad: in  type=3 code=47 value=0
k230-touch-trackpad: in  type=3 code=54 value=634
k230-touch-trackpad: in  type=3 code=47 value=1
k230-touch-trackpad: in  type=3 code=54 value=634
k230-touch-trackpad: in  type=0 code=0 value=0
k230-touch-trackpad: shell move dx=0.000000 dy=0.251772
k230-touch-trackpad: in  type=3 code=47 value=0
k230-touch-trackpad: in  type=3 code=54 value=720
k230-touch-trackpad: in  type=3 code=47 value=1
k230-touch-trackpad: in  type=3 code=54 value=720
k230-touch-trackpad: in  type=0 code=0 value=0
k230-touch-trackpad: shell move dx=0.000000 dy=0.287620
k230-touch-trackpad: in  type=3 code=57 value=-1
k230-touch-trackpad: in  type=0 code=0 value=0
k230-touch-trackpad: shell terminal=End(83364482)
k230-touch-trackpad: in  type=3 code=47 value=0
k230-touch-trackpad: in  type=3 code=57 value=-1
k230-touch-trackpad: in  type=1 code=330 value=0
k230-touch-trackpad: in  type=0 code=0 value=0
k230-touch-trackpad: in  type=3 code=57 value=100
k230-touch-trackpad: in  type=3 code=54 value=1200
k230-touch-trackpad: in  type=3 code=47 value=1
k230-touch-trackpad: in  type=3 code=57 value=101
k230-touch-trackpad: in  type=3 code=54 value=1200
k230-touch-trackpad: in  type=1 code=330 value=1
k230-touch-trackpad: in  type=0 code=0 value=0
k230-touch-trackpad: in  type=3 code=47 value=0
k230-touch-trackpad: in  type=3 code=54 value=1052
k230-touch-trackpad: in  type=3 code=47 value=1
k230-touch-trackpad: in  type=3 code=54 value=1052
k230-touch-trackpad: in  type=0 code=0 value=0
k230-touch-trackpad: in  type=3 code=47 value=0
k230-touch-trackpad: in  type=3 code=54 value=905
k230-touch-trackpad: in  type=3 code=47 value=1
k230-touch-trackpad: in  type=3 code=54 value=905
k230-touch-trackpad: in  type=0 code=0 value=0
k230-touch-trackpad: shell fingers=2 accepted=true ack_ms=1
k230-touch-trackpad: in  type=3 code=47 value=0
k230-touch-trackpad: in  type=3 code=54 value=758
k230-touch-trackpad: in  type=3 code=47 value=1
k230-touch-trackpad: in  type=3 code=54 value=758
k230-touch-trackpad: in  type=0 code=0 value=0
k230-touch-trackpad: shell move dx=0.000000 dy=-0.184243
k230-touch-trackpad: in  type=3 code=47 value=0
k230-touch-trackpad: in  type=3 code=54 value=610
k230-touch-trackpad: in  type=3 code=47 value=1
k230-touch-trackpad: in  type=3 code=54 value=610
k230-touch-trackpad: in  type=0 code=0 value=0
k230-touch-trackpad: shell move dx=0.000000 dy=-0.245936
k230-touch-trackpad: in  type=3 code=47 value=0
k230-touch-trackpad: in  type=3 code=54 value=462
k230-touch-trackpad: in  type=3 code=47 value=1
k230-touch-trackpad: in  type=3 code=54 value=462
k230-touch-trackpad: in  type=0 code=0 value=0
k230-touch-trackpad: shell move dx=0.000000 dy=-0.307628
k230-touch-trackpad: in  type=3 code=47 value=0
k230-touch-trackpad: in  type=3 code=54 value=315
k230-touch-trackpad: in  type=3 code=47 value=1
k230-touch-trackpad: in  type=3 code=54 value=315
k230-touch-trackpad: in  type=0 code=0 value=0
k230-touch-trackpad: shell move dx=0.000000 dy=-0.368904
k230-touch-trackpad: in  type=3 code=47 value=0
k230-touch-trackpad: in  type=3 code=54 value=168
k230-touch-trackpad: in  type=3 code=47 value=1
k230-touch-trackpad: in  type=3 code=54 value=168
k230-touch-trackpad: in  type=0 code=0 value=0
k230-touch-trackpad: shell move dx=0.000000 dy=-0.430179
k230-touch-trackpad: in  type=3 code=47 value=0
k230-touch-trackpad: in  type=3 code=54 value=20
k230-touch-trackpad: in  type=3 code=47 value=1
k230-touch-trackpad: in  type=3 code=54 value=20
k230-touch-trackpad: in  type=0 code=0 value=0
k230-touch-trackpad: shell move dx=0.000000 dy=-0.491872
k230-touch-trackpad: in  type=3 code=57 value=-1
k230-touch-trackpad: in  type=0 code=0 value=0
k230-touch-trackpad: shell terminal=End(83367936)
k230-touch-trackpad: in  type=3 code=47 value=0
k230-touch-trackpad: in  type=3 code=57 value=-1
k230-touch-trackpad: in  type=1 code=330 value=0
k230-touch-trackpad: in  type=0 code=0 value=0
k230-touch-trackpad: in  type=3 code=57 value=100
k230-touch-trackpad: in  type=3 code=53 value=300
k230-touch-trackpad: in  type=3 code=54 value=2360
k230-touch-trackpad: in  type=3 code=47 value=1
k230-touch-trackpad: in  type=3 code=57 value=101
k230-touch-trackpad: in  type=3 code=53 value=500
k230-touch-trackpad: in  type=3 code=54 value=2360
k230-touch-trackpad: in  type=3 code=47 value=2
k230-touch-trackpad: in  type=3 code=57 value=102
k230-touch-trackpad: in  type=3 code=53 value=700
k230-touch-trackpad: in  type=3 code=54 value=2360
k230-touch-trackpad: in  type=1 code=330 value=1
k230-touch-trackpad: in  type=0 code=0 value=0
k230-touch-trackpad: in  type=3 code=47 value=0
k230-touch-trackpad: in  type=3 code=54 value=2165
k230-touch-trackpad: in  type=3 code=47 value=1
k230-touch-trackpad: in  type=3 code=54 value=2165
k230-touch-trackpad: in  type=3 code=47 value=2
k230-touch-trackpad: in  type=3 code=54 value=2165
k230-touch-trackpad: in  type=0 code=0 value=0
k230-touch-trackpad: in  type=3 code=47 value=0
k230-touch-trackpad: in  type=3 code=54 value=1970
k230-touch-trackpad: in  type=3 code=47 value=1
k230-touch-trackpad: in  type=3 code=54 value=1970
k230-touch-trackpad: in  type=3 code=47 value=2
k230-touch-trackpad: in  type=3 code=54 value=1970
k230-touch-trackpad: in  type=0 code=0 value=0
k230-touch-trackpad: shell fingers=3 accepted=true ack_ms=4
k230-touch-trackpad: in  type=3 code=47 value=0
k230-touch-trackpad: in  type=3 code=54 value=1775
k230-touch-trackpad: in  type=3 code=47 value=1
k230-touch-trackpad: in  type=3 code=54 value=1775
k230-touch-trackpad: in  type=3 code=47 value=2
k230-touch-trackpad: in  type=3 code=54 value=1775
k230-touch-trackpad: in  type=0 code=0 value=0
k230-touch-trackpad: shell move dx=0.000000 dy=-0.243852
k230-touch-trackpad: in  type=3 code=47 value=0
k230-touch-trackpad: in  type=3 code=54 value=1580
k230-touch-trackpad: in  type=3 code=47 value=1
k230-touch-trackpad: in  type=3 code=54 value=1580
k230-touch-trackpad: in  type=3 code=47 value=2
k230-touch-trackpad: in  type=3 code=54 value=1580
k230-touch-trackpad: in  type=0 code=0 value=0
k230-touch-trackpad: shell move dx=0.000000 dy=-0.325135
k230-touch-trackpad: in  type=3 code=47 value=0
k230-touch-trackpad: in  type=3 code=54 value=1385
k230-touch-trackpad: in  type=3 code=47 value=1
k230-touch-trackpad: in  type=3 code=54 value=1385
k230-touch-trackpad: in  type=3 code=47 value=2
k230-touch-trackpad: in  type=3 code=54 value=1385
k230-touch-trackpad: in  type=0 code=0 value=0
k230-touch-trackpad: shell move dx=0.000000 dy=-0.406419
k230-touch-trackpad: in  type=3 code=47 value=0
k230-touch-trackpad: in  type=3 code=54 value=1190
k230-touch-trackpad: in  type=3 code=47 value=1
k230-touch-trackpad: in  type=3 code=54 value=1190
k230-touch-trackpad: in  type=3 code=47 value=2
k230-touch-trackpad: in  type=3 code=54 value=1190
k230-touch-trackpad: in  type=0 code=0 value=0
k230-touch-trackpad: shell move dx=0.000000 dy=-0.487703
k230-touch-trackpad: in  type=3 code=47 value=0
k230-touch-trackpad: in  type=3 code=54 value=995
k230-touch-trackpad: in  type=3 code=47 value=1
k230-touch-trackpad: in  type=3 code=54 value=995
k230-touch-trackpad: in  type=3 code=47 value=2
k230-touch-trackpad: in  type=3 code=54 value=995
k230-touch-trackpad: in  type=0 code=0 value=0
k230-touch-trackpad: shell move dx=0.000000 dy=-0.568987
k230-touch-trackpad: in  type=3 code=47 value=0
k230-touch-trackpad: in  type=3 code=54 value=800
k230-touch-trackpad: in  type=3 code=47 value=1
k230-touch-trackpad: in  type=3 code=54 value=800
k230-touch-trackpad: in  type=3 code=47 value=2
k230-touch-trackpad: in  type=3 code=54 value=800
k230-touch-trackpad: in  type=0 code=0 value=0
k230-touch-trackpad: shell move dx=0.000000 dy=-0.650271
k230-touch-trackpad: in  type=3 code=57 value=-1
k230-touch-trackpad: in  type=0 code=0 value=0
k230-touch-trackpad: shell terminal=End(83369571)
k230-touch-trackpad: in  type=3 code=47 value=0
k230-touch-trackpad: in  type=3 code=57 value=-1
k230-touch-trackpad: in  type=3 code=47 value=1
k230-touch-trackpad: in  type=3 code=57 value=-1
k230-touch-trackpad: in  type=1 code=330 value=0
k230-touch-trackpad: in  type=0 code=0 value=0
k230-touch-trackpad: in  type=3 code=47 value=0
k230-touch-trackpad: in  type=3 code=57 value=100
k230-touch-trackpad: in  type=3 code=53 value=400
k230-touch-trackpad: in  type=3 code=54 value=1854
k230-touch-trackpad: in  type=3 code=47 value=1
k230-touch-trackpad: in  type=3 code=57 value=101
k230-touch-trackpad: in  type=3 code=53 value=600
k230-touch-trackpad: in  type=3 code=54 value=1854
k230-touch-trackpad: in  type=1 code=330 value=1
k230-touch-trackpad: in  type=0 code=0 value=0
k230-touch-trackpad: in  type=3 code=47 value=0
k230-touch-trackpad: in  type=3 code=54 value=1921
k230-touch-trackpad: in  type=3 code=47 value=1
k230-touch-trackpad: in  type=3 code=54 value=1921
k230-touch-trackpad: in  type=0 code=0 value=0
k230-touch-trackpad: in  type=3 code=47 value=0
k230-touch-trackpad: in  type=3 code=54 value=1988
k230-touch-trackpad: in  type=3 code=47 value=1
k230-touch-trackpad: in  type=3 code=54 value=1988
k230-touch-trackpad: in  type=0 code=0 value=0
k230-touch-trackpad: shell fingers=2 accepted=true ack_ms=2
k230-touch-trackpad: in  type=3 code=47 value=0
k230-touch-trackpad: in  type=3 code=54 value=2055
k230-touch-trackpad: in  type=3 code=47 value=1
k230-touch-trackpad: in  type=3 code=54 value=2055
k230-touch-trackpad: in  type=0 code=0 value=0
k230-touch-trackpad: shell move dx=0.000000 dy=0.083785
k230-touch-trackpad: in  type=3 code=47 value=0
k230-touch-trackpad: in  type=3 code=54 value=2122
k230-touch-trackpad: in  type=3 code=47 value=1
k230-touch-trackpad: in  type=3 code=54 value=2122
k230-touch-trackpad: in  type=0 code=0 value=0
k230-touch-trackpad: shell move dx=0.000000 dy=0.111713
k230-touch-trackpad: in  type=3 code=47 value=0
k230-touch-trackpad: in  type=3 code=54 value=2189
k230-touch-trackpad: in  type=3 code=47 value=1
k230-touch-trackpad: in  type=3 code=54 value=2189
k230-touch-trackpad: in  type=0 code=0 value=0
k230-touch-trackpad: shell move dx=0.000000 dy=0.139642
k230-touch-trackpad: in  type=3 code=47 value=0
k230-touch-trackpad: in  type=3 code=54 value=2256
k230-touch-trackpad: in  type=3 code=47 value=1
k230-touch-trackpad: in  type=3 code=54 value=2256
k230-touch-trackpad: in  type=0 code=0 value=0
k230-touch-trackpad: shell move dx=0.000000 dy=0.167570
k230-touch-trackpad: in  type=3 code=47 value=0
k230-touch-trackpad: in  type=3 code=54 value=2323
k230-touch-trackpad: in  type=3 code=47 value=1
k230-touch-trackpad: in  type=3 code=54 value=2323
k230-touch-trackpad: in  type=0 code=0 value=0
k230-touch-trackpad: shell move dx=0.000000 dy=0.195498
k230-touch-trackpad: in  type=3 code=47 value=0
k230-touch-trackpad: in  type=3 code=54 value=2390
k230-touch-trackpad: in  type=3 code=47 value=1
k230-touch-trackpad: in  type=3 code=54 value=2390
k230-touch-trackpad: in  type=0 code=0 value=0
k230-touch-trackpad: shell move dx=0.000000 dy=0.223426
k230-touch-trackpad: in  type=3 code=57 value=-1
k230-touch-trackpad: in  type=0 code=0 value=0
k230-touch-trackpad: shell terminal=End(83371558)
k230-touch-trackpad: in  type=3 code=47 value=0
k230-touch-trackpad: in  type=3 code=57 value=-1
k230-touch-trackpad: in  type=1 code=330 value=0
k230-touch-trackpad: in  type=0 code=0 value=0
k230-touch-trackpad: in  type=3 code=57 value=100
k230-touch-trackpad: in  type=3 code=54 value=30
k230-touch-trackpad: in  type=3 code=47 value=1
k230-touch-trackpad: in  type=3 code=57 value=101
k230-touch-trackpad: in  type=3 code=54 value=30
k230-touch-trackpad: in  type=1 code=330 value=1
k230-touch-trackpad: in  type=0 code=0 value=0
k230-touch-trackpad: in  type=3 code=47 value=0
k230-touch-trackpad: in  type=3 code=54 value=116
k230-touch-trackpad: in  type=3 code=47 value=1
k230-touch-trackpad: in  type=3 code=54 value=116
k230-touch-trackpad: in  type=0 code=0 value=0
k230-touch-trackpad: in  type=3 code=47 value=0
k230-touch-trackpad: in  type=3 code=54 value=202
k230-touch-trackpad: in  type=3 code=47 value=1
k230-touch-trackpad: in  type=3 code=54 value=202
k230-touch-trackpad: in  type=0 code=0 value=0
k230-touch-trackpad: shell fingers=2 accepted=true ack_ms=4
k230-touch-trackpad: in  type=3 code=47 value=0
k230-touch-trackpad: in  type=3 code=54 value=289
k230-touch-trackpad: in  type=3 code=47 value=1
k230-touch-trackpad: in  type=3 code=54 value=289
k230-touch-trackpad: in  type=0 code=0 value=0
k230-touch-trackpad: shell move dx=0.000000 dy=0.107962
k230-touch-trackpad: in  type=3 code=47 value=0
k230-touch-trackpad: in  type=3 code=54 value=375
k230-touch-trackpad: in  type=3 code=47 value=1
k230-touch-trackpad: in  type=3 code=54 value=375
k230-touch-trackpad: in  type=0 code=0 value=0
k230-touch-trackpad: shell move dx=0.000000 dy=0.143810
k230-touch-trackpad: in  type=3 code=47 value=0
k230-touch-trackpad: in  type=3 code=54 value=461
k230-touch-trackpad: in  type=3 code=47 value=1
k230-touch-trackpad: in  type=3 code=54 value=461
k230-touch-trackpad: in  type=0 code=0 value=0
k230-touch-trackpad: shell move dx=0.000000 dy=0.179658
k230-touch-trackpad: in  type=3 code=47 value=0
k230-touch-trackpad: in  type=3 code=54 value=548
k230-touch-trackpad: in  type=3 code=47 value=1
k230-touch-trackpad: in  type=3 code=54 value=548
k230-touch-trackpad: in  type=0 code=0 value=0
k230-touch-trackpad: shell move dx=0.000000 dy=0.215923
k230-touch-trackpad: in  type=3 code=47 value=0
k230-touch-trackpad: in  type=3 code=54 value=634
k230-touch-trackpad: in  type=3 code=47 value=1
k230-touch-trackpad: in  type=3 code=54 value=634
k230-touch-trackpad: in  type=0 code=0 value=0
k230-touch-trackpad: shell move dx=0.000000 dy=0.251772
k230-touch-trackpad: in  type=3 code=47 value=0
k230-touch-trackpad: in  type=3 code=54 value=720
k230-touch-trackpad: in  type=3 code=47 value=1
k230-touch-trackpad: in  type=3 code=54 value=720
k230-touch-trackpad: in  type=0 code=0 value=0
k230-touch-trackpad: shell move dx=0.000000 dy=0.287620
k230-touch-trackpad: in  type=3 code=57 value=-1
k230-touch-trackpad: in  type=0 code=0 value=0
k230-touch-trackpad: shell terminal=End(83374106)
k230-touch-trackpad: in  type=3 code=47 value=0
k230-touch-trackpad: in  type=3 code=57 value=-1
k230-touch-trackpad: in  type=1 code=330 value=0
k230-touch-trackpad: in  type=0 code=0 value=0
k230-touch-trackpad: in  type=3 code=57 value=100
k230-touch-trackpad: in  type=3 code=54 value=1200
k230-touch-trackpad: in  type=3 code=47 value=1
k230-touch-trackpad: in  type=3 code=57 value=101
k230-touch-trackpad: in  type=3 code=54 value=1200
k230-touch-trackpad: in  type=1 code=330 value=1
k230-touch-trackpad: in  type=0 code=0 value=0
k230-touch-trackpad: in  type=3 code=47 value=0
k230-touch-trackpad: in  type=3 code=54 value=1052
k230-touch-trackpad: in  type=3 code=47 value=1
k230-touch-trackpad: in  type=3 code=54 value=1052
k230-touch-trackpad: in  type=0 code=0 value=0
k230-touch-trackpad: in  type=3 code=47 value=0
k230-touch-trackpad: in  type=3 code=54 value=905
k230-touch-trackpad: in  type=3 code=47 value=1
k230-touch-trackpad: in  type=3 code=54 value=905
k230-touch-trackpad: in  type=0 code=0 value=0
k230-touch-trackpad: shell fingers=2 accepted=true ack_ms=3
k230-touch-trackpad: in  type=3 code=47 value=0
k230-touch-trackpad: in  type=3 code=54 value=758
k230-touch-trackpad: in  type=3 code=47 value=1
k230-touch-trackpad: in  type=3 code=54 value=758
k230-touch-trackpad: in  type=0 code=0 value=0
k230-touch-trackpad: shell move dx=0.000000 dy=-0.184243
k230-touch-trackpad: in  type=3 code=47 value=0
k230-touch-trackpad: in  type=3 code=54 value=610
k230-touch-trackpad: in  type=3 code=47 value=1
k230-touch-trackpad: in  type=3 code=54 value=610
k230-touch-trackpad: in  type=0 code=0 value=0
k230-touch-trackpad: shell move dx=0.000000 dy=-0.245936
k230-touch-trackpad: in  type=3 code=47 value=0
k230-touch-trackpad: in  type=3 code=54 value=462
k230-touch-trackpad: in  type=3 code=47 value=1
k230-touch-trackpad: in  type=3 code=54 value=462
k230-touch-trackpad: in  type=0 code=0 value=0
k230-touch-trackpad: shell move dx=0.000000 dy=-0.307628
k230-touch-trackpad: in  type=3 code=47 value=0
k230-touch-trackpad: in  type=3 code=54 value=315
k230-touch-trackpad: in  type=3 code=47 value=1
k230-touch-trackpad: in  type=3 code=54 value=315
k230-touch-trackpad: in  type=0 code=0 value=0
k230-touch-trackpad: shell move dx=0.000000 dy=-0.368904
k230-touch-trackpad: in  type=3 code=47 value=0
k230-touch-trackpad: in  type=3 code=54 value=168
k230-touch-trackpad: in  type=3 code=47 value=1
k230-touch-trackpad: in  type=3 code=54 value=168
k230-touch-trackpad: in  type=0 code=0 value=0
k230-touch-trackpad: shell move dx=0.000000 dy=-0.430179
k230-touch-trackpad: in  type=3 code=47 value=0
k230-touch-trackpad: in  type=3 code=54 value=20
k230-touch-trackpad: in  type=3 code=47 value=1
k230-touch-trackpad: in  type=3 code=54 value=20
k230-touch-trackpad: in  type=0 code=0 value=0
k230-touch-trackpad: shell move dx=0.000000 dy=-0.491872
k230-touch-trackpad: in  type=3 code=57 value=-1
k230-touch-trackpad: in  type=0 code=0 value=0
k230-touch-trackpad: shell terminal=End(83374712)
k230-touch-trackpad: in  type=3 code=47 value=0
k230-touch-trackpad: in  type=3 code=57 value=-1
k230-touch-trackpad: in  type=1 code=330 value=0
k230-touch-trackpad: in  type=0 code=0 value=0
k230-touch-trackpad: poll error, leaving trackpad mode: Interrupted system call (os error 4)
k230-touch-trackpad: left trackpad mode, ungrabbed touchscreen
k230-touch-trackpad: shutting down
