these 38 derivations will be built:
  /nix/store/j2jk0yzb6czck557q4a4viq9sdra7s2g-k230-notification-sources.json.drv
  /nix/store/02fiqwy7ynbbzz57jkq102q17vv19l9j-unit-shell-notifications.service.drv
  /nix/store/lh3p60w7qyfr7p62vkmry9bwifqsw6rd-k230-shell-rust-0.1.0.drv
  /nix/store/2c6qhslbzbq4627z6s9154sp284aik9z-handheld-theme-default-28ceaae7.drv
  /nix/store/4vd8dzgb4ldln199al09a2fqwmb93im4-handheld-theme-command-0.1.drv
  /nix/store/3jb75brrlj3pqqapg0alp3ala10c245w-k230-foot.drv
  /nix/store/49gkdp61dk54g9nnbjz43gxbz1c7vwff-k230-nautilus.drv
  /nix/store/92v4xj9vavqjrrxfv3mnj97nzfc3zb6n-iw-riscv64-unknown-linux-gnu-6.17.drv
  /nix/store/1rwmcr0znvfybmiy0ndqvxgx440r7m8v-k230-window-catalog.drv
  /nix/store/szb697lci491v85l204bp1p8bc5s5vg4-k230-portfolio.drv
  /nix/store/ypmvldysp24j9anw6y4rkkkwa3mw5rba-htop-riscv64-unknown-linux-gnu-3.5.3.drv
  /nix/store/9jqhla51n1175sjz2smarf81fikjqpyl-k230-handheld-desktop-entries.drv
  /nix/store/fa20g5l8bvi051sk8q1ymjk58x6j3636-foot.drv
  /nix/store/j3p51vl1rvb3vkq4lg2sn71149h317r7-xdg-terminal-exec.drv
  /nix/store/yhmrf1sv2lzbvkyj7vwb8xkqnad9hjgp-k230-launcher-action.drv
  /nix/store/c8wv7npsjyf9kciglydly0c2h6g1p2p6-k230-touch-launcher.drv
  /nix/store/lymg4qk9gl3lg6yr93ljji7ad1i1r4x2-k230-shell-rust.drv
  /nix/store/b0jj6k9mcd5h5h9859c9h3b31s4bsinz-system-path.drv
  /nix/store/6qhs7j30r2jrcdkv14qrvkpx8s6cclla-unit-shell-power-key.service.drv
  /nix/store/bbanzcjai1hxfrwi2dag41cfwh8yish5-k230-supervised-keyboard.drv
  /nix/store/79iifkcb385bj6xwhm29m99072l1a9hb-unit-shell-keyboard.service.drv
  /nix/store/9sbwgg5m6dnsbjbkvix7mgy5qfw05ng4-unit-console-getty.service-disabled.drv
  /nix/store/3qgwcwhhxjcfhvz4niwc10jdqxsdsn4x-k230-sway.conf.drv
  /nix/store/hxg0ysikj723kylimjpwd5bjb50fy0fj-unit-shell.service.drv
  /nix/store/hrv4bnjhwsg9w6zl61yh2nwzcjnpsiag-dbus-1.drv
  /nix/store/zjr354m552xablsbn151m5c6spsr8y2w-X-Restart-Triggers-dbus-broker.drv
  /nix/store/pdk4g88291f9jpkgrxhrx0nrvyjyqjd6-unit-dbus-broker.service.drv
  /nix/store/r2rp6xn7i3m2n5fkrwllg3sz10snf9nl-unit-theme-helper.service.drv
  /nix/store/sv82vk7zv40w7ijf5yfaf9h3qi2h8s7d-unit-shell-ui.service.drv
  /nix/store/bvg656h73gv6ng7hxw08rk5dxigfcc06-system-units.drv
  /nix/store/mpkdycnryb3i6xx709s3gq0z6fjxxfyn-unit-dbus-broker.service.drv
  /nix/store/zkg60hrdmywxffwpy5pi2dhbl9h48mkr-user-units.drv
  /nix/store/0skx8b02d0zlr8pdy5nci85n89vbbksg-etc.drv
  /nix/store/mqca45h9wmi22wpg70k08v5as6khgd0c-dry-activate.drv
  /nix/store/ybsqki5bizjsr2xsl6qk8vy93m6zjq7m-activate.drv
  /nix/store/s15hz9f9397r83iqkgfd5d7pyfy7fk97-nixos-system-nixos-26.11.20260919.20b1ddd.drv
  /nix/store/f60rl2idwj5623ziv3nv35s39lp0pvdf-closure-info.drv
  /nix/store/jf9kl3f2yrj2yxh0s4m6yx0s5v9n7wb0-k230-coherent-shell-boot-files.drv
these 9 paths will be fetched (2.9 MiB download, 11.7 MiB unpacked):
  /nix/store/ngslcdqpa87y2a4j8jjj53b1xwc7mpdz-iw-6.17.tar.xz
  /nix/store/p46r8gidaz23xc1k8iqhdbg9wpbdq6lr-lm-sensors-riscv64-unknown-linux-gnu-3.6.2-dev
  /nix/store/zzi21pyvw7c62wq0ya0srsk4h7fzf0sj-python3-3.14.7-env
  /nix/store/65849i80qxx5i4xm1pbx6z8r84al7066-python3.14-cffi-2.1.0
  /nix/store/sc73ghj2fwini63gr7g440cdck564fkf-python3.14-cryptography-50.0.0
  /nix/store/h43nxqdv8998cb3kvn9ancryizn23f5k-python3.14-pycparser-3.00
  /nix/store/5c9q9x8x39v7931f1jwijld4fsjdhv38-python3.14-pyopenssl-26.3.0
  /nix/store/3acdzrkir2rz5dd1mhw6d6d1b23kzjbp-python3.14-typing-extensions-4.16.0
  /nix/store/8n193cjds2jxa5l3ahb0dxq3hb3hi7lv-uboot-tools-only_defconfig-2026.07
