work Markdown links: 20 assertions passed
work board: 82 items from 70e3fecdbf94 (committed HEAD)
blob-scan: /home/jadams/tmp/k230-coherent-closeout-2026-10-10
  vendor checkout (sdk) not present at .build/k230_linux_sdk/; skipped
  vendor checkout (lilygo) not present at repo/; skipped
  walked 4789 files: 1038 binary (985 by file row, 53 by group row); 992 inventory rows verified on disk, 59 not present here; 3 nix pins checked
blob-scan: ok -- every binary is accounted for
16:19:47 [vite] Re-optimizing dependencies because vite config has changed
16:19:48 [content] Syncing content
16:19:48 [content] Synced content
16:19:48 [types] Generated 1.08s
16:19:48 [build] output: "static"
16:19:48 [build] mode: "static"
16:19:48 [build] directory: /home/jadams/tmp/k230-coherent-closeout-2026-10-10/site/dist/
16:19:48 [build] Collecting build info...
16:19:48 [build] ✓ Completed in 1.23s.
16:19:48 [build] Building static entrypoints...
16:20:09 [vite] ✓ built in 20.50s
16:20:09 [build] ✓ Completed in 20.57s.

 building client (vite) 
16:20:09 [vite] transforming...
16:20:09 [vite] ✓ 3 modules transformed.
16:20:09 [vite] rendering chunks...
16:20:09 [vite] computing gzip size...
16:20:09 [vite] dist/_astro/handheld.astro_astro_type_script_index_0_lang.BcG1gE3O.js  6.33 kB │ gzip: 2.31 kB
16:20:09 [vite] dist/_astro/index.astro_astro_type_script_index_0_lang.Du1wyw_a.js     8.88 kB │ gzip: 3.27 kB
16:20:09 [vite] ✓ built in 220ms

 generating static routes 
16:20:09 ▶ src/pages/c/[slug].astro
16:20:09   ├─ /c/image-boot-chain/index.html (+83ms) 
16:20:09   ├─ /c/image-cross-build/index.html (+6ms) 
16:20:09   ├─ /c/image-releases/index.html (+4ms) 
16:20:09   ├─ /c/image-sd-layout/index.html (+4ms) 
16:20:09   ├─ /c/image-vendor-blobs/index.html (+4ms) 
16:20:09   ├─ /c/system-audio/index.html (+5ms) 
16:20:09   ├─ /c/system-console/index.html (+3ms) 
16:20:09   ├─ /c/system-kernel/index.html (+26ms) 
16:20:09   ├─ /c/system-nixos-config/index.html (+7ms) 
16:20:09   ├─ /c/system-rtc/index.html (+4ms) 
16:20:09   ├─ /c/system-second-core-readiness/index.html (+2ms) 
16:20:09   ├─ /c/display-backlight/index.html (+4ms) 
16:20:09   ├─ /c/display-hdmi/index.html (+2ms) 
16:20:09   ├─ /c/display-panel/index.html (+2ms) 
16:20:09   ├─ /c/display-touch/index.html (+4ms) 
16:20:09   ├─ /c/radio-bluetooth/index.html (+2ms) 
16:20:09   ├─ /c/radio-wifi/index.html (+2ms) 
16:20:09   ├─ /c/runtime-app-launcher/index.html (+2ms) 
16:20:09   ├─ /c/runtime-card-composition-plan/index.html (+1ms) 
16:20:09   ├─ /c/runtime-card-shell/index.html (+2ms) 
16:20:09   ├─ /c/runtime-editor/index.html (+1ms) 
16:20:09   ├─ /c/runtime-files/index.html (+1ms) 
16:20:09   ├─ /c/runtime-gpu-validation/index.html (+2ms) 
16:20:09   ├─ /c/runtime-handheld-shell-design/index.html (+1ms) 
16:20:09   ├─ /c/runtime-home-screen/index.html (+5ms) 
16:20:09   ├─ /c/runtime-shell/index.html (+7ms) 
16:20:09   ├─ /c/runtime-shell-themes/index.html (+2ms) 
16:20:09   ├─ /c/runtime-video/index.html (+2ms) 
16:20:09   ├─ /c/docs-handheld-ux-plan/index.html (+3ms) 
16:20:09   └─ /c/docs-spec-site/index.html (+3ms) 
16:20:09 ▶ src/pages/design/handheld.astro
16:20:09   └─ /design/handheld/index.html (+4ms) 
16:20:10 ▶ src/pages/evidence/[slug].astro
16:20:10   ├─ /evidence/docs-blob-inventory-md/index.html (+2.20s) 
16:20:12   ├─ /evidence/docs-design-app-drawer-review-md/index.html (+587ms) 
16:20:12   ├─ /evidence/docs-design-clock-widget-research-md/index.html (+238ms) 
16:20:13   ├─ /evidence/docs-design-handheld-prototype-readme-md/index.html (+44ms) 
16:20:13   ├─ /evidence/docs-design-handheld-shell-readme-md/index.html (+75ms) 
16:20:13   ├─ /evidence/docs-design-handheld-shell-motion-research-md/index.html (+94ms) 
16:20:13   ├─ /evidence/docs-design-handheld-shell-surfaces-svg/index.html (+6ms) 
16:20:13   ├─ /evidence/docs-design-handheld-shell-transitions-md/index.html (+90ms) 
16:20:13   ├─ /evidence/docs-design-handheld-shell-visual-gap-audit-md/index.html (+63ms) 
16:20:13   ├─ /evidence/docs-design-shell-polish-review-2026-09-md/index.html (+408ms) 
16:20:13   ├─ /evidence/docs-design-shell-ux-critique-switcher-svg/index.html (+7ms) 
16:20:13   ├─ /evidence/docs-design-shell-ux-critique-md/index.html (+751ms) 
16:20:14   ├─ /evidence/docs-design-webos-polish-review-md/index.html (+695ms) 
16:20:15   ├─ /evidence/docs-display-environment-options-md/index.html (+999ms) 
16:20:16   ├─ /evidence/docs-dts-evidence-md/index.html (+187ms) 
16:20:16   ├─ /evidence/docs-evidence-app-drawer-readme-md/index.html (+91ms) 
16:20:16   ├─ /evidence/docs-evidence-app-drawer-system-keyboard-board-readme-md/index.html (+27ms) 
16:20:16   ├─ /evidence/docs-evidence-app-drawer-system-keyboard-board-operator-feedback-md/index.html (+24ms) 
16:20:16   ├─ /evidence/docs-evidence-app-drawer-system-keyboard-qemu-readme-md/index.html (+47ms) 
16:20:16   ├─ /evidence/docs-evidence-backlight-bluetooth-rtc-board-test-plan-md/index.html (+111ms) 
16:20:16   ├─ /evidence/docs-evidence-backlight-board-findings-md/index.html (+143ms) 
16:20:16   ├─ /evidence/docs-evidence-backlight-combined-candidate-readme-md/index.html (+57ms) 
16:20:16   ├─ /evidence/docs-evidence-backlight-live-hs-readme-md/index.html (+23ms) 
16:20:16   ├─ /evidence/docs-evidence-backlight-runtime-recovery-readme-md/index.html (+63ms) 
16:20:17   ├─ /evidence/docs-evidence-backlight-transport-video-brightness-hs-trial-md/index.html (+35ms) 
16:20:17   ├─ /evidence/docs-evidence-big-buck-bunny-readme-md/index.html (+49ms) 
16:20:17   ├─ /evidence/docs-evidence-blob-scan-txt/index.html (+5ms) 
16:20:17   ├─ /evidence/docs-evidence-boot-from-source-cold-txt/index.html (+6ms) 
16:20:17   ├─ /evidence/docs-evidence-boot-path-differences-md/index.html (+135ms) 
16:20:17   ├─ /evidence/docs-evidence-boot-splash-handoff-md/index.html (+189ms) 
16:20:17   ├─ /evidence/docs-evidence-boot-splash-owner-md/index.html (+66ms) 
16:20:17   ├─ /evidence/docs-evidence-boot-splash-md/index.html (+85ms) 
16:20:17   ├─ /evidence/docs-evidence-boot-verification-2026-10-01-readme-md/index.html (+132ms) 
16:20:17   ├─ /evidence/docs-evidence-boot-verification-coherent-bundle-host-readme-md/index.html (+26ms) 
16:20:17   ├─ /evidence/docs-evidence-boot-verification-coherent-manual-candidate-readme-md/index.html (+49ms) 
16:20:17   ├─ /evidence/docs-evidence-boot-verification-coherent-manual-comparison-readme-md/index.html (+38ms) 
16:20:17   ├─ /evidence/docs-evidence-boot-verification-coherent-ordinary-boot-readme-md/index.html (+76ms) 
16:20:17   ├─ /evidence/docs-evidence-boot-verification-coherent-ordinary-boot-operator-navigation-json/index.html (+2ms) 
16:20:17   ├─ /evidence/docs-evidence-brightness-slider-readme-md/index.html (+24ms) 
16:20:17   ├─ /evidence/docs-evidence-card-composition-board-readme-md/index.html (+50ms) 
16:20:18   ├─ /evidence/docs-evidence-card-composition-headless-readme-md/index.html (+45ms) 
16:20:18   ├─ /evidence/docs-evidence-card-shell-policy-host-md/index.html (+10ms) 
16:20:18   ├─ /evidence/docs-evidence-card-shell-android-sized-cards-readme-md/index.html (+41ms) 
16:20:18   ├─ /evidence/docs-evidence-card-shell-app-switch-swipe-readme-md/index.html (+69ms) 
16:20:18   ├─ /evidence/docs-evidence-card-shell-app-switch-swipe-hands-on-2026-09-24-md/index.html (+9ms) 
16:20:18   ├─ /evidence/docs-evidence-card-shell-backdrop-blur-feasibility-md/index.html (+94ms) 
16:20:18   ├─ /evidence/docs-evidence-card-shell-board-cost-long-trace-readme-md/index.html (+22ms) 
16:20:18   ├─ /evidence/docs-evidence-card-shell-bottom-band-flicker-hypotheses-md/index.html (+84ms) 
16:20:18   ├─ /evidence/docs-evidence-card-shell-bottom-band-flicker-kernel-board-test-md/index.html (+60ms) 
16:20:18   ├─ /evidence/docs-evidence-card-shell-bottom-band-flicker-kernel-patch-boot-panic-md/index.html (+112ms) 
16:20:18   ├─ /evidence/docs-evidence-card-shell-bottom-band-flicker-kernel-vblank-latch-md/index.html (+89ms) 
16:20:18   ├─ /evidence/docs-evidence-card-shell-bottom-band-flicker-max-render-time-fix-md/index.html (+12ms) 
16:20:18   ├─ /evidence/docs-evidence-card-shell-coordinator-review-md/index.html (+14ms) 
16:20:18   ├─ /evidence/docs-evidence-card-shell-focus-raise-readme-md/index.html (+9ms) 
16:20:18   ├─ /evidence/docs-evidence-card-shell-frame-budget-acceptance-2026-10-09-readme-md/index.html (+35ms) 
16:20:18   ├─ /evidence/docs-evidence-card-shell-frame-budget-acceptance-2026-10-09-build-retention-md/index.html (+15ms) 
16:20:18   ├─ /evidence/docs-evidence-card-shell-frame-budget-board-result-2026-09-28-md/index.html (+11ms) 
16:20:18   ├─ /evidence/docs-evidence-card-shell-frame-budget-commit-pipelining-assessment-md/index.html (+20ms) 
16:20:18   ├─ /evidence/docs-evidence-card-shell-frame-budget-host-cost-table-md/index.html (+67ms) 
16:20:18   ├─ /evidence/docs-evidence-card-shell-frame-budget-motion-time-filter-2026-09-28-md/index.html (+93ms) 
16:20:18   ├─ /evidence/docs-evidence-card-shell-headless-readme-md/index.html (+65ms) 
16:20:19   ├─ /evidence/docs-evidence-card-shell-injected-readme-md/index.html (+54ms) 
16:20:19   ├─ /evidence/docs-evidence-card-shell-injected-two-live-png/index.html (+2ms) 
16:20:19   ├─ /evidence/docs-evidence-card-shell-kernel-rvv-readme-md/index.html (+104ms) 
16:20:19   ├─ /evidence/docs-evidence-card-shell-kernel-rvv-board-trial-readme-md/index.html (+80ms) 
16:20:19   ├─ /evidence/docs-evidence-card-shell-kernel-rvv-board-trial-boot1-json/index.html (+3ms) 
16:20:19   ├─ /evidence/docs-evidence-card-shell-kernel-rvv-board-trial-vector-state1-json/index.html (+4ms) 
16:20:19   ├─ /evidence/docs-evidence-card-shell-kernel-rvv-card-cost-readme-md/index.html (+111ms) 
16:20:19   ├─ /evidence/docs-evidence-card-shell-kernel-rvv-context-probe-readme-md/index.html (+47ms) 
16:20:19   ├─ /evidence/docs-evidence-card-shell-kernel-rvv-context-probe-board-skip-json/index.html (+5ms) 
16:20:19   ├─ /evidence/docs-evidence-card-shell-live-card-cost-readme-md/index.html (+100ms) 
16:20:19   ├─ /evidence/docs-evidence-card-shell-mirror-order-board-readme-md/index.html (+63ms) 
16:20:19   ├─ /evidence/docs-evidence-card-shell-overview-home-bleed-through-readme-md/index.html (+171ms) 
16:20:19   ├─ /evidence/docs-evidence-card-shell-overview-home-bleed-through-board-2026-09-30-readme-md/index.html (+50ms) 
16:20:19   ├─ /evidence/docs-evidence-card-shell-pixman-rvv-readme-md/index.html (+76ms) 
16:20:19   ├─ /evidence/docs-evidence-card-shell-pixman-rvv-kernel-probe-json/index.html (+11ms) 
16:20:19   ├─ /evidence/docs-evidence-card-shell-pixman-rvv-pixel-trial-readme-md/index.html (+92ms) 
16:20:19   ├─ /evidence/docs-evidence-card-shell-pixman-rvv-pixel-trial-board-result-json/index.html (+17ms) 
16:20:19   ├─ /evidence/docs-evidence-card-shell-render-cost-board-readme-md/index.html (+106ms) 
16:20:20   ├─ /evidence/docs-evidence-card-shell-renderer-decision-md/index.html (+362ms) 
16:20:20   ├─ /evidence/docs-evidence-card-shell-repaint-stages-readme-md/index.html (+108ms) 
16:20:20   ├─ /evidence/docs-evidence-card-shell-runtime-tap-after-drag-race-readme-md/index.html (+134ms) 
16:20:20   ├─ /evidence/docs-evidence-card-shell-scaled-cache-board-readme-md/index.html (+87ms) 
16:20:20   ├─ /evidence/docs-evidence-card-shell-shade-backdrop-fade-readme-md/index.html (+32ms) 
16:20:20   ├─ /evidence/docs-evidence-card-shell-shade-drag-to-close-readme-md/index.html (+31ms) 
16:20:20   ├─ /evidence/docs-evidence-card-shell-throw-fixture-sync-readme-md/index.html (+55ms) 
16:20:20   ├─ /evidence/docs-evidence-card-shell-throw-sampling-readme-md/index.html (+39ms) 
16:20:20   ├─ /evidence/docs-evidence-card-shell-touch-first-route-readme-md/index.html (+52ms) 
16:20:20   ├─ /evidence/docs-evidence-card-shell-touch-first-shade-readme-md/index.html (+46ms) 
16:20:21   ├─ /evidence/docs-evidence-card-shell-touch-timestamps-board-readme-md/index.html (+71ms) 
16:20:21   ├─ /evidence/docs-evidence-card-shell-tracked-motion-host-md/index.html (+24ms) 
16:20:21   ├─ /evidence/docs-evidence-card-shell-tracked-motion-qemu-readme-md/index.html (+28ms) 
16:20:21   ├─ /evidence/docs-evidence-card-shell-transparent-corners-readme-md/index.html (+69ms) 
16:20:21   ├─ /evidence/docs-evidence-card-shell-transparent-corners-board-trial-readme-md/index.html (+62ms) 
16:20:21   ├─ /evidence/docs-evidence-card-shell-transparent-corners-installed-system-readme-md/index.html (+10ms) 
16:20:21   ├─ /evidence/docs-evidence-card-shell-video-card-gestures-readme-md/index.html (+127ms) 
16:20:21   ├─ /evidence/docs-evidence-card-shell-video-card-readme-md/index.html (+53ms) 
16:20:21   ├─ /evidence/docs-evidence-card-shell-webos-fan-switcher-readme-md/index.html (+102ms) 
16:20:21   ├─ /evidence/docs-evidence-ch342-open-garbage-md/index.html (+213ms) 
16:20:21   ├─ /evidence/docs-evidence-chicago-clock-runtime-json/index.html (+5ms) 
16:20:21   ├─ /evidence/docs-evidence-coherent-shell-boot-artifacts-readme-md/index.html (+78ms) 
16:20:21   ├─ /evidence/docs-evidence-coherent-shell-card-entry-direct-drag-host-md/index.html (+22ms) 
16:20:21   ├─ /evidence/docs-evidence-coherent-shell-coordinated-scene-2026-10-10-readme-md/index.html (+108ms) 
16:20:22   ├─ /evidence/docs-evidence-coherent-shell-desktop-entry-defaults-host-readme-md/index.html (+21ms) 
16:20:22   ├─ /evidence/docs-evidence-coherent-shell-direct-carousel-qemu-readme-md/index.html (+32ms) 
16:20:22   ├─ /evidence/docs-evidence-coherent-shell-direct-drag-readme-md/index.html (+26ms) 
16:20:22   ├─ /evidence/docs-evidence-coherent-shell-direct-drag-installed-md/index.html (+26ms) 
16:20:22   ├─ /evidence/docs-evidence-coherent-shell-direct-reveal-drag-qemu-readme-md/index.html (+35ms) 
16:20:22   ├─ /evidence/docs-evidence-coherent-shell-drawer-route-host-md/index.html (+51ms) 
16:20:22   ├─ /evidence/docs-evidence-coherent-shell-first-integrated-preview-readme-md/index.html (+44ms) 
16:20:22   ├─ /evidence/docs-evidence-coherent-shell-icons-readme-md/index.html (+32ms) 
16:20:22   ├─ /evidence/docs-evidence-coherent-shell-image-wiring-host-md/index.html (+17ms) 
16:20:22   ├─ /evidence/docs-evidence-coherent-shell-integration-gate-2026-10-10-readme-md/index.html (+30ms) 
16:20:22   ├─ /evidence/docs-evidence-coherent-shell-interruption-gate-2026-10-10-readme-md/index.html (+94ms) 
16:20:22   ├─ /evidence/docs-evidence-coherent-shell-interruption-gate-2026-10-10-operator-acceptance-md/index.html (+23ms) 
16:20:22   ├─ /evidence/docs-evidence-coherent-shell-navigation-aid-2026-10-10-readme-md/index.html (+80ms) 
16:20:22   ├─ /evidence/docs-evidence-coherent-shell-notification-backend-md/index.html (+65ms) 
16:20:22   ├─ /evidence/docs-evidence-coherent-shell-notification-history-motion-qemu-readme-md/index.html (+71ms) 
16:20:22   ├─ /evidence/docs-evidence-coherent-shell-notification-row-swipe-host-md/index.html (+29ms) 
16:20:22   ├─ /evidence/docs-evidence-coherent-shell-overlay-bottom-escape-qemu-readme-md/index.html (+109ms) 
16:20:22   ├─ /evidence/docs-evidence-coherent-shell-prototype-launcher-build-md/index.html (+19ms) 
16:20:22   ├─ /evidence/docs-evidence-coherent-shell-real-theme-paired-qemu-readme-md/index.html (+45ms) 
16:20:22   ├─ /evidence/docs-evidence-coherent-shell-refined-installed-readme-md/index.html (+58ms) 
16:20:22   ├─ /evidence/docs-evidence-coherent-shell-reveal-integrated-qemu-readme-md/index.html (+32ms) 
16:20:22   ├─ /evidence/docs-evidence-coherent-shell-reveal-stream-host-md/index.html (+32ms) 
16:20:22   ├─ /evidence/docs-evidence-coherent-shell-rust-appearance-consumer-host-md/index.html (+21ms) 
16:20:23   ├─ /evidence/docs-evidence-coherent-shell-rust-appearance-restart-host-md/index.html (+21ms) 
16:20:23   ├─ /evidence/docs-evidence-coherent-shell-rust-drawer-grid-host-readme-md/index.html (+17ms) 
16:20:23   ├─ /evidence/docs-evidence-coherent-shell-rust-drawer-interaction-host-md/index.html (+27ms) 
16:20:23   ├─ /evidence/docs-evidence-coherent-shell-rust-frontend-source-md/index.html (+17ms) 
16:20:23   ├─ /evidence/docs-evidence-coherent-shell-rust-icons-host-md/index.html (+34ms) 
16:20:23   ├─ /evidence/docs-evidence-coherent-shell-rust-probe-board-readme-md/index.html (+36ms) 
16:20:23   ├─ /evidence/docs-evidence-coherent-shell-rust-probe-host-md/index.html (+105ms) 
16:20:23   ├─ /evidence/docs-evidence-coherent-shell-rust-reveal-host-md/index.html (+77ms) 
16:20:23   ├─ /evidence/docs-evidence-coherent-shell-rust-service-surface-qemu-readme-md/index.html (+49ms) 
16:20:23   ├─ /evidence/docs-evidence-coherent-shell-rust-services-ui-host-md/index.html (+57ms) 
16:20:23   ├─ /evidence/docs-evidence-coherent-shell-rust-shade-dismiss-qemu-readme-md/index.html (+38ms) 
16:20:23   ├─ /evidence/docs-evidence-coherent-shell-rust-visual-themes-host-readme-md/index.html (+97ms) 
16:20:23   ├─ /evidence/docs-evidence-coherent-shell-rust-wallpaper-layer-host-md/index.html (+72ms) 
16:20:23   ├─ /evidence/docs-evidence-coherent-shell-settings-backend-md/index.html (+133ms) 
16:20:23   ├─ /evidence/docs-evidence-coherent-shell-terminal-pixel-fit-md/index.html (+76ms) 
16:20:23   ├─ /evidence/docs-evidence-coherent-shell-themed-installed-readme-md/index.html (+106ms) 
16:20:23   ├─ /evidence/docs-evidence-coherent-shell-two-axis-qemu-readme-md/index.html (+243ms) 
16:20:24   ├─ /evidence/docs-evidence-coherent-shell-usable-area-qemu-md/index.html (+48ms) 
16:20:24   ├─ /evidence/docs-evidence-cpu-extensions-readme-md/index.html (+133ms) 
16:20:24   ├─ /evidence/docs-evidence-cpu-extensions-normal-image-build-readme-md/index.html (+70ms) 
16:20:24   ├─ /evidence/docs-evidence-cross-build-txt/index.html (+2ms) 
16:20:24   ├─ /evidence/docs-evidence-daily-shell-image-3f397a6-md/index.html (+52ms) 
16:20:24   ├─ /evidence/docs-evidence-daily-shell-image-md/index.html (+43ms) 
16:20:24   ├─ /evidence/docs-evidence-drm-info-txt/index.html (+8ms) 
16:20:24   ├─ /evidence/docs-evidence-dsi-burst-headroom-md/index.html (+92ms) 
16:20:24   ├─ /evidence/docs-evidence-dsi-hsfreqrange-hardcoded-md/index.html (+234ms) 
16:20:24   ├─ /evidence/docs-evidence-dsi-phy-hang-md/index.html (+247ms) 
16:20:25   ├─ /evidence/docs-evidence-dts-divergence-md/index.html (+68ms) 
16:20:25   ├─ /evidence/docs-evidence-fahrenheit-weather-readme-md/index.html (+17ms) 
16:20:25   ├─ /evidence/docs-evidence-files-app-readme-md/index.html (+76ms) 
16:20:25   ├─ /evidence/docs-evidence-files-app-board-2026-09-30-readme-md/index.html (+53ms) 
16:20:25   ├─ /evidence/docs-evidence-files-app-closure-delta-both-apps-md/index.html (+63ms) 
16:20:25   ├─ /evidence/docs-evidence-files-app-closure-delta-md/index.html (+87ms) 
16:20:25   ├─ /evidence/docs-evidence-final-shell-image-readme-md/index.html (+69ms) 
16:20:25   ├─ /evidence/docs-evidence-flicker-after-headroom-revert-md/index.html (+358ms) 
16:20:25   ├─ /evidence/docs-evidence-gpu-validation-readme-md/index.html (+72ms) 
16:20:26   ├─ /evidence/docs-evidence-gpu-validation-cpu-timing-pass-txt/index.html (+10ms) 
16:20:26   ├─ /evidence/docs-evidence-gpu-validation-initial-format-failure-txt/index.html (+14ms) 
16:20:26   ├─ /evidence/docs-evidence-gt9895-port-md/index.html (+214ms) 
16:20:26   ├─ /evidence/docs-evidence-gt9895-touch-md/index.html (+55ms) 
16:20:26   ├─ /evidence/docs-evidence-gzip-equivalence-txt/index.html (+3ms) 
16:20:26   ├─ /evidence/docs-evidence-hardware-boot-txt/index.html (+1ms) 
16:20:26   ├─ /evidence/docs-evidence-hardware-userspace-md/index.html (+22ms) 
16:20:26   ├─ /evidence/docs-evidence-hdmi-hotplug-live-switch-readme-md/index.html (+75ms) 
16:20:26   ├─ /evidence/docs-evidence-hdmi-hotplug-live-switch-closeout-2026-10-09-md/index.html (+23ms) 
16:20:26   ├─ /evidence/docs-evidence-hdmi-hotplug-live-switch-fast-runtime-operator-report-json/index.html (+3ms) 
16:20:26   ├─ /evidence/docs-evidence-hdmi-hotplug-live-switch-fast-runtime-qualification-json/index.html (+4ms) 
16:20:26   ├─ /evidence/docs-evidence-hdmi-hotplug-live-switch-normal-hotplug-install-serial-json/index.html (+4ms) 
16:20:26   ├─ /evidence/docs-evidence-hdmi-hotplug-live-switch-normal-hotplug-runtime-state-json/index.html (+5ms) 
16:20:26   ├─ /evidence/docs-evidence-hdmi-hotplug-live-switch-scope-decision-2026-10-09-md/index.html (+32ms) 
16:20:26   ├─ /evidence/docs-evidence-hdmi-hotplug-live-switch-source-preflight-md/index.html (+12ms) 
16:20:26   ├─ /evidence/docs-evidence-hdmi-hotplug-panel-recovery-2026-09-30-readme-md/index.html (+64ms) 
16:20:26   ├─ /evidence/docs-evidence-hdmi-hotplug-probe-lt9611-probe-2026-09-29-md/index.html (+19ms) 
16:20:26   ├─ /evidence/docs-evidence-hdmi-mainline-readme-md/index.html (+94ms) 
16:20:26   ├─ /evidence/docs-evidence-home-screen-app-actions-board-readme-md/index.html (+17ms) 
16:20:26   ├─ /evidence/docs-evidence-home-screen-app-actions-board-full-system-readme-md/index.html (+15ms) 
16:20:26   ├─ /evidence/docs-evidence-home-screen-app-actions-board-full-system-actions-result-json/index.html (+2ms) 
16:20:26   ├─ /evidence/docs-evidence-home-screen-app-actions-board-operator-acceptance-2026-10-01-md/index.html (+8ms) 
16:20:26   ├─ /evidence/docs-evidence-home-screen-app-actions-host-md/index.html (+12ms) 
16:20:26   ├─ /evidence/docs-evidence-home-screen-app-actions-qemu-readme-md/index.html (+12ms) 
16:20:26   ├─ /evidence/docs-evidence-home-screen-closeout-2026-10-09-md/index.html (+40ms) 
16:20:26   ├─ /evidence/docs-evidence-home-screen-navigation-readme-md/index.html (+33ms) 
16:20:26   ├─ /evidence/docs-evidence-home-screen-navigation-operator-acceptance-2026-10-01-md/index.html (+10ms) 
16:20:26   ├─ /evidence/docs-evidence-home-screen-qemu-readme-md/index.html (+79ms) 
16:20:26   ├─ /evidence/docs-evidence-home-screen-real-touch-operator-report-2026-10-08-md/index.html (+16ms) 
16:20:26   ├─ /evidence/docs-evidence-home-widget-design-readme-md/index.html (+35ms) 
16:20:26   ├─ /evidence/docs-evidence-home-widget-design-closeout-2026-10-01-board-readme-md/index.html (+12ms) 
16:20:26   ├─ /evidence/docs-evidence-home-widget-design-closeout-2026-10-01-qemu-readme-md/index.html (+20ms) 
16:20:26   ├─ /evidence/docs-evidence-home-widgets-folders-closeout-2026-10-01-board-readme-md/index.html (+21ms) 
16:20:27   ├─ /evidence/docs-evidence-home-widgets-folders-closeout-2026-10-01-qemu-readme-md/index.html (+17ms) 
16:20:27   ├─ /evidence/docs-evidence-image-releases-2026-10-01-readme-md/index.html (+42ms) 
16:20:27   ├─ /evidence/docs-evidence-kernel-patches-md/index.html (+119ms) 
16:20:27   ├─ /evidence/docs-evidence-keyboard-drag-usable-area-gap-readme-md/index.html (+45ms) 
16:20:27   ├─ /evidence/docs-evidence-keyboard-gestures-installed-preview-readme-md/index.html (+27ms) 
16:20:27   ├─ /evidence/docs-evidence-keyboard-gestures-native-qemu-readme-md/index.html (+24ms) 
16:20:27   ├─ /evidence/docs-evidence-keyboard-gestures-supervised-installed-readme-md/index.html (+25ms) 
16:20:27   ├─ /evidence/docs-evidence-keyboard-gestures-supervised-keyboard-host-md/index.html (+11ms) 
16:20:27   ├─ /evidence/docs-evidence-launch-splash-qemu-readme-md/index.html (+26ms) 
16:20:27   ├─ /evidence/docs-evidence-launcher-curation-cross-build-md/index.html (+16ms) 
16:20:27   ├─ /evidence/docs-evidence-launcher-curation-host-md/index.html (+15ms) 
16:20:27   ├─ /evidence/docs-evidence-launcher-curation-operator-board-2026-10-08-md/index.html (+12ms) 
16:20:27   ├─ /evidence/docs-evidence-launcher-gestures-edge-states-readme-md/index.html (+11ms) 
16:20:27   ├─ /evidence/docs-evidence-launcher-gestures-integrated-injected-readme-md/index.html (+41ms) 
16:20:27   ├─ /evidence/docs-evidence-launcher-gestures-integrated-injected-overview-png/index.html (+2ms) 
16:20:27   ├─ /evidence/docs-evidence-launcher-gestures-metadata-budget-readme-md/index.html (+19ms) 
16:20:27   ├─ /evidence/docs-evidence-launcher-gestures-procedure-md/index.html (+13ms) 
16:20:27   ├─ /evidence/docs-evidence-launcher-gestures-real-finger-readme-md/index.html (+13ms) 
16:20:27   ├─ /evidence/docs-evidence-launcher-gestures-real-finger-gestures-mp4/index.html (+15ms) 
16:20:27   ├─ /evidence/docs-evidence-launcher-gestures-real-finger-window-selection-jpg/index.html (+1ms) 
16:20:27   ├─ /evidence/docs-evidence-launcher-gestures-rollback-readme-md/index.html (+10ms) 
16:20:27   ├─ /evidence/docs-evidence-lilygo-uboot-logo-md/index.html (+152ms) 
16:20:27   ├─ /evidence/docs-evidence-mainline-autonomous-bash-pid1-host-readme-md/index.html (+58ms) 
16:20:27   ├─ /evidence/docs-evidence-mainline-autonomous-bash-pid1-host-controller-host-md/index.html (+18ms) 
16:20:27   ├─ /evidence/docs-evidence-mainline-autonomous-bash-pid1-native-argv-readme-md/index.html (+19ms) 
16:20:27   ├─ /evidence/docs-evidence-mainline-autonomous-bash-pid1-physical-2026-10-05-readme-md/index.html (+19ms) 
16:20:27   ├─ /evidence/docs-evidence-mainline-blkid-trial-physical-2026-10-03-readme-md/index.html (+27ms) 
16:20:27   ├─ /evidence/docs-evidence-mainline-clock-ownership-2026-10-06-readme-md/index.html (+18ms) 
16:20:27   ├─ /evidence/docs-evidence-mainline-default-boot-readme-md/index.html (+38ms) 
16:20:27   ├─ /evidence/docs-evidence-mainline-default-boot-first-install-journal-json/index.html (+7ms) 
16:20:27   ├─ /evidence/docs-evidence-mainline-default-boot-postboot-json/index.html (+3ms) 
16:20:27   ├─ /evidence/docs-evidence-mainline-display-api-compile-md/index.html (+16ms) 
16:20:27   ├─ /evidence/docs-evidence-mainline-display-boot-preparation-md/index.html (+57ms) 
16:20:27   ├─ /evidence/docs-evidence-mainline-display-dtb-md/index.html (+15ms) 
16:20:27   ├─ /evidence/docs-evidence-mainline-display-nix-build-md/index.html (+12ms) 
16:20:27   ├─ /evidence/docs-evidence-mainline-display-power-domain-md/index.html (+38ms) 
16:20:28   ├─ /evidence/docs-evidence-mainline-display-physical-2026-10-01-readme-md/index.html (+37ms) 
16:20:28   ├─ /evidence/docs-evidence-mainline-display-physical-2026-10-01-candidate-controller-host-2026-10-02-md/index.html (+48ms) 
16:20:28   ├─ /evidence/docs-evidence-mainline-display-physical-2026-10-01-corrected-probe-recovery-2026-10-02-readme-md/index.html (+32ms) 
16:20:28   ├─ /evidence/docs-evidence-mainline-display-physical-2026-10-01-initrd-shell-diagnostic-md/index.html (+97ms) 
16:20:28   ├─ /evidence/docs-evidence-mainline-display-physical-2026-10-01-label-controller-host-2026-10-02-md/index.html (+34ms) 
16:20:28   ├─ /evidence/docs-evidence-mainline-display-physical-2026-10-01-mainline-restart-source-audit-2026-10-02-md/index.html (+31ms) 
16:20:28   ├─ /evidence/docs-evidence-mainline-display-physical-2026-10-01-mainline-root-path-audit-2026-10-02-md/index.html (+104ms) 
16:20:28   ├─ /evidence/docs-evidence-mainline-display-physical-2026-10-01-minimal-probe-2026-10-02-readme-md/index.html (+28ms) 
16:20:28   ├─ /evidence/docs-evidence-mainline-display-physical-2026-10-01-minimal-probe-recovery-2026-10-02-readme-md/index.html (+59ms) 
16:20:28   ├─ /evidence/docs-evidence-mainline-display-physical-2026-10-01-power-swap-recovery-2026-10-02-readme-md/index.html (+70ms) 
16:20:28   ├─ /evidence/docs-evidence-mainline-display-physical-2026-10-01-root-mount-controller-host-2026-10-02-md/index.html (+31ms) 
16:20:28   ├─ /evidence/docs-evidence-mainline-full-shell-2026-10-06-readme-md/index.html (+47ms) 
16:20:28   ├─ /evidence/docs-evidence-mainline-init-exec-return-actual-host-readme-md/index.html (+63ms) 
16:20:28   ├─ /evidence/docs-evidence-mainline-init-exec-return-host-readme-md/index.html (+22ms) 
16:20:28   ├─ /evidence/docs-evidence-mainline-init-exec-return-physical-2026-10-05-readme-md/index.html (+29ms) 
16:20:28   ├─ /evidence/docs-evidence-mainline-init-exec-return-physical-2026-10-05-publication-json/index.html (+2ms) 
16:20:28   ├─ /evidence/docs-evidence-mainline-init-exec-return-physical-2026-10-05-recovery-json/index.html (+1ms) 
16:20:28   ├─ /evidence/docs-evidence-mainline-init-exec-return-restoration-host-readme-md/index.html (+17ms) 
16:20:28   ├─ /evidence/docs-evidence-mainline-init-exec-return-staging-2026-10-05-readme-md/index.html (+9ms) 
16:20:28   ├─ /evidence/docs-evidence-mainline-init-exec-transition-actual-host-readme-md/index.html (+17ms) 
16:20:28   ├─ /evidence/docs-evidence-mainline-init-exec-transition-camera-repeat-2026-10-05-readme-md/index.html (+34ms) 
16:20:28   ├─ /evidence/docs-evidence-mainline-init-exec-transition-controller-readme-md/index.html (+21ms) 
16:20:28   ├─ /evidence/docs-evidence-mainline-init-exec-transition-physical-2026-10-05-readme-md/index.html (+23ms) 
16:20:28   ├─ /evidence/docs-evidence-mainline-init-exec-transition-source-readme-md/index.html (+36ms) 
16:20:28   ├─ /evidence/docs-evidence-mainline-init-exec-transition-source-identity-evaluation-json/index.html (+5ms) 
16:20:28   ├─ /evidence/docs-evidence-mainline-initrd-debug-logging-host-readme-md/index.html (+26ms) 
16:20:28   ├─ /evidence/docs-evidence-mainline-initrd-debug-logging-host-controller-host-md/index.html (+17ms) 
16:20:28   ├─ /evidence/docs-evidence-mainline-initrd-debug-logging-physical-2026-10-05-readme-md/index.html (+24ms) 
16:20:28   ├─ /evidence/docs-evidence-mainline-initrd-info-kmsg-logging-host-readme-md/index.html (+10ms) 
16:20:28   ├─ /evidence/docs-evidence-mainline-initrd-info-kmsg-logging-host-controller-host-md/index.html (+29ms) 
16:20:29   ├─ /evidence/docs-evidence-mainline-initrd-info-kmsg-logging-physical-2026-10-05-readme-md/index.html (+15ms) 
16:20:29   ├─ /evidence/docs-evidence-mainline-initrd-info-kmsg-logging-physical-2026-10-05-recovery-json/index.html (+3ms) 
16:20:29   ├─ /evidence/docs-evidence-mainline-initrd-info-logging-host-readme-md/index.html (+35ms) 
16:20:29   ├─ /evidence/docs-evidence-mainline-initrd-info-logging-host-controller-host-md/index.html (+43ms) 
16:20:29   ├─ /evidence/docs-evidence-mainline-initrd-info-logging-physical-2026-10-05-readme-md/index.html (+17ms) 
16:20:29   ├─ /evidence/docs-evidence-mainline-restart-readme-md/index.html (+103ms) 
16:20:29   ├─ /evidence/docs-evidence-mainline-restart-minimal-clock-comparison-host-2026-10-02-md/index.html (+43ms) 
16:20:29   ├─ /evidence/docs-evidence-mainline-restart-physical-clock-comparison-2026-10-02-readme-md/index.html (+25ms) 
16:20:29   ├─ /evidence/docs-evidence-mainline-restart-physical-minimal-2026-10-02-readme-md/index.html (+37ms) 
16:20:29   ├─ /evidence/docs-evidence-mainline-restart-physical-runtime-ready-2026-10-02-readme-md/index.html (+31ms) 
16:20:29   ├─ /evidence/docs-evidence-mainline-restart-physical-runtime-trace-2026-10-02-readme-md/index.html (+47ms) 
16:20:29   ├─ /evidence/docs-evidence-mainline-restart-physical-shutdown-debug-2026-10-02-readme-md/index.html (+21ms) 
16:20:29   ├─ /evidence/docs-evidence-mainline-restart-restart-dispatch-audit-2026-10-02-md/index.html (+39ms) 
16:20:29   ├─ /evidence/docs-evidence-mainline-restart-runtime-shutdown-trace-feasibility-2026-10-02-md/index.html (+52ms) 
16:20:29   ├─ /evidence/docs-evidence-mainline-restart-shutdown-debug-host-preparation-2026-10-02-md/index.html (+91ms) 
16:20:29   ├─ /evidence/docs-evidence-mainline-restart-shutdown-path-audit-2026-10-02-md/index.html (+63ms) 
16:20:29   ├─ /evidence/docs-evidence-mainline-sd-image-readme-md/index.html (+29ms) 
16:20:29   ├─ /evidence/docs-evidence-mainline-sd-image-host-inspection-json/index.html (+3ms) 
16:20:29   ├─ /evidence/docs-evidence-mainline-sd-throughput-readme-md/index.html (+49ms) 
16:20:29   ├─ /evidence/docs-evidence-mainline-sd1-clocks-physical-no-flag-2026-10-03-readme-md/index.html (+38ms) 
16:20:29   ├─ /evidence/docs-evidence-mainline-shell-parity-2026-10-06-readme-md/index.html (+25ms) 
16:20:29   ├─ /evidence/docs-evidence-mainline-system-trial-readme-md/index.html (+40ms) 
16:20:29   ├─ /evidence/docs-evidence-mainline-system-trial-boot-boundary-build-2026-10-03-readme-md/index.html (+14ms) 
16:20:29   ├─ /evidence/docs-evidence-mainline-system-trial-boot-boundary-host-2026-10-03-md/index.html (+47ms) 
16:20:29   ├─ /evidence/docs-evidence-mainline-system-trial-boot-boundary-physical-2026-10-03-readme-md/index.html (+20ms) 
16:20:29   ├─ /evidence/docs-evidence-mainline-system-trial-boot-boundary-sbi-build-2026-10-03-readme-md/index.html (+30ms) 
16:20:29   ├─ /evidence/docs-evidence-mainline-system-trial-boot-boundary-sbi-host-2026-10-03-md/index.html (+100ms) 
16:20:30   ├─ /evidence/docs-evidence-mainline-system-trial-boot-boundary-sbi-only-build-2026-10-03-readme-md/index.html (+19ms) 
16:20:30   ├─ /evidence/docs-evidence-mainline-system-trial-boot-boundary-sbi-only-host-2026-10-03-md/index.html (+70ms) 
16:20:30   ├─ /evidence/docs-evidence-mainline-system-trial-boot-boundary-sbi-only-physical-2026-10-03-readme-md/index.html (+21ms) 
16:20:30   ├─ /evidence/docs-evidence-mainline-system-trial-boot-boundary-sbi-physical-2026-10-03-readme-md/index.html (+24ms) 
16:20:30   ├─ /evidence/docs-evidence-mainline-system-trial-current-p2-baseline-repeat-host-2026-10-05-readme-md/index.html (+13ms) 
16:20:30   ├─ /evidence/docs-evidence-mainline-system-trial-current-p2-baseline-repeat-physical-2026-10-05-readme-md/index.html (+27ms) 
16:20:30   ├─ /evidence/docs-evidence-mainline-system-trial-current-p2-baseline-repeat-physical-2026-10-05-recovery-json/index.html (+2ms) 
16:20:30   ├─ /evidence/docs-evidence-mainline-system-trial-current-p2-ordinary-physical-2026-10-05-readme-md/index.html (+15ms) 
16:20:30   ├─ /evidence/docs-evidence-mainline-system-trial-debug-readiness-physical-2026-10-03-readme-md/index.html (+13ms) 
16:20:30   ├─ /evidence/docs-evidence-mainline-system-trial-debug-receipt-physical-2026-10-03-readme-md/index.html (+12ms) 
16:20:30   ├─ /evidence/docs-evidence-mainline-system-trial-initramfs-initcall-controller-host-2026-10-03-md/index.html (+28ms) 
16:20:30   ├─ /evidence/docs-evidence-mainline-system-trial-initramfs-initcall-physical-2026-10-03-readme-md/index.html (+50ms) 
16:20:30   ├─ /evidence/docs-evidence-mainline-system-trial-initrd-debug-controller-host-2026-10-03-md/index.html (+23ms) 
16:20:30   ├─ /evidence/docs-evidence-mainline-system-trial-marker-free-controller-host-2026-10-03-md/index.html (+16ms) 
16:20:30   ├─ /evidence/docs-evidence-mainline-system-trial-marker-free-physical-2026-10-03-readme-md/index.html (+24ms) 
16:20:30   ├─ /evidence/docs-evidence-mainline-system-trial-physical-2026-10-03-readme-md/index.html (+23ms) 
16:20:30   ├─ /evidence/docs-evidence-mainline-system-trial-shell-pid1-controller-host-2026-10-03-md/index.html (+28ms) 
16:20:30   ├─ /evidence/docs-evidence-mainline-system-trial-shell-pid1-physical-2026-10-03-readme-md/index.html (+35ms) 
16:20:30   ├─ /evidence/docs-evidence-mainline-system-trial-uart-observer-host-2026-10-03-md/index.html (+40ms) 
16:20:30   ├─ /evidence/docs-evidence-mainline-system-trial-uart-observer-physical-2026-10-03-readme-md/index.html (+24ms) 
16:20:30   ├─ /evidence/docs-evidence-mainline-system-trial-uart-observer-sbi-boot-console-physical-2026-10-03-readme-md/index.html (+31ms) 
16:20:30   ├─ /evidence/docs-evidence-mainline-system-trial-uart-observer-serial-console-physical-2026-10-03-readme-md/index.html (+21ms) 
16:20:30   ├─ /evidence/docs-evidence-mainline-uart-observer-trial-sbi-boot-console-host-2026-10-03-md/index.html (+21ms) 
16:20:30   ├─ /evidence/docs-evidence-mainline-uart-observer-trial-serial-console-only-host-2026-10-03-md/index.html (+18ms) 
16:20:30   ├─ /evidence/docs-evidence-mainline-uart-progress-breadcrumbs-controller-readme-md/index.html (+44ms) 
16:20:30   ├─ /evidence/docs-evidence-mainline-uart-progress-breadcrumbs-exact-full-host-readme-md/index.html (+28ms) 
16:20:30   ├─ /evidence/docs-evidence-mainline-uart-progress-breadcrumbs-integration-host-2026-10-03-md/index.html (+12ms) 
16:20:30   ├─ /evidence/docs-evidence-mainline-uart-progress-breadcrumbs-physical-2026-10-03-readme-md/index.html (+47ms) 
16:20:30   ├─ /evidence/docs-evidence-mainline-uart-progress-breadcrumbs-physical-2026-10-03-result-json/index.html (+4ms) 
16:20:30   ├─ /evidence/docs-evidence-mainline-uart-progress-breadcrumbs-positive-controller-host-readme-md/index.html (+29ms) 
16:20:30   ├─ /evidence/docs-evidence-mainline-uart-progress-breadcrumbs-source-host-readme-md/index.html (+30ms) 
16:20:30   ├─ /evidence/docs-evidence-mainline-uart-progress-controller-readme-md/index.html (+45ms) 
16:20:30   ├─ /evidence/docs-evidence-mainline-uart-progress-memory-printk-controller-readme-md/index.html (+27ms) 
16:20:30   ├─ /evidence/docs-evidence-mainline-uart-progress-memory-printk-exact-full-host-readme-md/index.html (+59ms) 
16:20:31   ├─ /evidence/docs-evidence-mainline-uart-progress-memory-printk-firmware-identity-host-readme-md/index.html (+13ms) 
16:20:31   ├─ /evidence/docs-evidence-mainline-uart-progress-memory-printk-nohz-off-host-readme-md/index.html (+47ms) 
16:20:31   ├─ /evidence/docs-evidence-mainline-uart-progress-memory-printk-nohz-off-physical-2026-10-04-readme-md/index.html (+19ms) 
16:20:31   ├─ /evidence/docs-evidence-mainline-uart-progress-memory-printk-physical-2026-10-04-readme-md/index.html (+18ms) 
16:20:31   ├─ /evidence/docs-evidence-mainline-uart-progress-memory-printk-positive-controller-host-readme-md/index.html (+26ms) 
16:20:31   ├─ /evidence/docs-evidence-mainline-uart-progress-memory-printk-readiness-host-readme-md/index.html (+32ms) 
16:20:31   ├─ /evidence/docs-evidence-mainline-uart-progress-memory-printk-source-host-readme-md/index.html (+37ms) 
16:20:31   ├─ /evidence/docs-evidence-mainline-uart-progress-memory-controller-readme-md/index.html (+53ms) 
16:20:31   ├─ /evidence/docs-evidence-mainline-uart-progress-memory-exact-full-host-readme-md/index.html (+84ms) 
16:20:31   ├─ /evidence/docs-evidence-mainline-uart-progress-memory-no-stimulus-host-readme-md/index.html (+38ms) 
16:20:31   ├─ /evidence/docs-evidence-mainline-uart-progress-memory-no-stimulus-physical-2026-10-04-readme-md/index.html (+28ms) 
16:20:31   ├─ /evidence/docs-evidence-mainline-uart-progress-memory-physical-2026-10-03-readme-md/index.html (+96ms) 
16:20:31   ├─ /evidence/docs-evidence-mainline-uart-progress-memory-poll-idle-host-readme-md/index.html (+47ms) 
16:20:31   ├─ /evidence/docs-evidence-mainline-uart-progress-memory-poll-idle-physical-2026-10-04-readme-md/index.html (+28ms) 
16:20:31   ├─ /evidence/docs-evidence-mainline-uart-progress-memory-positive-controller-host-readme-md/index.html (+25ms) 
16:20:31   ├─ /evidence/docs-evidence-mainline-uart-progress-memory-source-host-readme-md/index.html (+42ms) 
16:20:31   ├─ /evidence/docs-evidence-mainline-uart-progress-post-sample-controller-readme-md/index.html (+23ms) 
16:20:31   ├─ /evidence/docs-evidence-mainline-uart-progress-post-sample-exact-full-host-readme-md/index.html (+37ms) 
16:20:31   ├─ /evidence/docs-evidence-mainline-uart-progress-post-sample-physical-2026-10-03-readme-md/index.html (+29ms) 
16:20:31   ├─ /evidence/docs-evidence-mainline-uart-progress-post-sample-positive-controller-host-readme-md/index.html (+29ms) 
16:20:31   ├─ /evidence/docs-evidence-mainline-uart-progress-post-sample-source-host-readme-md/index.html (+28ms) 
16:20:31   ├─ /evidence/docs-evidence-mainline-uart-progress-controller-matching-host-2026-10-03-md/index.html (+23ms) 
16:20:31   ├─ /evidence/docs-evidence-mainline-uart-progress-exact-full-host-2026-10-03-md/index.html (+38ms) 
16:20:31   ├─ /evidence/docs-evidence-mainline-uart-progress-physical-2026-10-03-readme-md/index.html (+18ms) 
16:20:31   ├─ /evidence/docs-evidence-mainline-uart-progress-source-object-host-2026-10-03-md/index.html (+43ms) 
16:20:31   ├─ /evidence/docs-evidence-max98357a-speaker-md/index.html (+72ms) 
16:20:31   ├─ /evidence/docs-evidence-mvx-v4l2-audit-md/index.html (+88ms) 
16:20:32   ├─ /evidence/docs-evidence-network-video-readme-md/index.html (+79ms) 
16:20:32   ├─ /evidence/docs-evidence-network-video-installed-app-readme-md/index.html (+35ms) 
16:20:32   ├─ /evidence/docs-evidence-network-video-installed-controls-readme-md/index.html (+24ms) 
16:20:32   ├─ /evidence/docs-evidence-network-video-integration-board-boot-md/index.html (+8ms) 
16:20:32   ├─ /evidence/docs-evidence-network-video-integration-host-md/index.html (+13ms) 
16:20:32   ├─ /evidence/docs-evidence-network-video-midstream-error-readme-md/index.html (+37ms) 
16:20:32   ├─ /evidence/docs-evidence-network-video-mvx-patched-trace-audit-md/index.html (+19ms) 
16:20:32   ├─ /evidence/docs-evidence-network-video-recovery-check-readme-md/index.html (+11ms) 
16:20:32   ├─ /evidence/docs-evidence-network-video-recovery-fixed-readme-md/index.html (+9ms) 
16:20:32   ├─ /evidence/docs-evidence-network-video-strict-comparison-readme-md/index.html (+19ms) 
16:20:32   ├─ /evidence/docs-evidence-network-video-strict-decoder-selection-md/index.html (+18ms) 
16:20:32   ├─ /evidence/docs-evidence-offline-app-candidates-host-evaluation-md/index.html (+5ms) 
16:20:32   ├─ /evidence/docs-evidence-offline-app-candidates-selection-md/index.html (+11ms) 
16:20:32   ├─ /evidence/docs-evidence-offline-help-injected-readme-md/index.html (+16ms) 
16:20:32   ├─ /evidence/docs-evidence-offline-wifi-image-readme-md/index.html (+47ms) 
16:20:32   ├─ /evidence/docs-evidence-offline-wifi-image-editor-png/index.html (+1ms) 
16:20:32   ├─ /evidence/docs-evidence-offline-wifi-image-final-readiness-txt/index.html (+1ms) 
16:20:32   ├─ /evidence/docs-evidence-offline-wifi-image-final-wifi-network-txt/index.html (+1ms) 
16:20:32   ├─ /evidence/docs-evidence-offline-wifi-image-help-png/index.html (+1ms) 
16:20:32   ├─ /evidence/docs-evidence-offline-wifi-image-nnn-png/index.html (+1ms) 
16:20:32   ├─ /evidence/docs-evidence-omarchy-themes-all-builtin-themes-host-md/index.html (+34ms) 
16:20:32   ├─ /evidence/docs-evidence-omarchy-themes-app-appearance-host-md/index.html (+32ms) 
16:20:32   ├─ /evidence/docs-evidence-omarchy-themes-background-decode-cache-qemu-readme-md/index.html (+63ms) 
16:20:32   ├─ /evidence/docs-evidence-omarchy-themes-background-decode-cache-qemu-board-timing-md/index.html (+34ms) 
16:20:32   ├─ /evidence/docs-evidence-omarchy-themes-background-workload-host-md/index.html (+22ms) 
16:20:32   ├─ /evidence/docs-evidence-omarchy-themes-board-switching-readme-md/index.html (+19ms) 
16:20:32   ├─ /evidence/docs-evidence-omarchy-themes-bundled-backgrounds-host-md/index.html (+13ms) 
16:20:32   ├─ /evidence/docs-evidence-omarchy-themes-bundled-icons-md/index.html (+8ms) 
16:20:32   ├─ /evidence/docs-evidence-omarchy-themes-catalog-host-md/index.html (+19ms) 
16:20:32   ├─ /evidence/docs-evidence-omarchy-themes-chooser-responsive-readme-md/index.html (+107ms) 
16:20:32   ├─ /evidence/docs-evidence-omarchy-themes-closeout-2026-10-10-readme-md/index.html (+33ms) 
16:20:32   ├─ /evidence/docs-evidence-omarchy-themes-commit-fix-board-readme-md/index.html (+31ms) 
16:20:32   ├─ /evidence/docs-evidence-omarchy-themes-community-board-fixed-readme-md/index.html (+19ms) 
16:20:32   ├─ /evidence/docs-evidence-omarchy-themes-community-board-readme-md/index.html (+23ms) 
16:20:32   ├─ /evidence/docs-evidence-omarchy-themes-community-rgba-host-md/index.html (+20ms) 
16:20:32   ├─ /evidence/docs-evidence-omarchy-themes-deck-restart-host-md/index.html (+7ms) 
16:20:32   ├─ /evidence/docs-evidence-omarchy-themes-drawer-card-generation-readme-md/index.html (+20ms) 
16:20:32   ├─ /evidence/docs-evidence-omarchy-themes-endpoint-fanout-host-md/index.html (+11ms) 
16:20:32   ├─ /evidence/docs-evidence-omarchy-themes-font-spacing-adaptation-readme-md/index.html (+9ms) 
16:20:32   ├─ /evidence/docs-evidence-omarchy-themes-helper-package-md/index.html (+6ms) 
16:20:32   ├─ /evidence/docs-evidence-omarchy-themes-instant-theme-swap-readme-md/index.html (+67ms) 
16:20:33   ├─ /evidence/docs-evidence-omarchy-themes-instant-theme-swap-apply-skip-redundant-prepare-2026-09-24-md/index.html (+73ms) 
16:20:33   ├─ /evidence/docs-evidence-omarchy-themes-instant-theme-swap-board-chooser-2026-09-25-md/index.html (+25ms) 
16:20:33   ├─ /evidence/docs-evidence-omarchy-themes-instant-theme-swap-board-diagnosis-2026-09-24-md/index.html (+83ms) 
16:20:33   ├─ /evidence/docs-evidence-omarchy-themes-instant-theme-swap-chooser-direct-helper-2026-09-24-md/index.html (+62ms) 
16:20:33   ├─ /evidence/docs-evidence-omarchy-themes-instant-theme-swap-optimistic-apply-2026-09-25-md/index.html (+75ms) 
16:20:33   ├─ /evidence/docs-evidence-omarchy-themes-instant-theme-swap-optimistic-apply-neighbor-race-fix-2026-09-26-md/index.html (+50ms) 
16:20:33   ├─ /evidence/docs-evidence-omarchy-themes-instant-theme-swap-optimistic-apply-occlusion-fix-2026-09-27-md/index.html (+46ms) 
16:20:33   ├─ /evidence/docs-evidence-omarchy-themes-instant-theme-swap-optimistic-apply-prerender-2026-09-27-md/index.html (+89ms) 
16:20:33   ├─ /evidence/docs-evidence-omarchy-themes-instant-theme-swap-optimistic-apply-prerender-match-fix-2026-09-28-md/index.html (+63ms) 
16:20:33   ├─ /evidence/docs-evidence-omarchy-themes-instant-theme-swap-tap-to-apply-2026-09-25-md/index.html (+92ms) 
16:20:33   ├─ /evidence/docs-evidence-omarchy-themes-keyboard-appearance-host-md/index.html (+27ms) 
16:20:33   ├─ /evidence/docs-evidence-omarchy-themes-launcher-receiver-md/index.html (+8ms) 
16:20:33   ├─ /evidence/docs-evidence-omarchy-themes-native-token-checkpoint-md/index.html (+11ms) 
16:20:33   ├─ /evidence/docs-evidence-omarchy-themes-persistent-default-md/index.html (+26ms) 
16:20:33   ├─ /evidence/docs-evidence-omarchy-themes-preparation-md/index.html (+10ms) 
16:20:33   ├─ /evidence/docs-evidence-omarchy-themes-reboot-protocol-readme-md/index.html (+40ms) 
16:20:33   ├─ /evidence/docs-evidence-omarchy-themes-rust-appearance-module-host-md/index.html (+17ms) 
16:20:33   ├─ /evidence/docs-evidence-omarchy-themes-rust-background-decode-host-md/index.html (+24ms) 
16:20:33   ├─ /evidence/docs-evidence-omarchy-themes-rust-chooser-host-md/index.html (+10ms) 
16:20:33   ├─ /evidence/docs-evidence-omarchy-themes-rust-chooser-qemu-md/index.html (+11ms) 
16:20:33   ├─ /evidence/docs-evidence-omarchy-themes-rust-theme-catalog-bridge-host-md/index.html (+8ms) 
16:20:33   ├─ /evidence/docs-evidence-omarchy-themes-settings-notifications-themed-board-readme-md/index.html (+20ms) 
16:20:33   ├─ /evidence/docs-evidence-omarchy-themes-settings-notifications-themed-host-md/index.html (+19ms) 
16:20:33   ├─ /evidence/docs-evidence-omarchy-themes-source-fixtures-md/index.html (+34ms) 
16:20:33   ├─ /evidence/docs-evidence-omarchy-themes-theme-preview-host-readme-md/index.html (+18ms) 
16:20:33   ├─ /evidence/docs-evidence-omarchy-themes-theme-swap-jank-readme-md/index.html (+72ms) 
16:20:34   ├─ /evidence/docs-evidence-omarchy-themes-token-adaptation-inventory-md/index.html (+160ms) 
16:20:34   ├─ /evidence/docs-evidence-omarchy-themes-transaction-transport-md/index.html (+17ms) 
16:20:34   ├─ /evidence/docs-evidence-omarchy-themes-trial-operator-md/index.html (+25ms) 
16:20:34   ├─ /evidence/docs-evidence-omarchy-themes-wallpaper-memory-host-md/index.html (+31ms) 
16:20:34   ├─ /evidence/docs-evidence-omarchy-themes-wallpaper-visibility-board-report-readme-md/index.html (+53ms) 
16:20:34   ├─ /evidence/docs-evidence-omawrite-readme-md/index.html (+83ms) 
16:20:34   ├─ /evidence/docs-evidence-omawrite-board-boot-result-json/index.html (+5ms) 
16:20:34   ├─ /evidence/docs-evidence-omawrite-board-result-json/index.html (+1ms) 
16:20:34   ├─ /evidence/docs-evidence-omawrite-storage-recovery-readme-md/index.html (+51ms) 
16:20:34   ├─ /evidence/docs-evidence-opensbi-fdt-lands-in-kernel-image-md/index.html (+22ms) 
16:20:34   ├─ /evidence/docs-evidence-opensbi-fdt-passthrough-txt/index.html (+1ms) 
16:20:34   ├─ /evidence/docs-evidence-operator-reports-2026-09-27-shell-acceptance-md/index.html (+9ms) 
16:20:34   ├─ /evidence/docs-evidence-panel-dark-md/index.html (+60ms) 
16:20:34   ├─ /evidence/docs-evidence-panel-lit-md/index.html (+28ms) 
16:20:34   ├─ /evidence/docs-evidence-panel-photos-01-urandom-noise-jpg/index.html (+3ms) 
16:20:34   ├─ /evidence/docs-evidence-panel-photos-02-all-black-jpg/index.html (+2ms) 
16:20:34   ├─ /evidence/docs-evidence-panel-photos-03-all-white-jpg/index.html (+1ms) 
16:20:34   ├─ /evidence/docs-evidence-panel-photos-04-normal-mode-fullscreen-noise-jpg/index.html (+1ms) 
16:20:34   ├─ /evidence/docs-evidence-panel-photos-05-console-on-panel-jpg/index.html (+1ms) 
16:20:34   ├─ /evidence/docs-evidence-panel-photos-06-sheared-console-31-68mhz-jpg/index.html (+1ms) 
16:20:34   ├─ /evidence/docs-evidence-power-key-identity-readme-md/index.html (+13ms) 
16:20:34   ├─ /evidence/docs-evidence-proposal-closeout-2026-09-30-readme-md/index.html (+105ms) 
16:20:34   ├─ /evidence/docs-evidence-proposal-closeout-2026-09-30-operator-feedback-md/index.html (+34ms) 
16:20:34   ├─ /evidence/docs-evidence-proposal-closeout-2026-10-01-card-composition-md/index.html (+17ms) 
16:20:34   ├─ /evidence/docs-evidence-proposal-closeout-2026-10-01-clock-md/index.html (+12ms) 
16:20:34   ├─ /evidence/docs-evidence-proposal-closeout-2026-10-01-coherent-md/index.html (+39ms) 
16:20:34   ├─ /evidence/docs-evidence-proposal-closeout-2026-10-01-drawer-md/index.html (+37ms) 
16:20:34   ├─ /evidence/docs-evidence-proposal-closeout-2026-10-01-flicker-md/index.html (+25ms) 
16:20:34   ├─ /evidence/docs-evidence-proposal-closeout-2026-10-01-keyboard-md/index.html (+55ms) 
16:20:34   ├─ /evidence/docs-evidence-proposal-closeout-2026-10-01-live-card-ui-md/index.html (+15ms) 
16:20:34   ├─ /evidence/docs-evidence-proposal-closeout-2026-10-01-mouse-md/index.html (+12ms) 
16:20:34   ├─ /evidence/docs-evidence-proposal-closeout-2026-10-01-ordinary-cards-md/index.html (+8ms) 
16:20:34   ├─ /evidence/docs-evidence-proposal-closeout-2026-10-01-splash-md/index.html (+15ms) 
16:20:34   ├─ /evidence/docs-evidence-proposal-closeout-2026-10-01-trackpad-md/index.html (+32ms) 
16:20:35   ├─ /evidence/docs-evidence-proposal-closeout-readme-md/index.html (+144ms) 
16:20:35   ├─ /evidence/docs-evidence-qemu-boot-txt/index.html (+14ms) 
16:20:35   ├─ /evidence/docs-evidence-qtquick-minimal-probe-prebuild-md/index.html (+55ms) 
16:20:35   ├─ /evidence/docs-evidence-rm69a10-init-sequence-md/index.html (+130ms) 
16:20:35   ├─ /evidence/docs-evidence-rtc-mday-mask-fix-md/index.html (+44ms) 
16:20:35   ├─ /evidence/docs-evidence-rtsmart-panel-bringup-md/index.html (+245ms) 
16:20:35   ├─ /evidence/docs-evidence-second-core-readme-md/index.html (+67ms) 
16:20:35   ├─ /evidence/docs-evidence-second-core-card-layout-readonly-md/index.html (+8ms) 
16:20:35   ├─ /evidence/docs-evidence-second-core-cpu0-identity-physical-trial-md/index.html (+70ms) 
16:20:35   ├─ /evidence/docs-evidence-second-core-cpu0-identity-trial-md/index.html (+69ms) 
16:20:35   ├─ /evidence/docs-evidence-second-core-heartbeat-host-md/index.html (+64ms) 
16:20:35   ├─ /evidence/docs-evidence-second-core-heartbeat-runbook-md/index.html (+93ms) 
16:20:36   ├─ /evidence/docs-evidence-second-core-live-handoff-txt/index.html (+2ms) 
16:20:36   ├─ /evidence/docs-evidence-second-core-opensbi-banner-txt/index.html (+1ms) 
16:20:36   ├─ /evidence/docs-evidence-second-core-spl-cpu0-identity-host-build-md/index.html (+33ms) 
16:20:36   ├─ /evidence/docs-evidence-shell-build-txt/index.html (+12ms) 
16:20:36   ├─ /evidence/docs-evidence-shell-features-readme-md/index.html (+179ms) 
16:20:36   ├─ /evidence/docs-evidence-shell-features-declarative-final-readme-md/index.html (+34ms) 
16:20:36   ├─ /evidence/docs-evidence-shell-features-desktop-launcher-readme-md/index.html (+87ms) 
16:20:36   ├─ /evidence/docs-evidence-shell-features-portrait-launcher-readme-md/index.html (+62ms) 
16:20:36   ├─ /evidence/docs-evidence-shell-polish-readme-md/index.html (+60ms) 
16:20:36   ├─ /evidence/docs-evidence-shell-polish-cross-build-md/index.html (+55ms) 
16:20:36   ├─ /evidence/docs-evidence-shell-polish-settings-volume-layout-readme-md/index.html (+58ms) 
16:20:36   ├─ /evidence/docs-evidence-shell-polish-settings-volume-layout-board-readme-md/index.html (+16ms) 
16:20:36   ├─ /evidence/docs-evidence-shell-portrait-image-md/index.html (+36ms) 
16:20:36   ├─ /evidence/docs-evidence-shell-real-touch-apps-readme-md/index.html (+9ms) 
16:20:36   ├─ /evidence/docs-evidence-shell-real-touch-apps-after-test-native-png/index.html (+2ms) 
16:20:36   ├─ /evidence/docs-evidence-shell-real-touch-apps-physical-apps-menu-29s-png/index.html (+1ms) 
16:20:36   ├─ /evidence/docs-evidence-shell-real-touch-apps-video-audit-md/index.html (+13ms) 
16:20:36   ├─ /evidence/docs-evidence-shell-real-touch-keyboard-readme-md/index.html (+32ms) 
16:20:36   ├─ /evidence/docs-evidence-shell-real-touch-keyboard-after-test-native-png/index.html (+1ms) 
16:20:36   ├─ /evidence/docs-evidence-shell-real-touch-keyboard-keyboard-toggle-cropped-jpg/index.html (+1ms) 
16:20:36   ├─ /evidence/docs-evidence-shell-real-touch-keyboard-video-audit-md/index.html (+21ms) 
16:20:36   ├─ /evidence/docs-evidence-shell-real-touch-keyboard-visibility-followup-audit-md/index.html (+13ms) 
16:20:36   ├─ /evidence/docs-evidence-shell-real-touch-system-readme-md/index.html (+43ms) 
16:20:36   ├─ /evidence/docs-evidence-shell-real-touch-system-after-reboot-native-png/index.html (+2ms) 
16:20:36   ├─ /evidence/docs-evidence-shell-real-touch-system-system-post-reboot-png/index.html (+5ms) 
16:20:36   ├─ /evidence/docs-evidence-shell-real-touch-system-video-audit-md/index.html (+29ms) 
16:20:36   ├─ /evidence/docs-evidence-shell-responsive-readme-md/index.html (+81ms) 
16:20:36   ├─ /evidence/docs-evidence-shell-responsive-board-readme-md/index.html (+104ms) 
16:20:37   ├─ /evidence/docs-evidence-shell-responsive-board-acceptance-2026-10-09-readme-md/index.html (+29ms) 
16:20:37   ├─ /evidence/docs-evidence-shell-responsive-board-acceptance-2026-10-09-operator-report-json/index.html (+3ms) 
16:20:37   ├─ /evidence/docs-evidence-shell-responsive-scope-decision-2026-10-09-md/index.html (+39ms) 
16:20:37   ├─ /evidence/docs-evidence-shell-session-txt/index.html (+3ms) 
16:20:37   ├─ /evidence/docs-evidence-shell-virtual-touch-txt/index.html (+3ms) 
16:20:37   ├─ /evidence/docs-evidence-spec-site-build-txt/index.html (+5ms) 
16:20:37   ├─ /evidence/docs-evidence-spec-site-work-board-readme-md/index.html (+149ms) 
16:20:37   ├─ /evidence/docs-evidence-splash-first-modeset-preserve-readme-md/index.html (+133ms) 
16:20:37   ├─ /evidence/docs-evidence-splash-first-modeset-preserve-video-audit-md/index.html (+18ms) 
16:20:37   ├─ /evidence/docs-evidence-splash-initial-scene-ready-readme-md/index.html (+29ms) 
16:20:37   ├─ /evidence/docs-evidence-splash-initial-scene-ready-controls-audit-md/index.html (+52ms) 
16:20:37   ├─ /evidence/docs-evidence-splash-initial-scene-ready-keyboard-visibility-audit-md/index.html (+25ms) 
16:20:37   ├─ /evidence/docs-evidence-splash-initial-scene-ready-video-audit-md/index.html (+46ms) 
16:20:37   ├─ /evidence/docs-evidence-splash-initial-scene-trial-readme-md/index.html (+48ms) 
16:20:37   ├─ /evidence/docs-evidence-splash-option-acceptance-readme-md/index.html (+37ms) 
16:20:37   ├─ /evidence/docs-evidence-splash-preserve-trial-readme-md/index.html (+78ms) 
16:20:37   ├─ /evidence/docs-evidence-splash-preserve-trial-compositor-startup-md/index.html (+35ms) 
16:20:37   ├─ /evidence/docs-evidence-splash-preserve-trial-video-audit-md/index.html (+26ms) 
16:20:37   ├─ /evidence/docs-evidence-splash-uboot-motion-readme-md/index.html (+35ms) 
16:20:37   ├─ /evidence/docs-evidence-stage1-emergency-mode-md/index.html (+21ms) 
16:20:37   ├─ /evidence/docs-evidence-stage1-from-nix-txt/index.html (+1ms) 
16:20:37   ├─ /evidence/docs-evidence-stage1-from-source-txt/index.html (+1ms) 
16:20:37   ├─ /evidence/docs-evidence-stage1-memory-map-md/index.html (+135ms) 
16:20:37   ├─ /evidence/docs-evidence-storage-capacity-readme-md/index.html (+171ms) 
16:20:38   ├─ /evidence/docs-evidence-storage-capacity-board-before-json/index.html (+5ms) 
16:20:38   ├─ /evidence/docs-evidence-storage-capacity-implementation-md/index.html (+42ms) 
16:20:38   ├─ /evidence/docs-evidence-the-shell-is-navigable-with-a-mouse-readme-md/index.html (+50ms) 
16:20:38   ├─ /evidence/docs-evidence-the-shell-is-navigable-with-a-mouse-edge-controls-board-readme-md/index.html (+21ms) 
16:20:38   ├─ /evidence/docs-evidence-the-shell-is-navigable-with-a-mouse-edge-controls-host-readme-md/index.html (+13ms) 
16:20:38   ├─ /evidence/docs-evidence-the-shell-is-navigable-with-a-mouse-panel-feedback-2026-09-30-md/index.html (+11ms) 
16:20:38   ├─ /evidence/docs-evidence-the-touchscreen-becomes-an-hdmi-trackpad-board-hang-2026-09-29-md/index.html (+38ms) 
16:20:38   ├─ /evidence/docs-evidence-the-touchscreen-becomes-an-hdmi-trackpad-board-readme-md/index.html (+34ms) 
16:20:38   ├─ /evidence/docs-evidence-the-touchscreen-becomes-an-hdmi-trackpad-gesture-ux-readme-md/index.html (+61ms) 
16:20:38   ├─ /evidence/docs-evidence-the-touchscreen-becomes-an-hdmi-trackpad-host-uinput-classification-md/index.html (+38ms) 
16:20:38   ├─ /evidence/docs-evidence-the-touchscreen-becomes-an-hdmi-trackpad-uniform-gestures-readme-md/index.html (+26ms) 
16:20:38   ├─ /evidence/docs-evidence-theme-picker-admission-closeout-2026-10-10-readme-md/index.html (+45ms) 
16:20:38   ├─ /evidence/docs-evidence-theme-picker-background-selection-readme-md/index.html (+65ms) 
16:20:38   ├─ /evidence/docs-evidence-theme-picker-closeout-2026-10-01-readme-md/index.html (+31ms) 
16:20:38   ├─ /evidence/docs-evidence-theme-picker-cpu-profile-readme-md/index.html (+63ms) 
16:20:38   ├─ /evidence/docs-evidence-theme-picker-finger-tracking-readme-md/index.html (+67ms) 
16:20:38   ├─ /evidence/docs-evidence-theme-picker-foot-deferral-2026-10-10-readme-md/index.html (+37ms) 
16:20:38   ├─ /evidence/docs-evidence-theme-picker-row-repaint-readme-md/index.html (+23ms) 
16:20:38   ├─ /evidence/docs-evidence-theme-picker-row-repaint-pair-readme-md/index.html (+57ms) 
16:20:38   ├─ /evidence/docs-evidence-theme-picker-runtime-trace-readme-md/index.html (+63ms) 
16:20:38   ├─ /evidence/docs-evidence-theme-picker-store-relocation-readme-md/index.html (+43ms) 
16:20:38   ├─ /evidence/docs-evidence-theme-picker-tap-to-apply-qemu-readme-md/index.html (+20ms) 
16:20:38   ├─ /evidence/docs-evidence-theme-picker-working-set-readme-md/index.html (+43ms) 
16:20:39   ├─ /evidence/docs-evidence-touch-evtest-txt/index.html (+1ms) 
16:20:39   ├─ /evidence/docs-evidence-touch-probe-txt/index.html (+1ms) 
16:20:39   ├─ /evidence/docs-evidence-touch-reports-md/index.html (+12ms) 
16:20:39   ├─ /evidence/docs-evidence-uboot-env-txt/index.html (+1ms) 
16:20:39   ├─ /evidence/docs-evidence-uboot-ums-build-txt/index.html (+1ms) 
16:20:39   ├─ /evidence/docs-evidence-uboot-ums-enumerate-txt/index.html (+8ms) 
16:20:39   ├─ /evidence/docs-evidence-uboot-ums-hardware-txt/index.html (+2ms) 
16:20:39   ├─ /evidence/docs-evidence-usb-host-validation-md/index.html (+12ms) 
16:20:39   ├─ /evidence/docs-evidence-ux-review-round-2-readme-md/index.html (+22ms) 
16:20:39   ├─ /evidence/docs-evidence-ux-review-round-2-candidate-2026-10-09-readme-md/index.html (+47ms) 
16:20:39   ├─ /evidence/docs-evidence-vglite-compositor-audit-md/index.html (+26ms) 
16:20:39   ├─ /evidence/docs-evidence-vglite-decision-diagnostics-md/index.html (+24ms) 
16:20:39   ├─ /evidence/docs-evidence-vglite-isolation-readme-md/index.html (+12ms) 
16:20:39   ├─ /evidence/docs-evidence-vglite-renderer-host-md/index.html (+35ms) 
16:20:39   ├─ /evidence/docs-evidence-vglite-scene-board-readme-md/index.html (+23ms) 
16:20:39   ├─ /evidence/docs-evidence-vglite-scene-board-color-upload-readme-md/index.html (+20ms) 
16:20:39   ├─ /evidence/docs-evidence-vglite-scene-board-context-lifetime-readme-md/index.html (+33ms) 
16:20:39   ├─ /evidence/docs-evidence-vglite-scene-board-cost-profile-readme-md/index.html (+22ms) 
16:20:39   ├─ /evidence/docs-evidence-vglite-scene-board-padded-readme-md/index.html (+19ms) 
16:20:39   ├─ /evidence/docs-evidence-vglite-service-access-host-md/index.html (+13ms) 
16:20:39   ├─ /evidence/docs-evidence-video-acceleration-360p-native-png/index.html (+2ms) 
16:20:39   ├─ /evidence/docs-evidence-video-acceleration-360p-physical-jpg/index.html (+1ms) 
16:20:39   ├─ /evidence/docs-evidence-video-acceleration-360p-physical-mp4/index.html (+1ms) 
16:20:39   ├─ /evidence/docs-evidence-video-acceleration-readme-md/index.html (+49ms) 
16:20:39   ├─ /evidence/docs-evidence-volume-readme-md/index.html (+24ms) 
16:20:39   ├─ /evidence/docs-evidence-volume-board-pipewire-services-active-md/index.html (+35ms) 
16:20:39   ├─ /evidence/docs-evidence-volume-closeout-2026-10-01-readme-md/index.html (+14ms) 
16:20:39   ├─ /evidence/docs-evidence-volume-closure-size-md/index.html (+42ms) 
16:20:39   ├─ /evidence/docs-evidence-volume-pipewire-shape-cross-check-md/index.html (+42ms) 
16:20:39   ├─ /evidence/docs-evidence-volume-wpctl-md/index.html (+73ms) 
16:20:39   ├─ /evidence/docs-evidence-wifi-driver-audit-md/index.html (+20ms) 
16:20:39   ├─ /evidence/docs-evidence-wifi-persistent-readme-md/index.html (+10ms) 
16:20:39   ├─ /evidence/docs-evidence-wifi-persistent-after-reboot-identity-txt/index.html (+1ms) 
16:20:39   ├─ /evidence/docs-evidence-wifi-persistent-after-reboot-txt/index.html (+1ms) 
16:20:39   ├─ /evidence/docs-evidence-wifi-settings-readme-md/index.html (+29ms) 
16:20:39   ├─ /evidence/docs-evidence-wifi-settings-board-scan-md/index.html (+6ms) 
16:20:39   ├─ /evidence/docs-evidence-wifi-settings-closeout-2026-10-01-readme-md/index.html (+8ms) 
16:20:39   ├─ /evidence/docs-evidence-wifi-settings-closeout-host-2026-09-30-readme-md/index.html (+6ms) 
16:20:39   ├─ /evidence/docs-evidence-wifi-settings-operator-2026-09-30-md/index.html (+5ms) 
16:20:39   ├─ /evidence/docs-evidence-work-card-media-readme-md/index.html (+26ms) 
16:20:39   ├─ /evidence/docs-findings-md/index.html (+62ms) 
16:20:39   ├─ /evidence/docs-research-bluetooth-onboard-md/index.html (+72ms) 
16:20:39   ├─ /evidence/docs-research-board-capability-inventory-md/index.html (+321ms) 
16:20:40   ├─ /evidence/docs-research-card-composition-architecture-md/index.html (+50ms) 
16:20:40   ├─ /evidence/docs-research-card-composition-source-audit-md/index.html (+21ms) 
16:20:40   ├─ /evidence/docs-research-card-shell-board-tools-md/index.html (+34ms) 
16:20:40   ├─ /evidence/docs-research-gpui-handheld-feasibility-md/index.html (+53ms) 
16:20:40   ├─ /evidence/docs-research-handheld-ux-board-observation-decision-md/index.html (+17ms) 
16:20:40   ├─ /evidence/docs-research-handheld-ux-design-review-md/index.html (+16ms) 
16:20:40   ├─ /evidence/docs-research-handheld-ux-evidence-index-md/index.html (+16ms) 
16:20:40   ├─ /evidence/docs-research-handheld-ux-evidence-review-md/index.html (+46ms) 
16:20:40   ├─ /evidence/docs-research-handheld-ux-flow-matrix-md/index.html (+23ms) 
16:20:40   ├─ /evidence/docs-research-handheld-ux-interaction-contract-md/index.html (+44ms) 
16:20:40   ├─ /evidence/docs-research-handheld-ux-issue-ledger-md/index.html (+37ms) 
16:20:40   ├─ /evidence/docs-research-handheld-ux-references-md/index.html (+6ms) 
16:20:40   ├─ /evidence/docs-research-handheld-ux-review-round-2-readme-md/index.html (+16ms) 
16:20:40   ├─ /evidence/docs-research-handheld-ux-review-round-2-baseline-md/index.html (+49ms) 
16:20:40   ├─ /evidence/docs-research-handheld-ux-review-round-2-candidate-recheck-md/index.html (+19ms) 
16:20:40   ├─ /evidence/docs-research-handheld-ux-review-round-2-findings-md/index.html (+30ms) 
16:20:40   ├─ /evidence/docs-research-handheld-ux-review-round-2-journey-review-md/index.html (+71ms) 
16:20:40   ├─ /evidence/docs-research-handheld-ux-review-round-2-recommendations-md/index.html (+31ms) 
16:20:40   ├─ /evidence/docs-research-handheld-ux-review-round-2-references-and-gap-md/index.html (+29ms) 
16:20:40   ├─ /evidence/docs-research-handheld-ux-review-round-2-rubric-md/index.html (+34ms) 
16:20:40   ├─ /evidence/docs-research-handheld-ux-review-round-2-visual-review-md/index.html (+18ms) 
16:20:40   ├─ /evidence/docs-research-handheld-ux-storyboard-md/index.html (+10ms) 
16:20:40   ├─ /evidence/docs-research-handheld-ux-validation-md/index.html (+11ms) 
16:20:40   ├─ /evidence/docs-research-handheld-ux-webos-comparison-md/index.html (+14ms) 
16:20:40   ├─ /evidence/docs-research-handheld-ux-wireframes-md/index.html (+12ms) 
16:20:40   ├─ /evidence/docs-research-hdmi-hotplug-md/index.html (+250ms) 
16:20:41   ├─ /evidence/docs-research-k230-clock-gates-vendor-vs-mainline-md/index.html (+346ms) 
16:20:41   ├─ /evidence/docs-research-linux-on-t-display-k230-md/index.html (+258ms) 
16:20:41   ├─ /evidence/docs-research-mainline-audio-port-md/index.html (+215ms) 
16:20:41   ├─ /evidence/docs-research-mainline-autonomous-bash-pid1-comparison-2026-10-04-md/index.html (+64ms) 
16:20:42   ├─ /evidence/docs-research-mainline-autonomous-to-ordinary-init-next-2026-10-05-md/index.html (+24ms) 
16:20:42   ├─ /evidence/docs-research-mainline-init-exec-return-probe-2026-10-05-md/index.html (+32ms) 
16:20:42   ├─ /evidence/docs-research-mainline-init-touch-gates-2026-10-02-md/index.html (+53ms) 
16:20:42   ├─ /evidence/docs-research-mainline-initrd-debug-console-2026-10-03-md/index.html (+53ms) 
16:20:42   ├─ /evidence/docs-research-mainline-initrd-debug-logging-2026-10-05-md/index.html (+16ms) 
16:20:42   ├─ /evidence/docs-research-mainline-initrd-info-console-comparison-2026-10-05-md/index.html (+14ms) 
16:20:42   ├─ /evidence/docs-research-mainline-initrd-info-kmsg-comparison-2026-10-05-md/index.html (+12ms) 
16:20:42   ├─ /evidence/docs-research-mainline-kernel-inventory-md/index.html (+167ms) 
16:20:42   ├─ /evidence/docs-research-mainline-memory-idle-polling-comparison-2026-10-04-md/index.html (+14ms) 
16:20:42   ├─ /evidence/docs-research-mainline-memory-printk-channel-comparison-2026-10-04-md/index.html (+18ms) 
16:20:42   ├─ /evidence/docs-research-mainline-memory-printk-periodic-tick-comparison-2026-10-04-md/index.html (+55ms) 
16:20:42   ├─ /evidence/docs-research-mainline-memory-progress-comparison-2026-10-03-md/index.html (+14ms) 
16:20:42   ├─ /evidence/docs-research-mainline-ordinary-baseline-repeat-2026-10-05-md/index.html (+19ms) 
16:20:42   ├─ /evidence/docs-research-mainline-sd1-clock-consumers-2026-10-02-md/index.html (+53ms) 
16:20:42   ├─ /evidence/docs-research-mainline-serial-only-boot-boundary-2026-10-03-md/index.html (+48ms) 
16:20:42   ├─ /evidence/docs-research-mainline-uart-readiness-2026-10-02-md/index.html (+65ms) 
16:20:42   ├─ /evidence/docs-research-mainline-uart-ready-printk-boundary-2026-10-03-md/index.html (+49ms) 
16:20:42   ├─ /evidence/docs-research-mainline-wifi-port-md/index.html (+160ms) 
16:20:42   ├─ /evidence/docs-research-omarchy-quattro-theme-compatibility-md/index.html (+51ms) 
16:20:42   ├─ /evidence/docs-research-quickshell-qtquick-feasibility-md/index.html (+103ms) 
16:20:43   ├─ /evidence/docs-research-second-core-feasibility-md/index.html (+190ms) 
16:20:43   ├─ /evidence/docs-research-vglite-diagnostic-access-md/index.html (+30ms) 
16:20:43   ├─ /evidence/docs-research-vglite-service-access-md/index.html (+38ms) 
16:20:43   ├─ /evidence/docs-research-vglite-validation-md/index.html (+25ms) 
16:20:43   ├─ /evidence/docs-research-vglite-wlroots-source-audit-md/index.html (+31ms) 
16:20:43   ├─ /evidence/docs-rtsmart-boot-log-txt/index.html (+1ms) 
16:20:43   ├─ /evidence/docs-thermal-md/index.html (+69ms) 
16:20:43   └─ /evidence/docs-uboot-ums-md/index.html (+708ms) 
16:20:44 ▶ src/pages/handheld.astro
16:20:44   └─ /handheld/index.html (+53ms) 
16:20:44 ▶ src/pages/hardware/boot-chain.astro
16:20:44   └─ /hardware/boot-chain/index.html (+42ms) 
16:20:44 ▶ src/pages/hardware/first-boot.astro
16:20:44   └─ /hardware/first-boot/index.html (+38ms) 
16:20:44 ▶ src/pages/hardware/overlay-anatomy.astro
16:20:44   └─ /hardware/overlay-anatomy/index.html (+42ms) 
16:20:44 ▶ src/pages/hardware/panel-contract.astro
16:20:44   └─ /hardware/panel-contract/index.html (+66ms) 
16:20:44 ▶ src/pages/hardware/panel-lit.astro
16:20:44   └─ /hardware/panel-lit/index.html (+126ms) 
16:20:44 ▶ src/pages/hardware/thermal.astro
16:20:44   └─ /hardware/thermal/index.html (+167ms) 
16:20:45 ▶ src/pages/hardware/touch-reports.astro
16:20:45   └─ /hardware/touch-reports/index.html (+112ms) 
16:20:45 ▶ src/pages/index.astro
16:20:45   └─ /index.html (+72ms) 
16:20:45 ▶ src/pages/work/index.astro
16:20:45   └─ /work/index.html (+34.28s) 
16:21:19 ▶ src/pages/hardware/silicon-map.astro
16:21:19   └─ /hardware/silicon-map/index.html (+76ms) 
16:21:19 ✓ Completed in 70.36s.

 generating optimized images 
16:21:19   ▶ /_astro/t-display-k230-board.C4XlrJEX_1QwlzV.webp (reused cache entry) (+16ms) (1/2)
16:21:19   ▶ /_astro/t-display-k230-board.C4XlrJEX_pmVAU.webp (reused cache entry) (+12ms) (2/2)
16:21:19 ✓ Completed in 34ms.

16:21:20 [build] 680 page(s) built in 93.18s
16:21:20 [build] Complete!
............
----------------------------------------------------------------------
Ran 12 tests in 7.198s

OK

error: build took 148.33 s against a budget of 120.00 s

$ ./scripts/render_work_board.py
  image/boot-chain               7 requirements  7 grounded  0 unverified
  image/cross-build              2 requirements  2 grounded  0 unverified
  image/releases                 2 requirements  0 grounded  2 unverified
  image/sd-layout                4 requirements  4 grounded  0 unverified
  image/vendor-blobs             4 requirements  4 grounded  0 unverified
  system/audio                   9 requirements  6 grounded  3 unverified
  system/console                 2 requirements  2 grounded  0 unverified
  system/kernel                 33 requirements  18 grounded  15 unverified
  system/nixos-config            8 requirements  7 grounded  1 unverified
  system/rtc                     3 requirements  2 grounded  1 unverified
  system/second-core-readiness   3 requirements  3 grounded  0 unverified
  display/backlight              7 requirements  6 grounded  1 unverified
  display/hdmi                   4 requirements  2 grounded  2 unverified
  display/panel                  3 requirements  3 grounded  0 unverified
  display/touch                  6 requirements  6 grounded  0 unverified
  radio/bluetooth                2 requirements  1 grounded  1 unverified
  radio/wifi                     8 requirements  8 grounded  0 unverified
  runtime/app-launcher           2 requirements  1 grounded  1 unverified
  runtime/card-composition-plan   3 requirements  3 grounded  0 unverified
  runtime/card-shell            10 requirements  8 grounded  2 unverified
  runtime/editor                 2 requirements  2 grounded  0 unverified
  runtime/files                  5 requirements  4 grounded  1 unverified
  runtime/gpu-validation         3 requirements  3 grounded  0 unverified
  runtime/handheld-shell-design   2 requirements  2 grounded  0 unverified
  runtime/home-screen           15 requirements  12 grounded  3 unverified
  runtime/shell                 34 requirements  25 grounded  9 unverified
  runtime/shell-themes           1 requirements  1 grounded  0 unverified
  runtime/video                  4 requirements  4 grounded  0 unverified
  docs/handheld-ux-plan          8 requirements  8 grounded  0 unverified
  docs/spec-site                11 requirements  9 grounded  2 unverified
44 of 207 requirements unverified
wrote /home/jadams/tmp/k230-coherent-closeout-2026-10-10/site/src/data/specs.json

$ ./tools/blob-scan.py

$ npm run build --prefix site

/home/jadams/tmp/k230-coherent-closeout-2026-10-10/site/dist: 680 pages, 18138424 bytes, 148.33 s  (budgets: 33554432 bytes, 120.0 s)
