
OpenSBI v1.8.1
   ____                    _____ ____ _____
  / __ \                  / ____|  _ \_   _|
 | |  | |_ __   ___ _ __ | (___ | |_) || |
 | |  | | '_ \ / _ \ '_ \ \___ \|  _ < | |
 | |__| | |_) |  __/ | | |____) | |_) || |_
  \____/| .__/ \___|_| |_|_____/|____/_____|
        | |
        |_|

Platform Name               : riscv-virtio,qemu
Platform Features           : medeleg
Platform HART Count         : 1
Platform HART Protection    : pmp
Platform IPI Device         : aclint-mswi
Platform Timer Device       : aclint-mtimer @ 10000000Hz
Platform Console Device     : uart8250
Platform HSM Device         : ---
Platform PMU Device         : ---
Platform Reboot Device      : syscon-reboot
Platform Shutdown Device    : syscon-poweroff
Platform Suspend Device     : ---
Platform CPPC Device        : ---
Firmware Base               : 0x80000000
Firmware Size               : 321 KB
Firmware RW Offset          : 0x40000
Firmware RW Size            : 65 KB
Firmware Heap Offset        : 0x47000
Firmware Heap Size          : 37 KB (total), 0 KB (reserved), 12 KB (used), 23 KB (free)
Firmware Scratch Size       : 4096 B (total), 1464 B (used), 2632 B (free)
Runtime SBI Version         : 3.0
Standard SBI Extensions     : time,rfnc,ipi,base,hsm,srst,pmu,dbcn,fwft,legacy,dbtr,sse
Experimental SBI Extensions : none

Domain0 Name                : root
Domain0 Boot HART           : 0
Domain0 HARTs               : 0*
Domain0 Region00            : 0x0000000080040000-0x000000008005ffff M: (F,R,W) S/U: ()
Domain0 Region01            : 0x0000000080000000-0x000000008003ffff M: (F,R,X) S/U: ()
Domain0 Region02            : 0x0000000000100000-0x0000000000100fff M: (I,R,W) S/U: (R,W)
Domain0 Region03            : 0x0000000010000000-0x0000000010000fff M: (I,R,W) S/U: (R,W)
Domain0 Region04            : 0x0000000002000000-0x000000000200ffff M: (I,R,W) S/U: ()
Domain0 Region05            : 0x000000000c400000-0x000000000c5fffff M: (I,R,W) S/U: (R,W)
Domain0 Region06            : 0x000000000c000000-0x000000000c3fffff M: (I,R,W) S/U: (R,W)
Domain0 Region07            : 0x0000000000000000-0xffffffffffffffff M: () S/U: (R,W,X)
Domain0 Next Address        : 0x0000000080200000
Domain0 Next Arg1           : 0x00000000bfe00000
Domain0 Next Mode           : S-mode
Domain0 SysReset            : yes
Domain0 SysSuspend          : yes

Boot HART ID                : 0
Boot HART Domain            : root
Boot HART Priv Version      : v1.12
Boot HART Base ISA          : rv64imafdch
Boot HART ISA Extensions    : sstc,zicntr,zihpm,zicboz,zicbom,sdtrig,svadu
Boot HART PMP Count         : 16
Boot HART PMP Granularity   : 2 bits
Boot HART PMP Address Bits  : 54
Boot HART MHPM Info         : 16 (0x0007fff8)
Boot HART Debug Triggers    : 2 triggers
Boot HART MIDELEG           : 0x0000000000001666
Boot HART MEDELEG           : 0x0000000000f4b509
[    0.000000] Booting Linux on hartid 0
[    0.000000] Linux version 6.18.52 (nixbld@localhost) (riscv64-unknown-linux-gnu-gcc (GCC) 15.3.0, GNU ld (GNU Binutils) 2.46) #1-NixOS SMP PREEMPT Mon Sep 14 11:36:19 UTC 2026
[    0.000000] random: crng init done
[    0.000000] Machine model: riscv-virtio,qemu
[    0.000000] SBI specification v3.0 detected
[    0.000000] SBI implementation ID=0x1 Version=0x10008
[    0.000000] SBI TIME extension detected
[    0.000000] SBI IPI extension detected
[    0.000000] SBI RFENCE extension detected
[    0.000000] SBI SRST extension detected
[    0.000000] SBI DBCN extension detected
[    0.000000] SBI FWFT extension detected
[    0.000000] earlycon: sbi0 at I/O port 0x0 (options '')
[    0.000000] printk: legacy bootconsole [sbi0] enabled
[    0.000000] efi: UEFI not found.
[    0.000000] cma: Reserved 16 MiB at 0x00000000bee00000
[    0.000000] OF: reserved mem: 0x0000000080000000..0x000000008003ffff (256 KiB) nomap non-reusable mmode_resv1@80000000
[    0.000000] OF: reserved mem: 0x0000000080040000..0x000000008005ffff (128 KiB) nomap non-reusable mmode_resv0@80040000
[    0.000000] NUMA: Faking a node at [mem 0x0000000080000000-0x00000000bfffffff]
[    0.000000] NODE_DATA(0) allocated [mem 0xbffef9c0-0xbfff187f]
[    0.000000] Zone ranges:
[    0.000000]   DMA32    [mem 0x0000000080000000-0x00000000bfffffff]
[    0.000000]   Normal   empty
[    0.000000] Movable zone start for each node
[    0.000000] Early memory node ranges
[    0.000000]   node   0: [mem 0x0000000080000000-0x000000008005ffff]
[    0.000000]   node   0: [mem 0x0000000080060000-0x00000000bfffffff]
[    0.000000] Initmem setup node 0 [mem 0x0000000080000000-0x00000000bfffffff]
[    0.000000] SBI HSM extension detected
[    0.000000] riscv: base ISA extensions acdfhim
[    0.000000] riscv: ELF capabilities acdfim
[    0.000000] Queued spinlock using Ziccrse: enabled
[    0.000000] percpu: Embedded 69 pages/cpu s157528 r8192 d116904 u282624
[    0.000000] Kernel command line: console=ttyS0 earlycon=sbi rdinit=/init panic=-1
[    0.000000] printk: log buffer data + meta data: 131072 + 458752 = 589824 bytes
[    0.000000] Dentry cache hash table entries: 131072 (order: 8, 1048576 bytes, linear)
[    0.000000] Inode-cache hash table entries: 65536 (order: 7, 524288 bytes, linear)
[    0.000000] software IO TLB: SWIOTLB bounce buffer size adjusted to 1MB
[    0.000000] software IO TLB: area num 1.
[    0.000000] software IO TLB: mapped [mem 0x00000000bbb00000-0x00000000bbc00000] (1MB)
[    0.000000] Fallback order for Node 0: 0
[    0.000000] Built 1 zonelists, mobility grouping on.  Total pages: 262144
[    0.000000] Policy zone: DMA32
[    0.000000] mem auto-init: stack:all(zero), heap alloc:on, heap free:off
[    0.000000] SLUB: HWalign=64, Order=0-3, MinObjects=0, CPUs=1, Nodes=1
[    0.000000] allocated 2097152 bytes of page_ext
[    0.000000] ftrace: allocating 50970 entries in 200 pages
[    0.000000] ftrace: allocated 200 pages with 3 groups
[    0.000000] rcu: Hierarchical RCU implementation.
[    0.000000] rcu: 	RCU event tracing is enabled.
[    0.000000] rcu: 	RCU restricting CPUs from NR_CPUS=64 to nr_cpu_ids=1.
[    0.000000] 	Trampoline variant of Tasks RCU enabled.
[    0.000000] 	Rude variant of Tasks RCU enabled.
[    0.000000] 	Tracing variant of Tasks RCU enabled.
[    0.000000] rcu: RCU calculated value of scheduler-enlistment delay is 25 jiffies.
[    0.000000] rcu: Adjusting geometry for rcu_fanout_leaf=16, nr_cpu_ids=1
[    0.000000] RCU Tasks: Setting shift to 0 and lim to 1 rcu_task_cb_adjust=1 rcu_task_cpu_ids=1.
[    0.000000] RCU Tasks Rude: Setting shift to 0 and lim to 1 rcu_task_cb_adjust=1 rcu_task_cpu_ids=1.
[    0.000000] RCU Tasks Trace: Setting shift to 0 and lim to 1 rcu_task_cb_adjust=1 rcu_task_cpu_ids=1.
[    0.000000] NR_IRQS: 64, nr_irqs: 64, preallocated irqs: 0
[    0.000000] riscv-intc: 64 local interrupts mapped
[    0.000000] riscv: providing IPIs using SBI IPI extension
[    0.000000] rcu: srcu_init: Setting srcu_struct sizes based on contention.
[    0.000000] clocksource: jiffies: mask: 0xffffffff max_cycles: 0xffffffff, max_idle_ns: 7645041785100000 ns
[    0.000000] clocksource: riscv_clocksource: mask: 0xffffffffffffffff max_cycles: 0x24e6a1710, max_idle_ns: 440795202120 ns
[    0.000056] sched_clock: 64 bits at 10MHz, resolution 100ns, wraps every 4398046511100ns
[    0.000378] riscv-timer: Timer interrupt in S-mode is available via sstc extension
[    0.004995] kfence: initialized - using 2097152 bytes for 255 objects at 0x(____ptrval____)-0x(____ptrval____)
[    0.010664] Console: colour dummy device 80x25
[    0.013166] Calibrating delay loop (skipped), value calculated using timer frequency.. 20.00 BogoMIPS (lpj=40000)
[    0.013575] pid_max: default: 32768 minimum: 301
[    0.015710] LSM: initializing lsm=capability,landlock,yama,ipe,ima
[    0.017645] landlock: Up and running.
[    0.017796] Yama: becoming mindful.
[    0.020239] Mount-cache hash table entries: 2048 (order: 2, 16384 bytes, linear)
[    0.020869] Mountpoint-cache hash table entries: 2048 (order: 2, 16384 bytes, linear)
[    0.056544] riscv: ELF compat mode supported
[    0.056997] ASID allocator using 16 bits (65536 entries)
[    0.060684] rcu: Hierarchical SRCU implementation.
[    0.060886] rcu: 	Max phase no-delay instances is 1000.
[    0.065142] EFI services will not be available.
[    0.066476] smp: Bringing up secondary CPUs ...
[    0.067205] smp: Brought up 1 node, 1 CPU
[    0.073134] Memory: 909960K/1048576K available (15451K kernel code, 7915K rwdata, 12288K rodata, 9199K init, 805K bss, 114312K reserved, 16384K cma-reserved)
[    0.081349] devtmpfs: initialized
[    0.093501] posixtimers hash table entries: 512 (order: 1, 8192 bytes, linear)
[    0.093950] futex hash table entries: 256 (16384 bytes on 1 NUMA nodes, total 16 KiB, linear).
[    0.097983] pinctrl core: initialized pinctrl subsystem
[    0.105150] DMI not present or invalid.
[    0.110055] NET: Registered PF_NETLINK/PF_ROUTE protocol family
[    0.120073] DMA: preallocated 128 KiB GFP_KERNEL pool for atomic allocations
[    0.120890] DMA: preallocated 128 KiB GFP_KERNEL|GFP_DMA32 pool for atomic allocations
[    0.121354] audit: initializing netlink subsys (disabled)
[    0.124994] audit: type=2000 audit(0.112:1): state=initialized audit_enabled=0 res=1
[    0.127740] thermal_sys: Registered thermal governor 'fair_share'
[    0.127787] thermal_sys: Registered thermal governor 'bang_bang'
[    0.128043] thermal_sys: Registered thermal governor 'step_wise'
[    0.128197] thermal_sys: Registered thermal governor 'user_space'
[    0.128344] thermal_sys: Registered thermal governor 'power_allocator'
[    0.128817] cpuidle: using governor ladder
[    0.129216] cpuidle: using governor menu
[    0.131023] SBI misaligned access exception delegation ok
[    0.153177] cpu0: Ratio of byte access time to unaligned word access is 7.26, unaligned accesses are fast
[    0.184339] HugeTLB: registered 1.00 GiB page size, pre-allocated 0 pages
[    0.184607] HugeTLB: 16380 KiB vmemmap can be freed for a 1.00 GiB page
[    0.184787] HugeTLB: registered 2.00 MiB page size, pre-allocated 0 pages
[    0.184961] HugeTLB: 28 KiB vmemmap can be freed for a 2.00 MiB page
[    0.208495] ACPI: Interpreter disabled.
[    0.218153] iommu: Default domain type: Translated
[    0.218347] iommu: DMA domain TLB invalidation policy: strict mode
[    0.221508] SCSI subsystem initialized
[    0.223571] usbcore: registered new interface driver usbfs
[    0.223986] usbcore: registered new interface driver hub
[    0.224327] usbcore: registered new device driver usb
[    0.235660] Advanced Linux Sound Architecture Driver Initialized.
[    0.255620] vgaarb: loaded
[    0.270254] clocksource: Switched to clocksource riscv_clocksource
[    0.336605] VFS: Disk quotas dquot_6.6.0
[    0.337031] VFS: Dquot-cache hash table entries: 512 (order 0, 4096 bytes)
[    0.346867] netfs: FS-Cache loaded
[    0.348482] pnp: PnP ACPI: disabled
[    0.370933] NET: Registered PF_INET protocol family
[    0.372130] IP idents hash table entries: 16384 (order: 5, 131072 bytes, linear)
[    0.437082] tcp_listen_portaddr_hash hash table entries: 512 (order: 1, 8192 bytes, linear)
[    0.437518] Table-perturb hash table entries: 65536 (order: 6, 262144 bytes, linear)
[    0.437819] TCP established hash table entries: 8192 (order: 4, 65536 bytes, linear)
[    0.439084] TCP bind hash table entries: 8192 (order: 6, 262144 bytes, linear)
[    0.439503] TCP: Hash tables configured (established 8192 bind 8192)
[    0.441018] MPTCP token hash table entries: 1024 (order: 3, 24576 bytes, linear)
[    0.441515] UDP hash table entries: 512 (order: 3, 32768 bytes, linear)
[    0.441885] UDP-Lite hash table entries: 512 (order: 3, 32768 bytes, linear)
[    0.443761] NET: Registered PF_UNIX/PF_LOCAL protocol family
[    0.444377] NET: Registered PF_XDP protocol family
[    0.444765] PCI: CLS 0 bytes, default 64
[    0.449528] Trying to unpack rootfs image as initramfs...
[    0.456247] Initialise system trusted keyrings
[    0.457735] workingset: timestamp_bits=44 max_order=18 bucket_order=0
[    0.471035] 9p: Installing v9fs 9p2000 file system support
[    0.627186] Key type asymmetric registered
[    0.627538] Asymmetric key parser 'x509' registered
[    0.628205] Block layer SCSI generic (bsg) driver version 0.4 loaded (major 242)
[    0.629528] io scheduler mq-deadline registered
[    0.629770] io scheduler kyber registered
[    0.643862] riscv-plic: interrupt-controller@c000000: mapped 95 interrupts with 1 handlers for 2 contexts.
[    0.648422] pci-host-generic 30000000.pci: host bridge /soc/pci@30000000 ranges:
[    0.649295] pci-host-generic 30000000.pci:       IO 0x0003000000..0x000300ffff -> 0x0000000000
[    0.658228] pci-host-generic 30000000.pci:      MEM 0x0040000000..0x007fffffff -> 0x0040000000
[    0.658715] pci-host-generic 30000000.pci:      MEM 0x0400000000..0x07ffffffff -> 0x0400000000
[    0.659666] pci-host-generic 30000000.pci: Memory resource size exceeds max for 32 bits
[    0.660404] pci-host-generic 30000000.pci: ECAM at [mem 0x30000000-0x3fffffff] for [bus 00-ff]
[    0.661947] pci-host-generic 30000000.pci: PCI host bridge to bus 0000:00
[    0.662513] pci_bus 0000:00: root bus resource [bus 00-ff]
[    0.662757] pci_bus 0000:00: root bus resource [io  0x0000-0xffff]
[    0.662960] pci_bus 0000:00: root bus resource [mem 0x40000000-0x7fffffff]
[    0.663135] pci_bus 0000:00: root bus resource [mem 0x400000000-0x7ffffffff]
[    0.664630] pci 0000:00:00.0: [1b36:0008] type 00 class 0x060000 conventional PCI endpoint
[    0.679436] pci_bus 0000:00: resource 4 [io  0x0000-0xffff]
[    0.679730] pci_bus 0000:00: resource 5 [mem 0x40000000-0x7fffffff]
[    0.679983] pci_bus 0000:00: resource 6 [mem 0x400000000-0x7ffffffff]
[    0.895037] Serial: 8250/16550 driver, 4 ports, IRQ sharing disabled
[    0.922949] printk: legacy console [ttyS0] disabled
[    0.926909] 10000000.serial: ttyS0 at MMIO 0x10000000 (irq = 12, base_baud = 230400) is a 16550A
[    0.928608] printk: legacy console [ttyS0] enabled
[    0.928608] printk: legacy console [ttyS0] enabled
[    0.929252] printk: legacy bootconsole [sbi0] disabled
[    0.929252] printk: legacy bootconsole [sbi0] disabled
[    0.982921] loop: module loaded
[    0.998312] usbcore: registered new interface driver uas
[    0.998710] usbcore: registered new interface driver usb-storage
[    0.999274] usbcore: registered new interface driver usbserial_generic
[    0.999658] usbserial: USB Serial support registered for generic
[    1.000647] mousedev: PS/2 mouse device common for all mice
[    1.004066] goldfish_rtc 101000.rtc: registered as rtc0
[    1.004658] goldfish_rtc 101000.rtc: setting system clock to 2026-09-23T18:26:41 UTC (1790188001)
[    1.018210] sdhci: Secure Digital Host Controller Interface driver
[    1.018432] sdhci: Copyright(c) Pierre Ossman
[    1.018649] Synopsys Designware Multimedia Card Interface Driver
[    1.019245] sdhci-pltfm: SDHCI platform and OF driver helper
[    1.020256] hid: raw HID events driver (C) Jiri Kosina
[    1.021761] usbcore: registered new interface driver usbhid
[    1.021952] usbhid: USB HID core driver
[    1.031061] riscv-pmu-sbi: SBI PMU extension is available
[    1.031731] riscv-pmu-sbi: 16 firmware and 18 hardware counters
[    1.031959] riscv-pmu-sbi: Perf sampling/filtering is not supported as sscof extension is not available
[    1.036651] drop_monitor: Initializing network drop monitor service
[    1.038248] NET: Registered PF_INET6 protocol family
[    1.051561] Segment Routing with IPv6
[    1.051907] In-situ OAM (IOAM) with IPv6
[    1.052427] sit: IPv6, IPv4 and MPLS over IPv4 tunneling driver
[    1.061264] NET: Registered PF_PACKET protocol family
[    1.070712] 9pnet: Installing 9P2000 support
[    1.071387] Key type dns_resolver registered
[    1.127766] registered taskstats version 1
[    1.130182] Loading compiled-in X.509 certificates
[    1.214370] Demotion targets for Node 0: null
[    1.215548] Key type .fscrypt registered
[    1.215707] Key type fscrypt-provisioning registered
[    1.226514] ima: No TPM chip found, activating TPM-bypass!
[    1.226764] ima: Allocated hash algorithm: sha1
[    1.228583] ima: No architecture policies found
[    1.232790] clk: Disabling unused clocks
[    1.233101] PM: genpd: Disabling unused power domains
[    1.233334] ALSA device list:
[    1.233490]   No soundcards found.
[    1.423604] Freeing initrd memory: 12372K
[    1.501122] Freeing unused kernel image (initmem) memory: 9196K
[    1.502430] Run /init as init process
{"status":"SKIP","hwprobe_result":0,"errno":0,"features":255904807846412539}
[    1.549738] Kernel panic - not syncing: Attempted to kill init! exitcode=0x00004d00
[    1.550325] CPU: 0 UID: 0 PID: 1 Comm: init Not tainted 6.18.52 #1-NixOS PREEMPTLAZY
[    1.550559] Hardware name: riscv-virtio,qemu (DT)
[    1.550738] Call Trace:
[    1.550868] [<ffffffff8001c2f8>] dump_backtrace+0x28/0x38
[    1.551200] [<ffffffff8000257a>] show_stack+0x3a/0x48
[    1.551324] [<ffffffff80014b72>] dump_stack_lvl+0x5a/0x80
[    1.551454] [<ffffffff80014bb0>] dump_stack+0x18/0x20
[    1.551576] [<ffffffff80002d1e>] vpanic+0xf6/0x318
[    1.551691] [<ffffffff80002f7e>] panic+0x3e/0x40
[    1.551803] [<ffffffff80038bdc>] do_exit+0x96c/0x980
[    1.551933] [<ffffffff80038dc2>] do_group_exit+0x2a/0xa8
[    1.552061] [<ffffffff80038e62>] __riscv_sys_exit_group+0x22/0x30
[    1.552203] [<ffffffff80f09b66>] do_trap_ecall_u+0x396/0x470
[    1.552341] [<ffffffff80f18d24>] handle_exception+0x154/0x160
[    1.552709] Kernel Offset: 0x0 from 0xffffffff80000000
