these 53 derivations will be built:
  /nix/store/18x35qjqkm91p3qhhnxp01mf4n2x2mwq-crate-zune-core-0.5.3.tar.gz.drv
  /nix/store/0p8lzyc7xg02zbbxyj6k4lqpyvkx3mp4-zune-core-0.5.3.drv
  /nix/store/12dbkvik7fp83ldyf0d4hsl2izmjy2ih-quick-error-2.0.1.drv
  /nix/store/19m5h3fh7smffry1dndc8pnzy7db0n9f-smithay-client-toolkit-0.20.0.drv
  /nix/store/1apamnflpm9pjlkl97ih4yzcp8a1dbf0-pango-0.21.5.drv
  /nix/store/c2pshwa1msyfna4p4wish7l06wdj2ay1-crate-find-msvc-tools-0.1.13.tar.gz.drv
  /nix/store/2z5dj3mw6s00kjd71rh7ik21ph0c2gz7-find-msvc-tools-0.1.13.drv
  /nix/store/3axgjggxq8hmr7xxk16g17lsgsxfknvk-crate-pxfm-0.1.30.tar.gz.drv
  /nix/store/3fwllvd45hazd47yh8zwcyf569gfm45p-crate-memmap2-0.9.11.tar.gz.drv
  /nix/store/3hhvb81jr6n8vbnzphcaxmbhk21zqb6x-crate-wayland-protocols-experimental-20250721.0.1.tar.gz.drv
  /nix/store/3knndg2fwqqdh34fn39fr3n6p14x34wp-miniz_oxide-0.9.1.drv
  /nix/store/rgw271xvxgqfykfw7b6815l8zm1sq08m-crate-pangocairo-0.21.5.tar.gz.drv
  /nix/store/43qwcfjm0pb1nhkimkycrr8p71dlj0w7-pangocairo-0.21.5.drv
  /nix/store/4f0s34fsbdmygxpb78z33245krp3fzxy-thiserror-impl-2.0.21.drv
  /nix/store/4sb4gsdl2f2vv59flhxbg1h576knka1c-crate-wayland-backend-0.3.17.tar.gz.drv
  /nix/store/4z6b3xjbb4dr4fqh64hr0rv70kad2x5f-toml_writer-1.1.2+spec-1.1.0.drv
  /nix/store/6fhvd1adfcdv9b0v2zzmki7nha90d31g-memmap2-0.9.11.drv
  /nix/store/6z92amgangd432q7jkqwgbdbzhl0kvnm-crate-cursor-icon-1.2.0.tar.gz.drv
  /nix/store/76cbc32i7jadykj9bmcrr0asf4s0vm98-cursor-icon-1.2.0.drv
  /nix/store/8i51bybbyf546d7wij2ih4chjhnikv26-gio-sys-0.21.5.drv
  /nix/store/x14wri7fsv55kx1ysvxadwi7hv02wzqd-crate-wayland-client-0.31.11.tar.gz.drv
  /nix/store/8zx9986gs4im0rb8qpkrxhp5xl9550fl-wayland-client-0.31.11.drv
  /nix/store/9rzjvb26p0bmirzm5ss86nz50ldn80wj-crate-pangocairo-sys-0.21.5.tar.gz.drv
  /nix/store/9z5ml52dmsxpfxw9c9547qcgr432sxw1-pango-sys-0.21.5.drv
  /nix/store/ahc6p8rff5fxgi0x2w7mnj3d7dy5f138-bytemuck_derive-1.12.1.drv
  /nix/store/d7gvcaxrqq5xn60a9c0qxs5c7jmpay0q-crate-pkg-config-0.3.34.tar.gz.drv
  /nix/store/akp7hwcj8bni1228xcbnvaf2a29ij39f-pkg-config-0.3.34.drv
  /nix/store/apzdp8hgf8aac8qiq3al2njw2vf2895a-crate-glib-macros-0.21.5.tar.gz.drv
  /nix/store/b1h749z7i6k9wbyjsirymrygp6labsr1-futures-macro-0.3.34.drv
  /nix/store/b9wli3brvgj2z7dnqgrp8dbf3whgspxa-glib-macros-0.21.5.drv
  /nix/store/bgzvrqijylsn2zs5h36d8849xq9zwms9-futures-executor-0.3.34.drv
  /nix/store/c2w2hyz1bafrkmd2pwkval2l05ssy7af-crate-gif-0.14.2.tar.gz.drv
  /nix/store/d3hx03ckyn7wj9ahga8j7x9d2h3vfdwh-image-webp-0.2.4.drv
  /nix/store/dzmk7lym2fdrfsig0sis9szcsb82lqn7-pangocairo-sys-0.21.5.drv
  /nix/store/f4khik7gmjami703hw2dabys9nl94fps-typenum-1.20.1.drv
  /nix/store/fzqxxbm1g2h6lq2i6lcw6s9agc8zxnxy-crate-indexmap-2.14.2.tar.gz.drv
  /nix/store/hl9bxk6nl8rc8ik3x769qv65p9d2hs4f-simd-adler32-0.3.10.drv
  /nix/store/imj6k76jcja5viax4wlg7cf8fxw81i2z-gif-0.14.2.drv
  /nix/store/inbvsvgwsvmyr8z5qcmlj1j1wkr2rcwf-wayland-protocols-wlr-0.3.9.drv
  /nix/store/jg3zigjysc0b2nfdkk51b19rjgln15sg-wayland-csd-frame-0.3.0.drv
  /nix/store/lgh57yns41kq15kvk458jq1pvia9f2g8-crate-cairo-rs-0.21.5.tar.gz.drv
  /nix/store/lgk5kxj3zp2xzk17ihbrg98vgy3j5rf2-wayland-protocols-misc-0.3.9.drv
  /nix/store/lknifypi4041vrcp9slfm0rnd16fcwy2-crc32fast-1.5.2.drv
  /nix/store/lsqnx3376xqk0nxv9q2lw0qj3af4y236-indexmap-2.14.2.drv
  /nix/store/m3dwrvxjdyqqzj68ck1wrm0p2ivgy94i-cairo-rs-0.21.5.drv
  /nix/store/nh7cbcw3mc80v6c966k8k3ic1mmrlmfc-gobject-sys-0.21.5.drv
  /nix/store/py6s9faxw66rqhnv8nlv5f3mdp145mbj-wayland-protocols-experimental-20250721.0.1.drv
  /nix/store/qcdnjx7hl8fya5zq0hzif90cv9hyi8q5-xkbcommon-0.8.0.drv
  /nix/store/rannz55n7609crxm2b2d7ad22fv48992-wayland-backend-0.3.17.drv
  /nix/store/x1fhv79nnbhbvn681j6r5wa3yazxnkhi-futures-channel-0.3.34.drv
  /nix/store/z0kxd3rdds7yi3xh30zy59hp1979sp2b-pxfm-0.1.30.drv
  /nix/store/ndndgqk1xmnhi8xiy7smf2ckkh2qr1sy-cargo-vendor-dir.drv
  /nix/store/pgjcylwpbm5b7mjxljspzph0721m7fy2-k230-shell-rust-riscv64-unknown-linux-gnu-0.1.0.drv
these 56 paths will be fetched (6.6 MiB download, 39.5 MiB unpacked):
  /nix/store/jqizlcphy4hx2b8j9zljx4jc43pgxgy5-autocfg-1.5.1
  /nix/store/p0mmmrh43157p0vxn5b1gkgsxs7r42hi-bitflags-2.13.2
  /nix/store/njv928bnlqayj6s24vz8iwf2dixm7z45-block-buffer-0.10.4
  /nix/store/b06gvc0vh8h577wxnk4q0ahhbdcyn680-cargo-build-hook.sh
  /nix/store/2ki4shfpvv6bhfxz7i2bfry6b3dm8ymz-cargo-install-hook.sh
  /nix/store/49x169gdwsllfqs8nmb8qkqs5r0f86n1-color_quant-1.1.0
  /nix/store/9599in7062jg1lpambdppf6fyiwqn43r-cpufeatures-0.2.17
  /nix/store/4vq4dnn5ir7m9v6awkwgy6ya1wcvq7rg-crate-futures-channel-0.3.34.tar.gz
  /nix/store/c744sls4q3ky124gkk8iwfqp0kj4gmxf-crate-image-webp-0.2.4.tar.gz
  /nix/store/3sdrxb4dxv97b59x8a2wmbv079pssjbl-crate-quick-error-2.0.1.tar.gz
  /nix/store/6swxvw2jra90np6wiamqvx4f0sr3yxcp-crate-toml_writer-1.1.2+spec-1.1.0.tar.gz
  /nix/store/jlmdrcikb3jkwldhkyzidaiqzpfvdz5g-crate-xkbcommon-0.8.0.tar.gz
  /nix/store/x7gq8fjgd78sfqxbhgqlz3nclf4cmxlp-crypto-common-0.1.7
  /nix/store/sihkj5n2clcwp0xak1ny2zlwbnr9ll9d-curl-8.22.0
  /nix/store/wfp6pwbfbx6i4i91f2cslyi52l0lyxjg-curl-8.22.0-bin
  /nix/store/gfz8rpcd61fw2lc08wsh3p6zkl00mgv1-curl-8.22.0-dev
  /nix/store/f9rvx8k8i9v6ks7f6s4qzkn6wxj1n35w-curl-8.22.0-man
  /nix/store/qbwinfx6d0mrvvrsnz3lmssvs4b53ckz-digest-0.10.7
  /nix/store/bllbw1g4dqdqw9gykxpkz9z2nk5mih5w-errno-0.3.14
  /nix/store/r2xzp9jpvss93q64zviknxhjva5vgsj9-fdeflate-0.3.7
  /nix/store/3glswqzxxxq1i1ci10ng2hryd9y5y92c-futures-core-0.3.34
  /nix/store/mgvzcmzrn2rcnfzg14l11w7r4ha679l4-futures-task-0.3.34
  /nix/store/sbgkbqjqsnv050pq3yvr6q1l2vgwyp50-generic-array-0.14.7
  /nix/store/5n9a2binwzdh6jbdkxa7s3c5416sqgv6-hashbrown-0.17.1
  /nix/store/iby66pnd8x1hzbcsadk2zzqd705sdyjc-heck-0.5.0
  /nix/store/58j515rahbniwhxbr4bh6yzhy0v6j1rj-image-0.25.10
  /nix/store/h532sni7byvancbp77r3blhjj14b7khd-krb5-1.22.2
  /nix/store/8yjpimn4kvpwzr7lj3l97k9iib1qwxfh-krb5-1.22.2-dev
  /nix/store/k88w5gs8n850cwm9agc0bna4awxsddzp-krb5-1.22.2-lib
  /nix/store/3ggn8ircmlw3sb9hdfg3xralqc7isywd-libssh2-1.11.1
  /nix/store/cwpnwphsymvh4dlmydryndlar0ci8mp0-libssh2-1.11.1-dev
  /nix/store/n18hh1b97w9ldybd3l0argziifn3rbh0-linux-raw-sys-0.11.0
  /nix/store/z8pn8p6d8dfh6dhx03pspd1lbpd41v73-miniz_oxide-0.8.9
  /nix/store/s24wz287n7619f0sn2x9085lgwvqq1bk-moxcms-0.8.1
  /nix/store/6zyyljmsm2f5cpp13x386ajqdfsprsig-nghttp2-1.70.0-dev
  /nix/store/fhavh1i1643aw22afl426qr2kzcikpsa-num-traits-0.2.19
  /nix/store/ld12llamdxx5m5gi40jipihxshnypz6g-openssl-3.6.4-bin
  /nix/store/zh4ns9db9vnq3gi42k0rgpr6sc7l12a5-openssl-3.6.4-dev
  /nix/store/q8kk7n1bz5yfk4gkah3xbds63jgdb9xq-pin-project-lite-0.2.17
  /nix/store/fy6gghmassrdw6pis4h8snr1s7bj061q-proc-macro-crate-3.5.0
  /nix/store/zv7vq6hd4879p6dx05f9fq5mrgafd6a5-quick-xml-0.41.0
  /nix/store/ryr01xlvnd1l5iq9sbc0ishdv9g26k3r-quote-1.0.47
  /nix/store/8s370ql1j5wg33l9ndprgy3giqhb004m-serde-1.0.228
  /nix/store/md1fqb0ly9w5b45a0zmflmrz23ffg87h-serde_spanned-1.1.1
  /nix/store/0pafpqhn1wwdf1ad10x3d4abf1n119z1-slab-0.4.12
  /nix/store/0j349vhy1phijr9qd0pdj4cyb5srrl09-smallvec-1.16.1
  /nix/store/wd95xl4i1vy6djx6ksg8pr9f3qmw2lk8-syn-2.0.119
  /nix/store/g4idsrk8ih9pk9l5s376qmxkfpy6kf0z-syn-3.0.6
  /nix/store/zraqvrslryynknwgfa53z9pkqykbl0xv-target-lexicon-0.13.5
  /nix/store/06ry32rb3a9gr4y15sy5d2hfkvl3mywz-unicode-ident-1.0.26
  /nix/store/0x9m1aspbyxc0ar1x612k55dgiyqahs0-version-compare-0.2.1
  /nix/store/qms4ncnkhhbm2kh029vjs04yxp2dkjjk-wayland-scanner-0.31.11
  /nix/store/vnwnyyy7rcgf4s3rkpyil2nciwyqyg13-weezl-0.1.12
  /nix/store/bgn7jg7ymq087hb89jbisbv44zzg2zx3-windows-link-0.2.1
  /nix/store/qrw6q1r5nwp7jaaf1a5za2xsbqv61b53-winnow-1.0.4
  /nix/store/b7sxzv9yzjlzlwrlpdgrxgh6lsgic02i-zmij-1.0.23
copying path '/nix/store/2ki4shfpvv6bhfxz7i2bfry6b3dm8ymz-cargo-install-hook.sh' from 'https://cache.nixos.org'...
copying path '/nix/store/b06gvc0vh8h577wxnk4q0ahhbdcyn680-cargo-build-hook.sh' from 'https://cache.nixos.org'...
copying path '/nix/store/jqizlcphy4hx2b8j9zljx4jc43pgxgy5-autocfg-1.5.1' from 'https://cache.nixos.org'...
copying path '/nix/store/p0mmmrh43157p0vxn5b1gkgsxs7r42hi-bitflags-2.13.2' from 'https://cache.nixos.org'...
copying path '/nix/store/njv928bnlqayj6s24vz8iwf2dixm7z45-block-buffer-0.10.4' from 'https://cache.nixos.org'...
copying path '/nix/store/49x169gdwsllfqs8nmb8qkqs5r0f86n1-color_quant-1.1.0' from 'https://cache.nixos.org'...
copying path '/nix/store/9599in7062jg1lpambdppf6fyiwqn43r-cpufeatures-0.2.17' from 'https://cache.nixos.org'...
copying path '/nix/store/x7gq8fjgd78sfqxbhgqlz3nclf4cmxlp-crypto-common-0.1.7' from 'https://cache.nixos.org'...
copying path '/nix/store/qbwinfx6d0mrvvrsnz3lmssvs4b53ckz-digest-0.10.7' from 'https://cache.nixos.org'...
copying path '/nix/store/bllbw1g4dqdqw9gykxpkz9z2nk5mih5w-errno-0.3.14' from 'https://cache.nixos.org'...
copying path '/nix/store/r2xzp9jpvss93q64zviknxhjva5vgsj9-fdeflate-0.3.7' from 'https://cache.nixos.org'...
copying path '/nix/store/3glswqzxxxq1i1ci10ng2hryd9y5y92c-futures-core-0.3.34' from 'https://cache.nixos.org'...
copying path '/nix/store/mgvzcmzrn2rcnfzg14l11w7r4ha679l4-futures-task-0.3.34' from 'https://cache.nixos.org'...
copying path '/nix/store/5n9a2binwzdh6jbdkxa7s3c5416sqgv6-hashbrown-0.17.1' from 'https://cache.nixos.org'...
copying path '/nix/store/sbgkbqjqsnv050pq3yvr6q1l2vgwyp50-generic-array-0.14.7' from 'https://cache.nixos.org'...
copying path '/nix/store/iby66pnd8x1hzbcsadk2zzqd705sdyjc-heck-0.5.0' from 'https://cache.nixos.org'...
building '/nix/store/ahc6p8rff5fxgi0x2w7mnj3d7dy5f138-bytemuck_derive-1.12.1.drv'...
copying path '/nix/store/4vq4dnn5ir7m9v6awkwgy6ya1wcvq7rg-crate-futures-channel-0.3.34.tar.gz' from 'https://cache.nixos.org'...
copying path '/nix/store/c744sls4q3ky124gkk8iwfqp0kj4gmxf-crate-image-webp-0.2.4.tar.gz' from 'https://cache.nixos.org'...
copying path '/nix/store/6swxvw2jra90np6wiamqvx4f0sr3yxcp-crate-toml_writer-1.1.2+spec-1.1.0.tar.gz' from 'https://cache.nixos.org'...
copying path '/nix/store/3sdrxb4dxv97b59x8a2wmbv079pssjbl-crate-quick-error-2.0.1.tar.gz' from 'https://cache.nixos.org'...
copying path '/nix/store/58j515rahbniwhxbr4bh6yzhy0v6j1rj-image-0.25.10' from 'https://cache.nixos.org'...
copying path '/nix/store/jlmdrcikb3jkwldhkyzidaiqzpfvdz5g-crate-xkbcommon-0.8.0.tar.gz' from 'https://cache.nixos.org'...
copying path '/nix/store/n18hh1b97w9ldybd3l0argziifn3rbh0-linux-raw-sys-0.11.0' from 'https://cache.nixos.org'...
copying path '/nix/store/z8pn8p6d8dfh6dhx03pspd1lbpd41v73-miniz_oxide-0.8.9' from 'https://cache.nixos.org'...
copying path '/nix/store/s24wz287n7619f0sn2x9085lgwvqq1bk-moxcms-0.8.1' from 'https://cache.nixos.org'...
copying path '/nix/store/8s370ql1j5wg33l9ndprgy3giqhb004m-serde-1.0.228' from 'https://cache.nixos.org'...
copying path '/nix/store/0j349vhy1phijr9qd0pdj4cyb5srrl09-smallvec-1.16.1' from 'https://cache.nixos.org'...
copying path '/nix/store/fhavh1i1643aw22afl426qr2kzcikpsa-num-traits-0.2.19' from 'https://cache.nixos.org'...
copying path '/nix/store/q8kk7n1bz5yfk4gkah3xbds63jgdb9xq-pin-project-lite-0.2.17' from 'https://cache.nixos.org'...
copying path '/nix/store/md1fqb0ly9w5b45a0zmflmrz23ffg87h-serde_spanned-1.1.1' from 'https://cache.nixos.org'...
copying path '/nix/store/0pafpqhn1wwdf1ad10x3d4abf1n119z1-slab-0.4.12' from 'https://cache.nixos.org'...
copying path '/nix/store/fy6gghmassrdw6pis4h8snr1s7bj061q-proc-macro-crate-3.5.0' from 'https://cache.nixos.org'...
copying path '/nix/store/6zyyljmsm2f5cpp13x386ajqdfsprsig-nghttp2-1.70.0-dev' from 'https://cache.nixos.org'...
copying path '/nix/store/f9rvx8k8i9v6ks7f6s4qzkn6wxj1n35w-curl-8.22.0-man' from 'https://cache.nixos.org'...
building '/nix/store/hl9bxk6nl8rc8ik3x769qv65p9d2hs4f-simd-adler32-0.3.10.drv'...
copying path '/nix/store/k88w5gs8n850cwm9agc0bna4awxsddzp-krb5-1.22.2-lib' from 'https://cache.nixos.org'...
copying path '/nix/store/3ggn8ircmlw3sb9hdfg3xralqc7isywd-libssh2-1.11.1' from 'https://cache.nixos.org'...
copying path '/nix/store/ld12llamdxx5m5gi40jipihxshnypz6g-openssl-3.6.4-bin' from 'https://cache.nixos.org'...
copying path '/nix/store/ryr01xlvnd1l5iq9sbc0ishdv9g26k3r-quote-1.0.47' from 'https://cache.nixos.org'...
copying path '/nix/store/zraqvrslryynknwgfa53z9pkqykbl0xv-target-lexicon-0.13.5' from 'https://cache.nixos.org'...
copying path '/nix/store/zv7vq6hd4879p6dx05f9fq5mrgafd6a5-quick-xml-0.41.0' from 'https://cache.nixos.org'...
copying path '/nix/store/vnwnyyy7rcgf4s3rkpyil2nciwyqyg13-weezl-0.1.12' from 'https://cache.nixos.org'...
copying path '/nix/store/0x9m1aspbyxc0ar1x612k55dgiyqahs0-version-compare-0.2.1' from 'https://cache.nixos.org'...
copying path '/nix/store/b7sxzv9yzjlzlwrlpdgrxgh6lsgic02i-zmij-1.0.23' from 'https://cache.nixos.org'...
copying path '/nix/store/06ry32rb3a9gr4y15sy5d2hfkvl3mywz-unicode-ident-1.0.26' from 'https://cache.nixos.org'...
copying path '/nix/store/wd95xl4i1vy6djx6ksg8pr9f3qmw2lk8-syn-2.0.119' from 'https://cache.nixos.org'...
copying path '/nix/store/g4idsrk8ih9pk9l5s376qmxkfpy6kf0z-syn-3.0.6' from 'https://cache.nixos.org'...
copying path '/nix/store/qms4ncnkhhbm2kh029vjs04yxp2dkjjk-wayland-scanner-0.31.11' from 'https://cache.nixos.org'...
copying path '/nix/store/bgn7jg7ymq087hb89jbisbv44zzg2zx3-windows-link-0.2.1' from 'https://cache.nixos.org'...
copying path '/nix/store/qrw6q1r5nwp7jaaf1a5za2xsbqv61b53-winnow-1.0.4' from 'https://cache.nixos.org'...
building '/nix/store/19m5h3fh7smffry1dndc8pnzy7db0n9f-smithay-client-toolkit-0.20.0.drv'...
building '/nix/store/4f0s34fsbdmygxpb78z33245krp3fzxy-thiserror-impl-2.0.21.drv'...
building '/nix/store/f4khik7gmjami703hw2dabys9nl94fps-typenum-1.20.1.drv'...
copying path '/nix/store/sihkj5n2clcwp0xak1ny2zlwbnr9ll9d-curl-8.22.0' from 'https://cache.nixos.org'...
copying path '/nix/store/h532sni7byvancbp77r3blhjj14b7khd-krb5-1.22.2' from 'https://cache.nixos.org'...
building '/nix/store/jg3zigjysc0b2nfdkk51b19rjgln15sg-wayland-csd-frame-0.3.0.drv'...
copying path '/nix/store/zh4ns9db9vnq3gi42k0rgpr6sc7l12a5-openssl-3.6.4-dev' from 'https://cache.nixos.org'...
building '/nix/store/12dbkvik7fp83ldyf0d4hsl2izmjy2ih-quick-error-2.0.1.drv'...
building '/nix/store/lgk5kxj3zp2xzk17ihbrg98vgy3j5rf2-wayland-protocols-misc-0.3.9.drv'...
copying path '/nix/store/wfp6pwbfbx6i4i91f2cslyi52l0lyxjg-curl-8.22.0-bin' from 'https://cache.nixos.org'...
copying path '/nix/store/8yjpimn4kvpwzr7lj3l97k9iib1qwxfh-krb5-1.22.2-dev' from 'https://cache.nixos.org'...
copying path '/nix/store/cwpnwphsymvh4dlmydryndlar0ci8mp0-libssh2-1.11.1-dev' from 'https://cache.nixos.org'...
building '/nix/store/inbvsvgwsvmyr8z5qcmlj1j1wkr2rcwf-wayland-protocols-wlr-0.3.9.drv'...
copying path '/nix/store/gfz8rpcd61fw2lc08wsh3p6zkl00mgv1-curl-8.22.0-dev' from 'https://cache.nixos.org'...
building '/nix/store/qcdnjx7hl8fya5zq0hzif90cv9hyi8q5-xkbcommon-0.8.0.drv'...
building '/nix/store/c2pshwa1msyfna4p4wish7l06wdj2ay1-crate-find-msvc-tools-0.1.13.tar.gz.drv'...
building '/nix/store/18x35qjqkm91p3qhhnxp01mf4n2x2mwq-crate-zune-core-0.5.3.tar.gz.drv'...
building '/nix/store/9rzjvb26p0bmirzm5ss86nz50ldn80wj-crate-pangocairo-sys-0.21.5.tar.gz.drv'...
building '/nix/store/d7gvcaxrqq5xn60a9c0qxs5c7jmpay0q-crate-pkg-config-0.3.34.tar.gz.drv'...
building '/nix/store/4sb4gsdl2f2vv59flhxbg1h576knka1c-crate-wayland-backend-0.3.17.tar.gz.drv'...
building '/nix/store/3axgjggxq8hmr7xxk16g17lsgsxfknvk-crate-pxfm-0.1.30.tar.gz.drv'...
building '/nix/store/x14wri7fsv55kx1ysvxadwi7hv02wzqd-crate-wayland-client-0.31.11.tar.gz.drv'...
building '/nix/store/3hhvb81jr6n8vbnzphcaxmbhk21zqb6x-crate-wayland-protocols-experimental-20250721.0.1.tar.gz.drv'...
building '/nix/store/rgw271xvxgqfykfw7b6815l8zm1sq08m-crate-pangocairo-0.21.5.tar.gz.drv'...
building '/nix/store/3fwllvd45hazd47yh8zwcyf569gfm45p-crate-memmap2-0.9.11.tar.gz.drv'...
building '/nix/store/fzqxxbm1g2h6lq2i6lcw6s9agc8zxnxy-crate-indexmap-2.14.2.tar.gz.drv'...
building '/nix/store/6fhvd1adfcdv9b0v2zzmki7nha90d31g-memmap2-0.9.11.drv'...
building '/nix/store/lsqnx3376xqk0nxv9q2lw0qj3af4y236-indexmap-2.14.2.drv'...
building '/nix/store/2z5dj3mw6s00kjd71rh7ik21ph0c2gz7-find-msvc-tools-0.1.13.drv'...
building '/nix/store/apzdp8hgf8aac8qiq3al2njw2vf2895a-crate-glib-macros-0.21.5.tar.gz.drv'...
building '/nix/store/c2w2hyz1bafrkmd2pwkval2l05ssy7af-crate-gif-0.14.2.tar.gz.drv'...
building '/nix/store/b9wli3brvgj2z7dnqgrp8dbf3whgspxa-glib-macros-0.21.5.drv'...
building '/nix/store/imj6k76jcja5viax4wlg7cf8fxw81i2z-gif-0.14.2.drv'...
building '/nix/store/x1fhv79nnbhbvn681j6r5wa3yazxnkhi-futures-channel-0.3.34.drv'...
building '/nix/store/d3hx03ckyn7wj9ahga8j7x9d2h3vfdwh-image-webp-0.2.4.drv'...
building '/nix/store/9z5ml52dmsxpfxw9c9547qcgr432sxw1-pango-sys-0.21.5.drv'...
building '/nix/store/1apamnflpm9pjlkl97ih4yzcp8a1dbf0-pango-0.21.5.drv'...
building '/nix/store/6z92amgangd432q7jkqwgbdbzhl0kvnm-crate-cursor-icon-1.2.0.tar.gz.drv'...
building '/nix/store/lgh57yns41kq15kvk458jq1pvia9f2g8-crate-cairo-rs-0.21.5.tar.gz.drv'...
building '/nix/store/76cbc32i7jadykj9bmcrr0asf4s0vm98-cursor-icon-1.2.0.drv'...
building '/nix/store/m3dwrvxjdyqqzj68ck1wrm0p2ivgy94i-cairo-rs-0.21.5.drv'...
building '/nix/store/3knndg2fwqqdh34fn39fr3n6p14x34wp-miniz_oxide-0.9.1.drv'...
building '/nix/store/43qwcfjm0pb1nhkimkycrr8p71dlj0w7-pangocairo-0.21.5.drv'...
building '/nix/store/dzmk7lym2fdrfsig0sis9szcsb82lqn7-pangocairo-sys-0.21.5.drv'...
building '/nix/store/akp7hwcj8bni1228xcbnvaf2a29ij39f-pkg-config-0.3.34.drv'...
building '/nix/store/z0kxd3rdds7yi3xh30zy59hp1979sp2b-pxfm-0.1.30.drv'...
building '/nix/store/nh7cbcw3mc80v6c966k8k3ic1mmrlmfc-gobject-sys-0.21.5.drv'...
building '/nix/store/8i51bybbyf546d7wij2ih4chjhnikv26-gio-sys-0.21.5.drv'...
building '/nix/store/b1h749z7i6k9wbyjsirymrygp6labsr1-futures-macro-0.3.34.drv'...
building '/nix/store/4z6b3xjbb4dr4fqh64hr0rv70kad2x5f-toml_writer-1.1.2+spec-1.1.0.drv'...
building '/nix/store/bgzvrqijylsn2zs5h36d8849xq9zwms9-futures-executor-0.3.34.drv'...
building '/nix/store/rannz55n7609crxm2b2d7ad22fv48992-wayland-backend-0.3.17.drv'...
building '/nix/store/8zx9986gs4im0rb8qpkrxhp5xl9550fl-wayland-client-0.31.11.drv'...
building '/nix/store/lknifypi4041vrcp9slfm0rnd16fcwy2-crc32fast-1.5.2.drv'...
building '/nix/store/py6s9faxw66rqhnv8nlv5f3mdp145mbj-wayland-protocols-experimental-20250721.0.1.drv'...
building '/nix/store/0p8lzyc7xg02zbbxyj6k4lqpyvkx3mp4-zune-core-0.5.3.drv'...
building '/nix/store/ndndgqk1xmnhi8xiy7smf2ckkh2qr1sy-cargo-vendor-dir.drv'...
building '/nix/store/pgjcylwpbm5b7mjxljspzph0721m7fy2-k230-shell-rust-riscv64-unknown-linux-gnu-0.1.0.drv'...
/nix/store/x69mg9sdfbk6m3m25gi80f2s083c7nwk-k230-shell-rust-riscv64-unknown-linux-gnu-0.1.0
